Namespace(batch_size=32, class_choice=None, dataset='shapenetpart', dropout=0.5, emb_dims=1024, epochs=200, eval=False, exp_name='regression_0819_tl', k=40, learnweight='transfer', lr=0.0001, model='dgcnn_regression', model_path='pretrained/model.partseg.t7', momentum=0.9, no_cuda=False, num_points=4096, scheduler='cos', seed=1, test_batch_size=16, use_sgd=True, visu='', visu_format='ply')
Using GPU : 0 from 1 devices
Transfer learning enabled
Epoch 0 Train Loss: 6.952692
Epoch 0 Test Loss: 8.873747
Saved best model to outputs/regression_0819_tl/models/model.t7
Epoch 1 Train Loss: 2.593463
Epoch 1 Test Loss: 12.711596
Epoch 2 Train Loss: 2.817035
Epoch 2 Test Loss: 21.877840
Epoch 3 Train Loss: 4.892097
Epoch 3 Test Loss: 44.451439
Epoch 4 Train Loss: 3.295152
Epoch 4 Test Loss: 41.447243
Epoch 5 Train Loss: 1.763571
Epoch 5 Test Loss: 13.739220
Epoch 6 Train Loss: 2.898350
Epoch 6 Test Loss: 6.307342
Saved best model to outputs/regression_0819_tl/models/model.t7
Epoch 7 Train Loss: 3.535315
Epoch 7 Test Loss: 14.239833
Epoch 8 Train Loss: 2.106983
Epoch 8 Test Loss: 37.286072
Epoch 9 Train Loss: 1.706676
Epoch 9 Test Loss: 52.703468
Epoch 10 Train Loss: 2.654369
Epoch 10 Test Loss: 40.459755
Epoch 11 Train Loss: 2.452964
Epoch 11 Test Loss: 19.209881
Epoch 12 Train Loss: 1.565076
Epoch 12 Test Loss: 6.648767
Epoch 13 Train Loss: 1.745279
Epoch 13 Test Loss: 3.575128
Saved best model to outputs/regression_0819_tl/models/model.t7
Epoch 14 Train Loss: 2.200220
Epoch 14 Test Loss: 4.183004
Epoch 15 Train Loss: 1.819004
Epoch 15 Test Loss: 7.328218
Epoch 16 Train Loss: 1.466057
Epoch 16 Test Loss: 10.905699
Epoch 17 Train Loss: 1.691951
Epoch 17 Test Loss: 11.056095
Epoch 18 Train Loss: 1.727297
Epoch 18 Test Loss: 7.413820
Epoch 19 Train Loss: 1.465794
Epoch 19 Test Loss: 3.698103
Epoch 20 Train Loss: 1.424997
Epoch 20 Test Loss: 1.970303
Saved best model to outputs/regression_0819_tl/models/model.t7
Epoch 21 Train Loss: 1.532975
Epoch 21 Test Loss: 1.472342
Saved best model to outputs/regression_0819_tl/models/model.t7
Epoch 22 Train Loss: 1.448764
Epoch 22 Test Loss: 1.440041
Saved best model to outputs/regression_0819_tl/models/model.t7
Epoch 23 Train Loss: 1.300843
Epoch 23 Test Loss: 1.751820
Epoch 24 Train Loss: 1.281717
Epoch 24 Test Loss: 2.043788
Epoch 25 Train Loss: 1.336299
Epoch 25 Test Loss: 1.956257
Epoch 26 Train Loss: 1.304561
Epoch 26 Test Loss: 1.635967
Epoch 27 Train Loss: 1.222884
Epoch 27 Test Loss: 1.365967
Saved best model to outputs/regression_0819_tl/models/model.t7
Epoch 28 Train Loss: 1.164310
Epoch 28 Test Loss: 1.268179
Saved best model to outputs/regression_0819_tl/models/model.t7
Epoch 29 Train Loss: 1.173281
Epoch 29 Test Loss: 1.249530
Saved best model to outputs/regression_0819_tl/models/model.t7
Epoch 30 Train Loss: 1.176114
Epoch 30 Test Loss: 1.288607
Epoch 31 Train Loss: 1.124479
Epoch 31 Test Loss: 1.358999
Epoch 32 Train Loss: 1.097293
Epoch 32 Test Loss: 1.431035
Epoch 33 Train Loss: 1.080481
Epoch 33 Test Loss: 1.443655
Epoch 34 Train Loss: 1.061374
Epoch 34 Test Loss: 1.435106
Epoch 35 Train Loss: 1.042775
Epoch 35 Test Loss: 1.396285
Epoch 36 Train Loss: 1.033182
Epoch 36 Test Loss: 1.348014
Epoch 37 Train Loss: 1.026104
Epoch 37 Test Loss: 1.343719
Epoch 38 Train Loss: 0.994101
Epoch 38 Test Loss: 1.367736
Epoch 39 Train Loss: 0.959250
Epoch 39 Test Loss: 1.381111
Epoch 40 Train Loss: 0.972020
Epoch 40 Test Loss: 1.390459
Epoch 41 Train Loss: 0.963286
Epoch 41 Test Loss: 1.386687
Epoch 42 Train Loss: 0.948656
Epoch 42 Test Loss: 1.393438
Epoch 43 Train Loss: 0.927567
Epoch 43 Test Loss: 1.391607
Epoch 44 Train Loss: 0.913438
Epoch 44 Test Loss: 1.393298
Epoch 45 Train Loss: 0.911521
Epoch 45 Test Loss: 1.410874
Epoch 46 Train Loss: 0.907730
Epoch 46 Test Loss: 1.409683
Epoch 47 Train Loss: 0.886195
Epoch 47 Test Loss: 1.394264
Epoch 48 Train Loss: 0.877837
Epoch 48 Test Loss: 1.371822
Epoch 49 Train Loss: 0.869589
Epoch 49 Test Loss: 1.353374
Epoch 50 Train Loss: 0.869618
Epoch 50 Test Loss: 1.338640
Epoch 51 Train Loss: 0.852193
Epoch 51 Test Loss: 1.338862
Epoch 52 Train Loss: 0.843567
Epoch 52 Test Loss: 1.348607
Epoch 53 Train Loss: 0.840153
Epoch 53 Test Loss: 1.351271
Epoch 54 Train Loss: 0.833028
Epoch 54 Test Loss: 1.346659
Epoch 55 Train Loss: 0.830953
Epoch 55 Test Loss: 1.348777
Epoch 56 Train Loss: 0.817128
Epoch 56 Test Loss: 1.353926
Epoch 57 Train Loss: 0.809069
Epoch 57 Test Loss: 1.360145
Epoch 58 Train Loss: 0.806497
Epoch 58 Test Loss: 1.368952
Epoch 59 Train Loss: 0.801970
Epoch 59 Test Loss: 1.370323
Epoch 60 Train Loss: 0.793633
Epoch 60 Test Loss: 1.364840
Epoch 61 Train Loss: 0.784925
Epoch 61 Test Loss: 1.359849
Epoch 62 Train Loss: 0.777409
Epoch 62 Test Loss: 1.355795
Epoch 63 Train Loss: 0.781257
Epoch 63 Test Loss: 1.355514
Epoch 64 Train Loss: 0.778070
Epoch 64 Test Loss: 1.359154
Epoch 65 Train Loss: 0.765845
Epoch 65 Test Loss: 1.361232
Epoch 66 Train Loss: 0.769812
Epoch 66 Test Loss: 1.365932
Epoch 67 Train Loss: 0.753959
Epoch 67 Test Loss: 1.366317
Epoch 68 Train Loss: 0.758515
Epoch 68 Test Loss: 1.373852
Epoch 69 Train Loss: 0.759498
Epoch 69 Test Loss: 1.376264
Epoch 70 Train Loss: 0.750295
Epoch 70 Test Loss: 1.381911
Epoch 71 Train Loss: 0.750166
Epoch 71 Test Loss: 1.377525
Epoch 72 Train Loss: 0.739772
Epoch 72 Test Loss: 1.373197
Epoch 73 Train Loss: 0.732334
Epoch 73 Test Loss: 1.368564
Epoch 74 Train Loss: 0.735652
Epoch 74 Test Loss: 1.363639
Epoch 75 Train Loss: 0.738373
Epoch 75 Test Loss: 1.366770
Epoch 76 Train Loss: 0.728651
Epoch 76 Test Loss: 1.373961
Epoch 77 Train Loss: 0.717055
Epoch 77 Test Loss: 1.384944
Epoch 78 Train Loss: 0.715035
Epoch 78 Test Loss: 1.386595
Epoch 79 Train Loss: 0.712752
Epoch 79 Test Loss: 1.389784
Epoch 80 Train Loss: 0.714347
Epoch 80 Test Loss: 1.387963
Epoch 81 Train Loss: 0.717594
Epoch 81 Test Loss: 1.387420
Epoch 82 Train Loss: 0.715742
Epoch 82 Test Loss: 1.384782
Epoch 83 Train Loss: 0.705305
Epoch 83 Test Loss: 1.390301
Epoch 84 Train Loss: 0.705552
Epoch 84 Test Loss: 1.392512
Epoch 85 Train Loss: 0.710384
Epoch 85 Test Loss: 1.398348
Epoch 86 Train Loss: 0.699393
Epoch 86 Test Loss: 1.399395
Epoch 87 Train Loss: 0.697083
Epoch 87 Test Loss: 1.401745
Epoch 88 Train Loss: 0.695103
Epoch 88 Test Loss: 1.401696
Epoch 89 Train Loss: 0.693093
Epoch 89 Test Loss: 1.398015
Epoch 90 Train Loss: 0.692233
Epoch 90 Test Loss: 1.406415
Epoch 91 Train Loss: 0.696439
Epoch 91 Test Loss: 1.404090
Epoch 92 Train Loss: 0.693024
Epoch 92 Test Loss: 1.404739
Epoch 93 Train Loss: 0.685148
Epoch 93 Test Loss: 1.405490
Epoch 94 Train Loss: 0.685298
Epoch 94 Test Loss: 1.403234
Epoch 95 Train Loss: 0.678889
Epoch 95 Test Loss: 1.403957
Epoch 96 Train Loss: 0.677145
Epoch 96 Test Loss: 1.411113
Epoch 97 Train Loss: 0.687444
Epoch 97 Test Loss: 1.404025
Epoch 98 Train Loss: 0.673873
Epoch 98 Test Loss: 1.407490
Epoch 99 Train Loss: 0.680889
Epoch 99 Test Loss: 1.405983
Epoch 100 Train Loss: 0.671579
Epoch 100 Test Loss: 1.407796
Epoch 101 Train Loss: 0.674665
Epoch 101 Test Loss: 1.407907
Epoch 102 Train Loss: 0.662468
Epoch 102 Test Loss: 1.412136
Epoch 103 Train Loss: 0.668947
Epoch 103 Test Loss: 1.414490
Epoch 104 Train Loss: 0.674149
Epoch 104 Test Loss: 1.418806
Epoch 105 Train Loss: 0.672411
Epoch 105 Test Loss: 1.420265
Epoch 106 Train Loss: 0.663368
Epoch 106 Test Loss: 1.423043
Epoch 107 Train Loss: 0.667867
Epoch 107 Test Loss: 1.425596
Epoch 108 Train Loss: 0.663935
Epoch 108 Test Loss: 1.425478
Epoch 109 Train Loss: 0.666119
Epoch 109 Test Loss: 1.430538
Epoch 110 Train Loss: 0.656486
Epoch 110 Test Loss: 1.429609
Epoch 111 Train Loss: 0.666217
Epoch 111 Test Loss: 1.429514
Epoch 112 Train Loss: 0.661333
Epoch 112 Test Loss: 1.427615
Epoch 113 Train Loss: 0.657397
Epoch 113 Test Loss: 1.428978
Epoch 114 Train Loss: 0.648702
Epoch 114 Test Loss: 1.430267
Epoch 115 Train Loss: 0.655101
Epoch 115 Test Loss: 1.435539
Epoch 116 Train Loss: 0.645380
Epoch 116 Test Loss: 1.438732
Epoch 117 Train Loss: 0.652549
Epoch 117 Test Loss: 1.443347
Epoch 118 Train Loss: 0.656085
Epoch 118 Test Loss: 1.443150
Epoch 119 Train Loss: 0.647480
Epoch 119 Test Loss: 1.445243
Epoch 120 Train Loss: 0.649117
Epoch 120 Test Loss: 1.443675
Epoch 121 Train Loss: 0.638590
Epoch 121 Test Loss: 1.443482
Epoch 122 Train Loss: 0.645230
Epoch 122 Test Loss: 1.445385
Epoch 123 Train Loss: 0.642816
Epoch 123 Test Loss: 1.444364
Epoch 124 Train Loss: 0.640266
Epoch 124 Test Loss: 1.447206
Epoch 125 Train Loss: 0.640790
Epoch 125 Test Loss: 1.449778
Epoch 126 Train Loss: 0.641649
Epoch 126 Test Loss: 1.452350
Epoch 127 Train Loss: 0.644522
Epoch 127 Test Loss: 1.454833
Epoch 128 Train Loss: 0.643840
Epoch 128 Test Loss: 1.454853
Epoch 129 Train Loss: 0.639050
Epoch 129 Test Loss: 1.453590
Epoch 130 Train Loss: 0.640096
Epoch 130 Test Loss: 1.454163
Epoch 131 Train Loss: 0.640074
Epoch 131 Test Loss: 1.455386
Epoch 132 Train Loss: 0.636061
Epoch 132 Test Loss: 1.452291
Epoch 133 Train Loss: 0.638716
Epoch 133 Test Loss: 1.452785
Epoch 134 Train Loss: 0.640928
Epoch 134 Test Loss: 1.452355
Epoch 135 Train Loss: 0.637969
Epoch 135 Test Loss: 1.451684
Epoch 136 Train Loss: 0.633771
Epoch 136 Test Loss: 1.453485
Epoch 137 Train Loss: 0.631898
Epoch 137 Test Loss: 1.455601
Epoch 138 Train Loss: 0.633167
Epoch 138 Test Loss: 1.458159
Epoch 139 Train Loss: 0.633449
Epoch 139 Test Loss: 1.461198
Epoch 140 Train Loss: 0.637404
Epoch 140 Test Loss: 1.464680
Epoch 141 Train Loss: 0.635559
Epoch 141 Test Loss: 1.465985
Epoch 142 Train Loss: 0.631692
Epoch 142 Test Loss: 1.467035
Epoch 143 Train Loss: 0.634841
Epoch 143 Test Loss: 1.467330
Epoch 144 Train Loss: 0.625479
Epoch 144 Test Loss: 1.468647
Epoch 145 Train Loss: 0.627293
Epoch 145 Test Loss: 1.469537
Epoch 146 Train Loss: 0.627079
Epoch 146 Test Loss: 1.468979
Epoch 147 Train Loss: 0.629757
Epoch 147 Test Loss: 1.471121
Epoch 148 Train Loss: 0.630025
Epoch 148 Test Loss: 1.470086
Epoch 149 Train Loss: 0.625462
Epoch 149 Test Loss: 1.471151
Epoch 150 Train Loss: 0.623771
Epoch 150 Test Loss: 1.473989
Epoch 151 Train Loss: 0.624853
Epoch 151 Test Loss: 1.472507
Epoch 152 Train Loss: 0.623534
Epoch 152 Test Loss: 1.473084
Epoch 153 Train Loss: 0.625380
Epoch 153 Test Loss: 1.476200
Epoch 154 Train Loss: 0.625409
Epoch 154 Test Loss: 1.474688
Epoch 155 Train Loss: 0.629214
Epoch 155 Test Loss: 1.474641
Epoch 156 Train Loss: 0.622909
Epoch 156 Test Loss: 1.474198
Epoch 157 Train Loss: 0.628120
Epoch 157 Test Loss: 1.472985
Epoch 158 Train Loss: 0.624424
Epoch 158 Test Loss: 1.471700
Epoch 159 Train Loss: 0.621930
Epoch 159 Test Loss: 1.475777
Epoch 160 Train Loss: 0.626667
Epoch 160 Test Loss: 1.472479
Epoch 161 Train Loss: 0.619533
Epoch 161 Test Loss: 1.473135
Epoch 162 Train Loss: 0.621166
Epoch 162 Test Loss: 1.473897
Epoch 163 Train Loss: 0.625459
Epoch 163 Test Loss: 1.475389
Epoch 164 Train Loss: 0.628528
Epoch 164 Test Loss: 1.476304
Epoch 165 Train Loss: 0.625096
Epoch 165 Test Loss: 1.476156
Epoch 166 Train Loss: 0.624480
Epoch 166 Test Loss: 1.478290
Epoch 167 Train Loss: 0.622271
Epoch 167 Test Loss: 1.478678
Epoch 168 Train Loss: 0.620983
Epoch 168 Test Loss: 1.480193
Epoch 169 Train Loss: 0.627797
Epoch 169 Test Loss: 1.478095
Epoch 170 Train Loss: 0.624960
Epoch 170 Test Loss: 1.478703
Epoch 171 Train Loss: 0.624484
Epoch 171 Test Loss: 1.478738
Epoch 172 Train Loss: 0.619782
Epoch 172 Test Loss: 1.479951
Epoch 173 Train Loss: 0.623242
Epoch 173 Test Loss: 1.479500
Epoch 174 Train Loss: 0.615225
Epoch 174 Test Loss: 1.481607
Epoch 175 Train Loss: 0.616262
Epoch 175 Test Loss: 1.482552
Epoch 176 Train Loss: 0.622926
Epoch 176 Test Loss: 1.483220
Epoch 177 Train Loss: 0.616293
Epoch 177 Test Loss: 1.481464
Epoch 178 Train Loss: 0.614005
Epoch 178 Test Loss: 1.477914
Epoch 179 Train Loss: 0.613194
Epoch 179 Test Loss: 1.477623
Epoch 180 Train Loss: 0.617965
Epoch 180 Test Loss: 1.478510
Epoch 181 Train Loss: 0.623004
Epoch 181 Test Loss: 1.477059
Epoch 182 Train Loss: 0.616604
Epoch 182 Test Loss: 1.477436
Epoch 183 Train Loss: 0.618915
Epoch 183 Test Loss: 1.477946
Epoch 184 Train Loss: 0.614099
Epoch 184 Test Loss: 1.479621
Epoch 185 Train Loss: 0.617879
Epoch 185 Test Loss: 1.480747
Epoch 186 Train Loss: 0.616027
Epoch 186 Test Loss: 1.479172
Epoch 187 Train Loss: 0.611583
Epoch 187 Test Loss: 1.482993
Epoch 188 Train Loss: 0.612861
Epoch 188 Test Loss: 1.483932
Epoch 189 Train Loss: 0.615175
Epoch 189 Test Loss: 1.482855
Epoch 190 Train Loss: 0.616312
Epoch 190 Test Loss: 1.483065
Epoch 191 Train Loss: 0.617236
Epoch 191 Test Loss: 1.485857
Epoch 192 Train Loss: 0.607350
Epoch 192 Test Loss: 1.485312
Epoch 193 Train Loss: 0.614322
Epoch 193 Test Loss: 1.485224
Epoch 194 Train Loss: 0.613636
Epoch 194 Test Loss: 1.485232
Epoch 195 Train Loss: 0.612892
Epoch 195 Test Loss: 1.484953
Epoch 196 Train Loss: 0.611234
Epoch 196 Test Loss: 1.486383
Epoch 197 Train Loss: 0.612597
Epoch 197 Test Loss: 1.486847
Epoch 198 Train Loss: 0.616574
Epoch 198 Test Loss: 1.487503
Epoch 199 Train Loss: 0.613217
Epoch 199 Test Loss: 1.486066
