Namespace(batch_size=32, class_choice=None, dataset='shapenetpart', dropout=0.5, emb_dims=1024, epochs=200, eval=False, exp_name='regression_0818', k=40, learnweight='transfer', lr=0.0001, model='dgcnn_regression', model_path='pretrained/model.partseg.t7', momentum=0.9, no_cuda=False, num_points=4096, scheduler='cos', seed=1, test_batch_size=16, use_sgd=True, visu='', visu_format='ply')
Using CPU
Transfer learning enabled
Namespace(batch_size=32, class_choice=None, dataset='shapenetpart', dropout=0.5, emb_dims=1024, epochs=200, eval=False, exp_name='regression_0818', k=40, learnweight='transfer', lr=0.0001, model='dgcnn_regression', model_path='pretrained/model.partseg.t7', momentum=0.9, no_cuda=False, num_points=4096, scheduler='cos', seed=1, test_batch_size=16, use_sgd=True, visu='', visu_format='ply')
Using GPU : 0 from 1 devices
Transfer learning enabled
Epoch 0 Train Loss: 6.920990
Epoch 0 Test Loss: 7.515504
Saved best model to outputs/regression_0818/models/model.t7
Epoch 1 Train Loss: 2.637176
Epoch 1 Test Loss: 12.428934
Epoch 2 Train Loss: 2.819027
Epoch 2 Test Loss: 20.579250
Epoch 3 Train Loss: 4.918097
Epoch 3 Test Loss: 44.544357
Epoch 4 Train Loss: 3.260716
Epoch 4 Test Loss: 43.514580
Epoch 5 Train Loss: 1.794669
Epoch 5 Test Loss: 17.228769
Epoch 6 Train Loss: 2.914503
Epoch 6 Test Loss: 7.519533
Epoch 7 Train Loss: 3.547829
Epoch 7 Test Loss: 14.164440
Epoch 8 Train Loss: 2.113250
Epoch 8 Test Loss: 34.735401
Epoch 9 Train Loss: 1.683101
Epoch 9 Test Loss: 48.516769
Epoch 10 Train Loss: 2.660850
Epoch 10 Test Loss: 34.864796
Epoch 11 Train Loss: 2.442647
Epoch 11 Test Loss: 13.377558
Epoch 12 Train Loss: 1.533247
Epoch 12 Test Loss: 4.025505
Saved best model to outputs/regression_0818/models/model.t7
Epoch 13 Train Loss: 1.739421
Epoch 13 Test Loss: 2.753583
Saved best model to outputs/regression_0818/models/model.t7
Epoch 14 Train Loss: 2.180655
Epoch 14 Test Loss: 4.008555
Epoch 15 Train Loss: 1.789179
Epoch 15 Test Loss: 6.969782
Epoch 16 Train Loss: 1.442181
Epoch 16 Test Loss: 8.932185
Epoch 17 Train Loss: 1.660255
Epoch 17 Test Loss: 7.576626
Epoch 18 Train Loss: 1.699890
Epoch 18 Test Loss: 4.498684
Epoch 19 Train Loss: 1.421170
Epoch 19 Test Loss: 2.307655
Saved best model to outputs/regression_0818/models/model.t7
Epoch 20 Train Loss: 1.405505
Epoch 20 Test Loss: 1.626167
Saved best model to outputs/regression_0818/models/model.t7
Epoch 21 Train Loss: 1.534054
Epoch 21 Test Loss: 1.433955
Saved best model to outputs/regression_0818/models/model.t7
Epoch 22 Train Loss: 1.373469
Epoch 22 Test Loss: 1.355018
Saved best model to outputs/regression_0818/models/model.t7
Epoch 23 Train Loss: 1.241225
Epoch 23 Test Loss: 1.623292
Epoch 24 Train Loss: 1.291025
Epoch 24 Test Loss: 1.859829
Epoch 25 Train Loss: 1.341265
Epoch 25 Test Loss: 1.742577
Epoch 26 Train Loss: 1.244952
Epoch 26 Test Loss: 1.504673
Epoch 27 Train Loss: 1.161431
Epoch 27 Test Loss: 1.420353
Epoch 28 Train Loss: 1.160011
Epoch 28 Test Loss: 1.375202
Epoch 29 Train Loss: 1.158606
Epoch 29 Test Loss: 1.295476
Saved best model to outputs/regression_0818/models/model.t7
Epoch 30 Train Loss: 1.148198
Epoch 30 Test Loss: 1.252697
Saved best model to outputs/regression_0818/models/model.t7
Epoch 31 Train Loss: 1.119150
Epoch 31 Test Loss: 1.271056
Epoch 32 Train Loss: 1.081677
Epoch 32 Test Loss: 1.320948
Epoch 33 Train Loss: 1.048698
Epoch 33 Test Loss: 1.364057
Epoch 34 Train Loss: 1.041905
Epoch 34 Test Loss: 1.357501
Epoch 35 Train Loss: 1.041963
Epoch 35 Test Loss: 1.313289
Epoch 36 Train Loss: 1.024882
Epoch 36 Test Loss: 1.264674
Epoch 37 Train Loss: 1.006100
Epoch 37 Test Loss: 1.252504
Saved best model to outputs/regression_0818/models/model.t7
Epoch 38 Train Loss: 0.978692
Epoch 38 Test Loss: 1.272949
Epoch 39 Train Loss: 0.956021
Epoch 39 Test Loss: 1.306117
Epoch 40 Train Loss: 0.963561
Epoch 40 Test Loss: 1.323247
Epoch 41 Train Loss: 0.957605
Epoch 41 Test Loss: 1.310926
Epoch 42 Train Loss: 0.933263
Epoch 42 Test Loss: 1.281046
Epoch 43 Train Loss: 0.908928
Epoch 43 Test Loss: 1.253079
Epoch 44 Train Loss: 0.913755
Epoch 44 Test Loss: 1.249369
Saved best model to outputs/regression_0818/models/model.t7
Epoch 45 Train Loss: 0.910612
Epoch 45 Test Loss: 1.262296
Epoch 46 Train Loss: 0.898957
Epoch 46 Test Loss: 1.284632
Epoch 47 Train Loss: 0.884551
Epoch 47 Test Loss: 1.301713
Epoch 48 Train Loss: 0.874554
Epoch 48 Test Loss: 1.296686
Epoch 49 Train Loss: 0.869227
Epoch 49 Test Loss: 1.268196
Epoch 50 Train Loss: 0.862260
Epoch 50 Test Loss: 1.247166
Saved best model to outputs/regression_0818/models/model.t7
Epoch 51 Train Loss: 0.849789
Epoch 51 Test Loss: 1.218074
Saved best model to outputs/regression_0818/models/model.t7
Epoch 52 Train Loss: 0.842903
Epoch 52 Test Loss: 1.218216
Epoch 53 Train Loss: 0.835813
Epoch 53 Test Loss: 1.220332
Epoch 54 Train Loss: 0.832509
Epoch 54 Test Loss: 1.226926
Epoch 55 Train Loss: 0.821956
Epoch 55 Test Loss: 1.224838
Epoch 56 Train Loss: 0.818278
Epoch 56 Test Loss: 1.214223
Saved best model to outputs/regression_0818/models/model.t7
Epoch 57 Train Loss: 0.816496
Epoch 57 Test Loss: 1.210927
Saved best model to outputs/regression_0818/models/model.t7
Epoch 58 Train Loss: 0.797022
Epoch 58 Test Loss: 1.205696
Saved best model to outputs/regression_0818/models/model.t7
Epoch 59 Train Loss: 0.799788
Epoch 59 Test Loss: 1.204033
Saved best model to outputs/regression_0818/models/model.t7
Epoch 60 Train Loss: 0.794759
Epoch 60 Test Loss: 1.206715
Epoch 61 Train Loss: 0.784158
Epoch 61 Test Loss: 1.208122
Epoch 62 Train Loss: 0.777869
Epoch 62 Test Loss: 1.205559
Epoch 63 Train Loss: 0.782016
Epoch 63 Test Loss: 1.202131
Saved best model to outputs/regression_0818/models/model.t7
Epoch 64 Train Loss: 0.772121
Epoch 64 Test Loss: 1.195995
Saved best model to outputs/regression_0818/models/model.t7
Epoch 65 Train Loss: 0.775766
Epoch 65 Test Loss: 1.197146
Epoch 66 Train Loss: 0.759343
Epoch 66 Test Loss: 1.197336
Epoch 67 Train Loss: 0.761672
Epoch 67 Test Loss: 1.196013
Epoch 68 Train Loss: 0.755382
Epoch 68 Test Loss: 1.198253
Epoch 69 Train Loss: 0.751128
Epoch 69 Test Loss: 1.193929
Saved best model to outputs/regression_0818/models/model.t7
Epoch 70 Train Loss: 0.746883
Epoch 70 Test Loss: 1.196994
Epoch 71 Train Loss: 0.745769
Epoch 71 Test Loss: 1.195314
Epoch 72 Train Loss: 0.744821
Epoch 72 Test Loss: 1.198520
Epoch 73 Train Loss: 0.740757
Epoch 73 Test Loss: 1.202748
Epoch 74 Train Loss: 0.736100
Epoch 74 Test Loss: 1.207187
Epoch 75 Train Loss: 0.738891
Epoch 75 Test Loss: 1.207097
Epoch 76 Train Loss: 0.733757
Epoch 76 Test Loss: 1.204337
Epoch 77 Train Loss: 0.727714
Epoch 77 Test Loss: 1.197222
Epoch 78 Train Loss: 0.723626
Epoch 78 Test Loss: 1.201452
Epoch 79 Train Loss: 0.725830
Epoch 79 Test Loss: 1.202108
Epoch 80 Train Loss: 0.712791
Epoch 80 Test Loss: 1.207965
Epoch 81 Train Loss: 0.722629
Epoch 81 Test Loss: 1.208547
Epoch 82 Train Loss: 0.712978
Epoch 82 Test Loss: 1.215911
Epoch 83 Train Loss: 0.709116
Epoch 83 Test Loss: 1.217828
Epoch 84 Train Loss: 0.711376
Epoch 84 Test Loss: 1.217337
Epoch 85 Train Loss: 0.704692
Epoch 85 Test Loss: 1.220453
Epoch 86 Train Loss: 0.699225
Epoch 86 Test Loss: 1.221236
Epoch 87 Train Loss: 0.701903
Epoch 87 Test Loss: 1.222918
Epoch 88 Train Loss: 0.704066
Epoch 88 Test Loss: 1.223793
Epoch 89 Train Loss: 0.696907
Epoch 89 Test Loss: 1.226404
Epoch 90 Train Loss: 0.701676
Epoch 90 Test Loss: 1.227516
Epoch 91 Train Loss: 0.686476
Epoch 91 Test Loss: 1.229034
Epoch 92 Train Loss: 0.686346
Epoch 92 Test Loss: 1.231904
Epoch 93 Train Loss: 0.689040
Epoch 93 Test Loss: 1.232092
Epoch 94 Train Loss: 0.686502
Epoch 94 Test Loss: 1.231247
Epoch 95 Train Loss: 0.685556
Epoch 95 Test Loss: 1.233359
Epoch 96 Train Loss: 0.684804
Epoch 96 Test Loss: 1.233395
Epoch 97 Train Loss: 0.677530
Epoch 97 Test Loss: 1.236595
Epoch 98 Train Loss: 0.679309
Epoch 98 Test Loss: 1.241329
Epoch 99 Train Loss: 0.678971
Epoch 99 Test Loss: 1.245853
Epoch 100 Train Loss: 0.676284
Epoch 100 Test Loss: 1.245965
Epoch 101 Train Loss: 0.673326
Epoch 101 Test Loss: 1.251336
Epoch 102 Train Loss: 0.671524
Epoch 102 Test Loss: 1.252933
Epoch 103 Train Loss: 0.676193
Epoch 103 Test Loss: 1.253548
Epoch 104 Train Loss: 0.669815
Epoch 104 Test Loss: 1.254112
Epoch 105 Train Loss: 0.665347
Epoch 105 Test Loss: 1.252255
Epoch 106 Train Loss: 0.668831
Epoch 106 Test Loss: 1.251640
Epoch 107 Train Loss: 0.658488
Epoch 107 Test Loss: 1.254093
Epoch 108 Train Loss: 0.664807
Epoch 108 Test Loss: 1.252268
Epoch 109 Train Loss: 0.663627
Epoch 109 Test Loss: 1.255612
Epoch 110 Train Loss: 0.663719
Epoch 110 Test Loss: 1.255225
Epoch 111 Train Loss: 0.661449
Epoch 111 Test Loss: 1.258984
Epoch 112 Train Loss: 0.662731
Epoch 112 Test Loss: 1.263206
Epoch 113 Train Loss: 0.664372
Epoch 113 Test Loss: 1.261789
Epoch 114 Train Loss: 0.661288
Epoch 114 Test Loss: 1.259511
Epoch 115 Train Loss: 0.661021
Epoch 115 Test Loss: 1.259342
Epoch 116 Train Loss: 0.654056
Epoch 116 Test Loss: 1.258067
Epoch 117 Train Loss: 0.655607
Epoch 117 Test Loss: 1.258808
Epoch 118 Train Loss: 0.655889
Epoch 118 Test Loss: 1.257863
Epoch 119 Train Loss: 0.651972
Epoch 119 Test Loss: 1.257204
Epoch 120 Train Loss: 0.643011
Epoch 120 Test Loss: 1.259078
Epoch 121 Train Loss: 0.647963
Epoch 121 Test Loss: 1.262229
Epoch 122 Train Loss: 0.642385
Epoch 122 Test Loss: 1.264135
Epoch 123 Train Loss: 0.651471
Epoch 123 Test Loss: 1.267987
Epoch 124 Train Loss: 0.649671
Epoch 124 Test Loss: 1.272103
Epoch 125 Train Loss: 0.643085
Epoch 125 Test Loss: 1.271518
Epoch 126 Train Loss: 0.641729
Epoch 126 Test Loss: 1.269315
Epoch 127 Train Loss: 0.644522
Epoch 127 Test Loss: 1.273022
Epoch 128 Train Loss: 0.641262
Epoch 128 Test Loss: 1.268827
Epoch 129 Train Loss: 0.634445
Epoch 129 Test Loss: 1.272095
Epoch 130 Train Loss: 0.638080
Epoch 130 Test Loss: 1.269683
Epoch 131 Train Loss: 0.637707
Epoch 131 Test Loss: 1.268687
Epoch 132 Train Loss: 0.632548
Epoch 132 Test Loss: 1.273175
Epoch 133 Train Loss: 0.641325
Epoch 133 Test Loss: 1.274202
Epoch 134 Train Loss: 0.636092
Epoch 134 Test Loss: 1.272981
Epoch 135 Train Loss: 0.639344
Epoch 135 Test Loss: 1.270942
Epoch 136 Train Loss: 0.633978
Epoch 136 Test Loss: 1.272185
Epoch 137 Train Loss: 0.633878
Epoch 137 Test Loss: 1.270315
Epoch 138 Train Loss: 0.632034
Epoch 138 Test Loss: 1.276912
Epoch 139 Train Loss: 0.636813
Epoch 139 Test Loss: 1.283308
Epoch 140 Train Loss: 0.634343
Epoch 140 Test Loss: 1.280044
Epoch 141 Train Loss: 0.630679
Epoch 141 Test Loss: 1.283362
Epoch 142 Train Loss: 0.628939
Epoch 142 Test Loss: 1.283203
Epoch 143 Train Loss: 0.630707
Epoch 143 Test Loss: 1.284551
Epoch 144 Train Loss: 0.630911
Epoch 144 Test Loss: 1.284298
Epoch 145 Train Loss: 0.623342
Epoch 145 Test Loss: 1.285035
Epoch 146 Train Loss: 0.624260
Epoch 146 Test Loss: 1.286064
Epoch 147 Train Loss: 0.622630
Epoch 147 Test Loss: 1.282588
Epoch 148 Train Loss: 0.627138
Epoch 148 Test Loss: 1.288934
Epoch 149 Train Loss: 0.626781
Epoch 149 Test Loss: 1.287051
Epoch 150 Train Loss: 0.626327
Epoch 150 Test Loss: 1.289995
Epoch 151 Train Loss: 0.632872
Epoch 151 Test Loss: 1.290777
Epoch 152 Train Loss: 0.624455
Epoch 152 Test Loss: 1.285998
Epoch 153 Train Loss: 0.632656
Epoch 153 Test Loss: 1.289531
Epoch 154 Train Loss: 0.621934
Epoch 154 Test Loss: 1.291414
Epoch 155 Train Loss: 0.625070
Epoch 155 Test Loss: 1.291606
Epoch 156 Train Loss: 0.624650
Epoch 156 Test Loss: 1.290107
Epoch 157 Train Loss: 0.622462
Epoch 157 Test Loss: 1.290787
Epoch 158 Train Loss: 0.622438
Epoch 158 Test Loss: 1.294948
Epoch 159 Train Loss: 0.623075
Epoch 159 Test Loss: 1.289191
Epoch 160 Train Loss: 0.621912
Epoch 160 Test Loss: 1.290262
Epoch 161 Train Loss: 0.623794
Epoch 161 Test Loss: 1.292935
Epoch 162 Train Loss: 0.620426
Epoch 162 Test Loss: 1.291664
Epoch 163 Train Loss: 0.629678
Epoch 163 Test Loss: 1.288314
Epoch 164 Train Loss: 0.625510
Epoch 164 Test Loss: 1.290535
Epoch 165 Train Loss: 0.625086
Epoch 165 Test Loss: 1.288591
Epoch 166 Train Loss: 0.622325
Epoch 166 Test Loss: 1.288293
Epoch 167 Train Loss: 0.622514
Epoch 167 Test Loss: 1.287220
Epoch 168 Train Loss: 0.618336
Epoch 168 Test Loss: 1.288502
Epoch 169 Train Loss: 0.621434
Epoch 169 Test Loss: 1.287286
Epoch 170 Train Loss: 0.617518
Epoch 170 Test Loss: 1.289113
Epoch 171 Train Loss: 0.617678
Epoch 171 Test Loss: 1.289812
Epoch 172 Train Loss: 0.625473
Epoch 172 Test Loss: 1.291520
Epoch 173 Train Loss: 0.619417
Epoch 173 Test Loss: 1.291749
Epoch 174 Train Loss: 0.618731
Epoch 174 Test Loss: 1.292920
Epoch 175 Train Loss: 0.616771
Epoch 175 Test Loss: 1.294260
Epoch 176 Train Loss: 0.622941
Epoch 176 Test Loss: 1.294894
Epoch 177 Train Loss: 0.619265
Epoch 177 Test Loss: 1.294010
Epoch 178 Train Loss: 0.618071
Epoch 178 Test Loss: 1.294860
Epoch 179 Train Loss: 0.616183
Epoch 179 Test Loss: 1.296565
Epoch 180 Train Loss: 0.616356
Epoch 180 Test Loss: 1.296140
Epoch 181 Train Loss: 0.617727
Epoch 181 Test Loss: 1.297223
Epoch 182 Train Loss: 0.616252
Epoch 182 Test Loss: 1.299044
Epoch 183 Train Loss: 0.614954
Epoch 183 Test Loss: 1.298203
Epoch 184 Train Loss: 0.615134
Epoch 184 Test Loss: 1.299297
Epoch 185 Train Loss: 0.618996
Epoch 185 Test Loss: 1.300081
Epoch 186 Train Loss: 0.613056
Epoch 186 Test Loss: 1.299168
Epoch 187 Train Loss: 0.616081
Epoch 187 Test Loss: 1.299621
Epoch 188 Train Loss: 0.613208
Epoch 188 Test Loss: 1.299559
Epoch 189 Train Loss: 0.615408
Epoch 189 Test Loss: 1.297985
Epoch 190 Train Loss: 0.613779
Epoch 190 Test Loss: 1.299831
Epoch 191 Train Loss: 0.614885
Epoch 191 Test Loss: 1.299389
Epoch 192 Train Loss: 0.617998
Epoch 192 Test Loss: 1.298497
Epoch 193 Train Loss: 0.610047
Epoch 193 Test Loss: 1.299227
Epoch 194 Train Loss: 0.608660
Epoch 194 Test Loss: 1.299976
Epoch 195 Train Loss: 0.612982
Epoch 195 Test Loss: 1.304954
Epoch 196 Train Loss: 0.614794
Epoch 196 Test Loss: 1.298616
Epoch 197 Train Loss: 0.612682
Epoch 197 Test Loss: 1.302435
Epoch 198 Train Loss: 0.610615
Epoch 198 Test Loss: 1.300823
Epoch 199 Train Loss: 0.613348
Epoch 199 Test Loss: 1.297199
