Namespace(batch_size=32, class_choice=None, dataset='shapenetpart', dropout=0.5, emb_dims=1024, epochs=200, eval=False, exp_name='regression_0818_3', k=40, learnweight='transfer', lr=0.0001, model='dgcnn_regression', model_path='pretrained/model.partseg.t7', momentum=0.9, no_cuda=False, num_points=4096, scheduler='cos', seed=1, test_batch_size=16, use_sgd=True, visu='', visu_format='ply')
Using GPU : 0 from 1 devices
Transfer learning enabled
Epoch 0 Train Loss: 6.895279
Epoch 0 Test Loss: 8.217756
Saved best model to outputs/regression_0818_3/models/model.t7
Epoch 1 Train Loss: 2.655474
Epoch 1 Test Loss: 12.851764
Epoch 2 Train Loss: 2.831633
Epoch 2 Test Loss: 20.922852
Epoch 3 Train Loss: 4.894334
Epoch 3 Test Loss: 40.557976
Epoch 4 Train Loss: 3.248413
Epoch 4 Test Loss: 36.229534
Epoch 5 Train Loss: 1.767285
Epoch 5 Test Loss: 13.449200
Epoch 6 Train Loss: 2.954341
Epoch 6 Test Loss: 5.914218
Saved best model to outputs/regression_0818_3/models/model.t7
Epoch 7 Train Loss: 3.570916
Epoch 7 Test Loss: 12.451448
Epoch 8 Train Loss: 2.091456
Epoch 8 Test Loss: 30.439775
Epoch 9 Train Loss: 1.699160
Epoch 9 Test Loss: 39.103683
Epoch 10 Train Loss: 2.691692
Epoch 10 Test Loss: 26.706512
Epoch 11 Train Loss: 2.460037
Epoch 11 Test Loss: 9.767367
Epoch 12 Train Loss: 1.546869
Epoch 12 Test Loss: 3.341459
Saved best model to outputs/regression_0818_3/models/model.t7
Epoch 13 Train Loss: 1.763722
Epoch 13 Test Loss: 2.499933
Saved best model to outputs/regression_0818_3/models/model.t7
Epoch 14 Train Loss: 2.219551
Epoch 14 Test Loss: 3.712014
Epoch 15 Train Loss: 1.820321
Epoch 15 Test Loss: 6.531977
Epoch 16 Train Loss: 1.480321
Epoch 16 Test Loss: 8.363575
Epoch 17 Train Loss: 1.686936
Epoch 17 Test Loss: 7.227853
Epoch 18 Train Loss: 1.713189
Epoch 18 Test Loss: 4.209784
Epoch 19 Train Loss: 1.461526
Epoch 19 Test Loss: 2.219189
Saved best model to outputs/regression_0818_3/models/model.t7
Epoch 20 Train Loss: 1.457897
Epoch 20 Test Loss: 1.630538
Saved best model to outputs/regression_0818_3/models/model.t7
Epoch 21 Train Loss: 1.524090
Epoch 21 Test Loss: 1.363989
Saved best model to outputs/regression_0818_3/models/model.t7
Epoch 22 Train Loss: 1.376343
Epoch 22 Test Loss: 1.421916
Epoch 23 Train Loss: 1.275026
Epoch 23 Test Loss: 1.911057
Epoch 24 Train Loss: 1.326581
Epoch 24 Test Loss: 2.354887
Epoch 25 Train Loss: 1.343198
Epoch 25 Test Loss: 2.145029
Epoch 26 Train Loss: 1.260368
Epoch 26 Test Loss: 1.715359
Epoch 27 Train Loss: 1.164786
Epoch 27 Test Loss: 1.433150
Epoch 28 Train Loss: 1.168087
Epoch 28 Test Loss: 1.327333
Saved best model to outputs/regression_0818_3/models/model.t7
Epoch 29 Train Loss: 1.190995
Epoch 29 Test Loss: 1.277104
Saved best model to outputs/regression_0818_3/models/model.t7
Epoch 30 Train Loss: 1.173826
Epoch 30 Test Loss: 1.296593
Epoch 31 Train Loss: 1.111951
Epoch 31 Test Loss: 1.354977
Epoch 32 Train Loss: 1.083409
Epoch 32 Test Loss: 1.399201
Epoch 33 Train Loss: 1.069862
Epoch 33 Test Loss: 1.412161
Epoch 34 Train Loss: 1.053897
Epoch 34 Test Loss: 1.364126
Epoch 35 Train Loss: 1.046677
Epoch 35 Test Loss: 1.302437
Epoch 36 Train Loss: 1.023711
Epoch 36 Test Loss: 1.267836
Saved best model to outputs/regression_0818_3/models/model.t7
Epoch 37 Train Loss: 1.013718
Epoch 37 Test Loss: 1.273172
Epoch 38 Train Loss: 0.988780
Epoch 38 Test Loss: 1.312458
Epoch 39 Train Loss: 0.972529
Epoch 39 Test Loss: 1.344648
Epoch 40 Train Loss: 0.969410
Epoch 40 Test Loss: 1.362615
Epoch 41 Train Loss: 0.970452
Epoch 41 Test Loss: 1.362955
Epoch 42 Train Loss: 0.939657
Epoch 42 Test Loss: 1.349177
Epoch 43 Train Loss: 0.921127
Epoch 43 Test Loss: 1.330291
Epoch 44 Train Loss: 0.925033
Epoch 44 Test Loss: 1.327464
Epoch 45 Train Loss: 0.914394
Epoch 45 Test Loss: 1.335822
Epoch 46 Train Loss: 0.899970
Epoch 46 Test Loss: 1.349830
Epoch 47 Train Loss: 0.883288
Epoch 47 Test Loss: 1.350034
Epoch 48 Train Loss: 0.882170
Epoch 48 Test Loss: 1.343147
Epoch 49 Train Loss: 0.875612
Epoch 49 Test Loss: 1.319736
Epoch 50 Train Loss: 0.873701
Epoch 50 Test Loss: 1.310279
Epoch 51 Train Loss: 0.855191
Epoch 51 Test Loss: 1.298612
Epoch 52 Train Loss: 0.849428
Epoch 52 Test Loss: 1.302397
Epoch 53 Train Loss: 0.836612
Epoch 53 Test Loss: 1.322403
Epoch 54 Train Loss: 0.831110
Epoch 54 Test Loss: 1.310693
Epoch 55 Train Loss: 0.826009
Epoch 55 Test Loss: 1.306078
Epoch 56 Train Loss: 0.825184
Epoch 56 Test Loss: 1.292073
Epoch 57 Train Loss: 0.815163
Epoch 57 Test Loss: 1.282079
Epoch 58 Train Loss: 0.807466
Epoch 58 Test Loss: 1.282182
Epoch 59 Train Loss: 0.800880
Epoch 59 Test Loss: 1.295111
Epoch 60 Train Loss: 0.800451
Epoch 60 Test Loss: 1.298560
Epoch 61 Train Loss: 0.796109
Epoch 61 Test Loss: 1.299567
Epoch 62 Train Loss: 0.789266
Epoch 62 Test Loss: 1.288050
Epoch 63 Train Loss: 0.781936
Epoch 63 Test Loss: 1.284819
Epoch 64 Train Loss: 0.778796
Epoch 64 Test Loss: 1.279760
Epoch 65 Train Loss: 0.771822
Epoch 65 Test Loss: 1.283421
Epoch 66 Train Loss: 0.767549
Epoch 66 Test Loss: 1.281145
Epoch 67 Train Loss: 0.768088
Epoch 67 Test Loss: 1.281718
Epoch 68 Train Loss: 0.757950
Epoch 68 Test Loss: 1.277530
Epoch 69 Train Loss: 0.762259
Epoch 69 Test Loss: 1.277790
Epoch 70 Train Loss: 0.752231
Epoch 70 Test Loss: 1.278384
Epoch 71 Train Loss: 0.748052
Epoch 71 Test Loss: 1.279967
Epoch 72 Train Loss: 0.745364
Epoch 72 Test Loss: 1.286302
Epoch 73 Train Loss: 0.745329
Epoch 73 Test Loss: 1.288442
Epoch 74 Train Loss: 0.734341
Epoch 74 Test Loss: 1.284397
Epoch 75 Train Loss: 0.731609
Epoch 75 Test Loss: 1.287678
Epoch 76 Train Loss: 0.725598
Epoch 76 Test Loss: 1.283141
Epoch 77 Train Loss: 0.730047
Epoch 77 Test Loss: 1.286013
Epoch 78 Train Loss: 0.728268
Epoch 78 Test Loss: 1.288920
Epoch 79 Train Loss: 0.725449
Epoch 79 Test Loss: 1.289412
Epoch 80 Train Loss: 0.721792
Epoch 80 Test Loss: 1.285656
Epoch 81 Train Loss: 0.712168
Epoch 81 Test Loss: 1.281621
Epoch 82 Train Loss: 0.721605
Epoch 82 Test Loss: 1.281240
Epoch 83 Train Loss: 0.709562
Epoch 83 Test Loss: 1.285564
Epoch 84 Train Loss: 0.712461
Epoch 84 Test Loss: 1.292993
Epoch 85 Train Loss: 0.711062
Epoch 85 Test Loss: 1.296533
Epoch 86 Train Loss: 0.704939
Epoch 86 Test Loss: 1.295043
Epoch 87 Train Loss: 0.707556
Epoch 87 Test Loss: 1.295955
Epoch 88 Train Loss: 0.697405
Epoch 88 Test Loss: 1.295405
Epoch 89 Train Loss: 0.699952
Epoch 89 Test Loss: 1.296615
Epoch 90 Train Loss: 0.696527
Epoch 90 Test Loss: 1.291484
Epoch 91 Train Loss: 0.697320
Epoch 91 Test Loss: 1.298684
Epoch 92 Train Loss: 0.694861
Epoch 92 Test Loss: 1.304147
Epoch 93 Train Loss: 0.690564
Epoch 93 Test Loss: 1.306745
Epoch 94 Train Loss: 0.684490
Epoch 94 Test Loss: 1.300793
Epoch 95 Train Loss: 0.688407
Epoch 95 Test Loss: 1.302608
Epoch 96 Train Loss: 0.683400
Epoch 96 Test Loss: 1.303875
Epoch 97 Train Loss: 0.683122
Epoch 97 Test Loss: 1.306234
Epoch 98 Train Loss: 0.674721
Epoch 98 Test Loss: 1.308512
Epoch 99 Train Loss: 0.675413
Epoch 99 Test Loss: 1.309866
Epoch 100 Train Loss: 0.683046
Epoch 100 Test Loss: 1.312479
Epoch 101 Train Loss: 0.672917
Epoch 101 Test Loss: 1.313377
Epoch 102 Train Loss: 0.674973
Epoch 102 Test Loss: 1.311161
Epoch 103 Train Loss: 0.673766
Epoch 103 Test Loss: 1.313507
Epoch 104 Train Loss: 0.672756
Epoch 104 Test Loss: 1.312573
Epoch 105 Train Loss: 0.671441
Epoch 105 Test Loss: 1.316794
Epoch 106 Train Loss: 0.667100
Epoch 106 Test Loss: 1.316469
Epoch 107 Train Loss: 0.665878
Epoch 107 Test Loss: 1.317348
Epoch 108 Train Loss: 0.659847
Epoch 108 Test Loss: 1.319003
Epoch 109 Train Loss: 0.661026
Epoch 109 Test Loss: 1.320073
Epoch 110 Train Loss: 0.666329
Epoch 110 Test Loss: 1.322044
Epoch 111 Train Loss: 0.665559
Epoch 111 Test Loss: 1.321777
Epoch 112 Train Loss: 0.661318
Epoch 112 Test Loss: 1.320370
Epoch 113 Train Loss: 0.656815
Epoch 113 Test Loss: 1.321348
Epoch 114 Train Loss: 0.653587
Epoch 114 Test Loss: 1.323465
Epoch 115 Train Loss: 0.658724
Epoch 115 Test Loss: 1.324418
Epoch 116 Train Loss: 0.650102
Epoch 116 Test Loss: 1.320031
Epoch 117 Train Loss: 0.653166
Epoch 117 Test Loss: 1.320232
Epoch 118 Train Loss: 0.653272
Epoch 118 Test Loss: 1.316731
Epoch 119 Train Loss: 0.652760
Epoch 119 Test Loss: 1.318129
Epoch 120 Train Loss: 0.644605
Epoch 120 Test Loss: 1.318548
Epoch 121 Train Loss: 0.645882
Epoch 121 Test Loss: 1.319189
Epoch 122 Train Loss: 0.652694
Epoch 122 Test Loss: 1.316207
Epoch 123 Train Loss: 0.637879
Epoch 123 Test Loss: 1.316009
Epoch 124 Train Loss: 0.645701
Epoch 124 Test Loss: 1.316059
Epoch 125 Train Loss: 0.648792
Epoch 125 Test Loss: 1.316818
Epoch 126 Train Loss: 0.643470
Epoch 126 Test Loss: 1.320199
Epoch 127 Train Loss: 0.647396
Epoch 127 Test Loss: 1.322874
Epoch 128 Train Loss: 0.641931
Epoch 128 Test Loss: 1.324352
Epoch 129 Train Loss: 0.636642
Epoch 129 Test Loss: 1.327394
Epoch 130 Train Loss: 0.641690
Epoch 130 Test Loss: 1.327528
Epoch 131 Train Loss: 0.642254
Epoch 131 Test Loss: 1.327923
Epoch 132 Train Loss: 0.641060
Epoch 132 Test Loss: 1.330313
Epoch 133 Train Loss: 0.638211
Epoch 133 Test Loss: 1.330141
Epoch 134 Train Loss: 0.639746
Epoch 134 Test Loss: 1.330444
Epoch 135 Train Loss: 0.635484
Epoch 135 Test Loss: 1.330377
Epoch 136 Train Loss: 0.637135
Epoch 136 Test Loss: 1.331468
Epoch 137 Train Loss: 0.634091
Epoch 137 Test Loss: 1.330059
Epoch 138 Train Loss: 0.637257
Epoch 138 Test Loss: 1.331438
Epoch 139 Train Loss: 0.632687
Epoch 139 Test Loss: 1.331727
Epoch 140 Train Loss: 0.634049
Epoch 140 Test Loss: 1.332757
Epoch 141 Train Loss: 0.629249
Epoch 141 Test Loss: 1.333112
Epoch 142 Train Loss: 0.634227
Epoch 142 Test Loss: 1.333293
Epoch 143 Train Loss: 0.633908
Epoch 143 Test Loss: 1.334335
Epoch 144 Train Loss: 0.638774
Epoch 144 Test Loss: 1.334292
Epoch 145 Train Loss: 0.626983
Epoch 145 Test Loss: 1.336383
Epoch 146 Train Loss: 0.631389
Epoch 146 Test Loss: 1.335493
Epoch 147 Train Loss: 0.632465
Epoch 147 Test Loss: 1.334298
Epoch 148 Train Loss: 0.632815
Epoch 148 Test Loss: 1.332492
Epoch 149 Train Loss: 0.631927
Epoch 149 Test Loss: 1.331688
Epoch 150 Train Loss: 0.626201
Epoch 150 Test Loss: 1.331418
Epoch 151 Train Loss: 0.633193
Epoch 151 Test Loss: 1.330391
Epoch 152 Train Loss: 0.627581
Epoch 152 Test Loss: 1.331879
Epoch 153 Train Loss: 0.625944
Epoch 153 Test Loss: 1.331676
Epoch 154 Train Loss: 0.628223
Epoch 154 Test Loss: 1.333748
Epoch 155 Train Loss: 0.630864
Epoch 155 Test Loss: 1.331695
Epoch 156 Train Loss: 0.619143
Epoch 156 Test Loss: 1.335411
Epoch 157 Train Loss: 0.627812
Epoch 157 Test Loss: 1.333005
Epoch 158 Train Loss: 0.625800
Epoch 158 Test Loss: 1.331812
Epoch 159 Train Loss: 0.618792
Epoch 159 Test Loss: 1.332050
Epoch 160 Train Loss: 0.628762
Epoch 160 Test Loss: 1.331472
Epoch 161 Train Loss: 0.620315
Epoch 161 Test Loss: 1.333688
Epoch 162 Train Loss: 0.625912
Epoch 162 Test Loss: 1.334224
Epoch 163 Train Loss: 0.627598
Epoch 163 Test Loss: 1.334827
Epoch 164 Train Loss: 0.624814
Epoch 164 Test Loss: 1.336309
Epoch 165 Train Loss: 0.619642
Epoch 165 Test Loss: 1.336478
Epoch 166 Train Loss: 0.624124
Epoch 166 Test Loss: 1.337008
Epoch 167 Train Loss: 0.617031
Epoch 167 Test Loss: 1.334455
Epoch 168 Train Loss: 0.618100
Epoch 168 Test Loss: 1.333744
Epoch 169 Train Loss: 0.622646
Epoch 169 Test Loss: 1.334731
Epoch 170 Train Loss: 0.622635
Epoch 170 Test Loss: 1.333598
Epoch 171 Train Loss: 0.614716
Epoch 171 Test Loss: 1.336440
Epoch 172 Train Loss: 0.620523
Epoch 172 Test Loss: 1.335535
Epoch 173 Train Loss: 0.623854
Epoch 173 Test Loss: 1.337702
Epoch 174 Train Loss: 0.621375
Epoch 174 Test Loss: 1.338718
Epoch 175 Train Loss: 0.618892
Epoch 175 Test Loss: 1.339634
Epoch 176 Train Loss: 0.618196
Epoch 176 Test Loss: 1.338677
Epoch 177 Train Loss: 0.619828
Epoch 177 Test Loss: 1.339910
Epoch 178 Train Loss: 0.610499
Epoch 178 Test Loss: 1.338860
Epoch 179 Train Loss: 0.617561
Epoch 179 Test Loss: 1.337799
Epoch 180 Train Loss: 0.618711
Epoch 180 Test Loss: 1.338736
Epoch 181 Train Loss: 0.622270
Epoch 181 Test Loss: 1.335530
Epoch 182 Train Loss: 0.619120
Epoch 182 Test Loss: 1.338809
Epoch 183 Train Loss: 0.617356
Epoch 183 Test Loss: 1.338542
Epoch 184 Train Loss: 0.614690
Epoch 184 Test Loss: 1.336725
Epoch 185 Train Loss: 0.613285
Epoch 185 Test Loss: 1.337893
Epoch 186 Train Loss: 0.615218
Epoch 186 Test Loss: 1.339800
Epoch 187 Train Loss: 0.616613
Epoch 187 Test Loss: 1.340146
Epoch 188 Train Loss: 0.613320
Epoch 188 Test Loss: 1.341040
Epoch 189 Train Loss: 0.615530
Epoch 189 Test Loss: 1.339398
Epoch 190 Train Loss: 0.617358
Epoch 190 Test Loss: 1.338861
Epoch 191 Train Loss: 0.610180
Epoch 191 Test Loss: 1.338286
Epoch 192 Train Loss: 0.613108
Epoch 192 Test Loss: 1.340095
Epoch 193 Train Loss: 0.616425
Epoch 193 Test Loss: 1.339039
Epoch 194 Train Loss: 0.614109
Epoch 194 Test Loss: 1.336981
Epoch 195 Train Loss: 0.619156
Epoch 195 Test Loss: 1.337094
Epoch 196 Train Loss: 0.613786
Epoch 196 Test Loss: 1.338750
Epoch 197 Train Loss: 0.613061
Epoch 197 Test Loss: 1.336579
Epoch 198 Train Loss: 0.614306
Epoch 198 Test Loss: 1.336732
Epoch 199 Train Loss: 0.610267
Epoch 199 Test Loss: 1.336865
