Namespace(batch_size=32, class_choice=None, dataset='shapenetpart', dropout=0.5, emb_dims=1024, epochs=200, eval=False, exp_name='regression_0819_no_tl', k=40, learnweight='', lr=0.0001, model='dgcnn_regression', model_path='pretrained/model.partseg.t7', momentum=0.9, no_cuda=False, num_points=4096, scheduler='cos', seed=1, test_batch_size=16, use_sgd=True, visu='', visu_format='ply')
Using GPU : 0 from 1 devices
Epoch 0 Train Loss: 7.002780
Epoch 0 Test Loss: 14.098314
Saved best model to outputs/regression_0819_no_tl/models/model.t7
Epoch 1 Train Loss: 2.613754
Epoch 1 Test Loss: 17.362701
Epoch 2 Train Loss: 3.455617
Epoch 2 Test Loss: 30.063026
Epoch 3 Train Loss: 4.921334
Epoch 3 Test Loss: 48.408432
Epoch 4 Train Loss: 3.128908
Epoch 4 Test Loss: 19.059071
Epoch 5 Train Loss: 1.801881
Epoch 5 Test Loss: 4.433595
Saved best model to outputs/regression_0819_no_tl/models/model.t7
Epoch 6 Train Loss: 3.179325
Epoch 6 Test Loss: 4.538456
Epoch 7 Train Loss: 3.350710
Epoch 7 Test Loss: 15.837619
Epoch 8 Train Loss: 1.911170
Epoch 8 Test Loss: 37.647614
Epoch 9 Train Loss: 1.910669
Epoch 9 Test Loss: 51.915077
Epoch 10 Train Loss: 2.743201
Epoch 10 Test Loss: 49.034813
Epoch 11 Train Loss: 2.274671
Epoch 11 Test Loss: 31.443089
Epoch 12 Train Loss: 1.527501
Epoch 12 Test Loss: 16.599421
Epoch 13 Train Loss: 1.815932
Epoch 13 Test Loss: 11.638449
Epoch 14 Train Loss: 2.142464
Epoch 14 Test Loss: 14.502380
Epoch 15 Train Loss: 1.702916
Epoch 15 Test Loss: 27.258392
Epoch 16 Train Loss: 1.329253
Epoch 16 Test Loss: 46.439758
Epoch 17 Train Loss: 1.517316
Epoch 17 Test Loss: 50.642143
Epoch 18 Train Loss: 1.627816
Epoch 18 Test Loss: 33.884804
Epoch 19 Train Loss: 1.309537
Epoch 19 Test Loss: 17.418076
Epoch 20 Train Loss: 1.087752
Epoch 20 Test Loss: 11.308461
Epoch 21 Train Loss: 1.186853
Epoch 21 Test Loss: 9.896171
Epoch 22 Train Loss: 1.268804
Epoch 22 Test Loss: 10.719940
Epoch 23 Train Loss: 1.070907
Epoch 23 Test Loss: 13.174732
Epoch 24 Train Loss: 0.923821
Epoch 24 Test Loss: 15.379825
Epoch 25 Train Loss: 0.986380
Epoch 25 Test Loss: 21.550617
Epoch 26 Train Loss: 1.024090
Epoch 26 Test Loss: 20.547050
Epoch 27 Train Loss: 0.925435
Epoch 27 Test Loss: 15.265917
Epoch 28 Train Loss: 0.825570
Epoch 28 Test Loss: 9.554844
Epoch 29 Train Loss: 0.843489
Epoch 29 Test Loss: 6.570449
Epoch 30 Train Loss: 0.888743
Epoch 30 Test Loss: 6.120317
Epoch 31 Train Loss: 0.825764
Epoch 31 Test Loss: 6.649315
Epoch 32 Train Loss: 0.755194
Epoch 32 Test Loss: 7.065062
Epoch 33 Train Loss: 0.750833
Epoch 33 Test Loss: 6.602337
Epoch 34 Train Loss: 0.784702
Epoch 34 Test Loss: 5.564343
Epoch 35 Train Loss: 0.762387
Epoch 35 Test Loss: 4.138703
Saved best model to outputs/regression_0819_no_tl/models/model.t7
Epoch 36 Train Loss: 0.712716
Epoch 36 Test Loss: 3.555731
Saved best model to outputs/regression_0819_no_tl/models/model.t7
Epoch 37 Train Loss: 0.693572
Epoch 37 Test Loss: 3.497890
Saved best model to outputs/regression_0819_no_tl/models/model.t7
Epoch 38 Train Loss: 0.707497
Epoch 38 Test Loss: 3.486097
Saved best model to outputs/regression_0819_no_tl/models/model.t7
Epoch 39 Train Loss: 0.710020
Epoch 39 Test Loss: 3.767986
Epoch 40 Train Loss: 0.676579
Epoch 40 Test Loss: 3.992616
Epoch 41 Train Loss: 0.654556
Epoch 41 Test Loss: 3.785734
Epoch 42 Train Loss: 0.656703
Epoch 42 Test Loss: 3.701248
Epoch 43 Train Loss: 0.662654
Epoch 43 Test Loss: 3.278458
Saved best model to outputs/regression_0819_no_tl/models/model.t7
Epoch 44 Train Loss: 0.642000
Epoch 44 Test Loss: 2.770845
Saved best model to outputs/regression_0819_no_tl/models/model.t7
Epoch 45 Train Loss: 0.622887
Epoch 45 Test Loss: 2.546319
Saved best model to outputs/regression_0819_no_tl/models/model.t7
Epoch 46 Train Loss: 0.611058
Epoch 46 Test Loss: 2.601228
Epoch 47 Train Loss: 0.619666
Epoch 47 Test Loss: 2.777008
Epoch 48 Train Loss: 0.614838
Epoch 48 Test Loss: 3.136145
Epoch 49 Train Loss: 0.602799
Epoch 49 Test Loss: 3.353728
Epoch 50 Train Loss: 0.591247
Epoch 50 Test Loss: 3.409808
Epoch 51 Train Loss: 0.590116
Epoch 51 Test Loss: 3.500976
Epoch 52 Train Loss: 0.581962
Epoch 52 Test Loss: 3.487713
Epoch 53 Train Loss: 0.579503
Epoch 53 Test Loss: 3.459793
Epoch 54 Train Loss: 0.570126
Epoch 54 Test Loss: 3.285986
Epoch 55 Train Loss: 0.570699
Epoch 55 Test Loss: 3.299813
Epoch 56 Train Loss: 0.565027
Epoch 56 Test Loss: 3.390322
Epoch 57 Train Loss: 0.560912
Epoch 57 Test Loss: 3.611203
Epoch 58 Train Loss: 0.554460
Epoch 58 Test Loss: 3.838728
Epoch 59 Train Loss: 0.549477
Epoch 59 Test Loss: 3.836996
Epoch 60 Train Loss: 0.544758
Epoch 60 Test Loss: 3.767314
Epoch 61 Train Loss: 0.538433
Epoch 61 Test Loss: 3.683701
Epoch 62 Train Loss: 0.538530
Epoch 62 Test Loss: 3.626547
Epoch 63 Train Loss: 0.533938
Epoch 63 Test Loss: 3.559678
Epoch 64 Train Loss: 0.533190
Epoch 64 Test Loss: 3.654111
Epoch 65 Train Loss: 0.530571
Epoch 65 Test Loss: 3.871000
Epoch 66 Train Loss: 0.526156
Epoch 66 Test Loss: 3.801742
Epoch 67 Train Loss: 0.521049
Epoch 67 Test Loss: 3.685949
Epoch 68 Train Loss: 0.516739
Epoch 68 Test Loss: 3.733666
Epoch 69 Train Loss: 0.512628
Epoch 69 Test Loss: 3.926072
Epoch 70 Train Loss: 0.510508
Epoch 70 Test Loss: 3.833558
Epoch 71 Train Loss: 0.510426
Epoch 71 Test Loss: 3.683456
Epoch 72 Train Loss: 0.506905
Epoch 72 Test Loss: 3.644370
Epoch 73 Train Loss: 0.503164
Epoch 73 Test Loss: 3.668351
Epoch 74 Train Loss: 0.506215
Epoch 74 Test Loss: 3.837576
Epoch 75 Train Loss: 0.500174
Epoch 75 Test Loss: 3.846748
Epoch 76 Train Loss: 0.494079
Epoch 76 Test Loss: 4.177673
Epoch 77 Train Loss: 0.495600
Epoch 77 Test Loss: 4.260594
Epoch 78 Train Loss: 0.491687
Epoch 78 Test Loss: 4.257016
Epoch 79 Train Loss: 0.486700
Epoch 79 Test Loss: 4.302114
Epoch 80 Train Loss: 0.490703
Epoch 80 Test Loss: 4.287213
Epoch 81 Train Loss: 0.491385
Epoch 81 Test Loss: 4.375207
Epoch 82 Train Loss: 0.487327
Epoch 82 Test Loss: 4.223231
Epoch 83 Train Loss: 0.480586
Epoch 83 Test Loss: 4.224993
Epoch 84 Train Loss: 0.482002
Epoch 84 Test Loss: 4.234274
Epoch 85 Train Loss: 0.478456
Epoch 85 Test Loss: 4.292088
Epoch 86 Train Loss: 0.473087
Epoch 86 Test Loss: 4.312605
Epoch 87 Train Loss: 0.472618
Epoch 87 Test Loss: 4.378630
Epoch 88 Train Loss: 0.472620
Epoch 88 Test Loss: 4.357893
Epoch 89 Train Loss: 0.469647
Epoch 89 Test Loss: 4.383303
Epoch 90 Train Loss: 0.469568
Epoch 90 Test Loss: 4.402126
Epoch 91 Train Loss: 0.470323
Epoch 91 Test Loss: 4.410933
Epoch 92 Train Loss: 0.466887
Epoch 92 Test Loss: 4.363635
Epoch 93 Train Loss: 0.463077
Epoch 93 Test Loss: 4.131238
Epoch 94 Train Loss: 0.463001
Epoch 94 Test Loss: 4.180762
Epoch 95 Train Loss: 0.462913
Epoch 95 Test Loss: 4.178150
Epoch 96 Train Loss: 0.460718
Epoch 96 Test Loss: 4.282505
Epoch 97 Train Loss: 0.457373
Epoch 97 Test Loss: 4.100086
Epoch 98 Train Loss: 0.456751
Epoch 98 Test Loss: 4.049268
Epoch 99 Train Loss: 0.459468
Epoch 99 Test Loss: 4.018950
Epoch 100 Train Loss: 0.454245
Epoch 100 Test Loss: 4.134602
Epoch 101 Train Loss: 0.456289
Epoch 101 Test Loss: 4.093619
Epoch 102 Train Loss: 0.454297
Epoch 102 Test Loss: 4.011370
Epoch 103 Train Loss: 0.456143
Epoch 103 Test Loss: 3.998411
Epoch 104 Train Loss: 0.452061
Epoch 104 Test Loss: 4.015097
Epoch 105 Train Loss: 0.450317
Epoch 105 Test Loss: 3.950647
Epoch 106 Train Loss: 0.447289
Epoch 106 Test Loss: 3.967846
Epoch 107 Train Loss: 0.446401
Epoch 107 Test Loss: 4.046632
Epoch 108 Train Loss: 0.447597
Epoch 108 Test Loss: 4.233932
Epoch 109 Train Loss: 0.443387
Epoch 109 Test Loss: 4.120025
Epoch 110 Train Loss: 0.443981
Epoch 110 Test Loss: 3.928162
Epoch 111 Train Loss: 0.442474
Epoch 111 Test Loss: 3.902038
Epoch 112 Train Loss: 0.442111
Epoch 112 Test Loss: 3.988217
Epoch 113 Train Loss: 0.442335
Epoch 113 Test Loss: 3.978594
Epoch 114 Train Loss: 0.438836
Epoch 114 Test Loss: 3.858593
Epoch 115 Train Loss: 0.440466
Epoch 115 Test Loss: 3.753795
Epoch 116 Train Loss: 0.438041
Epoch 116 Test Loss: 3.890434
Epoch 117 Train Loss: 0.439108
Epoch 117 Test Loss: 3.936831
Epoch 118 Train Loss: 0.436538
Epoch 118 Test Loss: 3.887759
Epoch 119 Train Loss: 0.433536
Epoch 119 Test Loss: 3.942834
Epoch 120 Train Loss: 0.432668
Epoch 120 Test Loss: 4.050435
Epoch 121 Train Loss: 0.434752
Epoch 121 Test Loss: 4.091449
Epoch 122 Train Loss: 0.433165
Epoch 122 Test Loss: 4.045277
Epoch 123 Train Loss: 0.431980
Epoch 123 Test Loss: 3.994351
Epoch 124 Train Loss: 0.431766
Epoch 124 Test Loss: 4.063324
Epoch 125 Train Loss: 0.428831
Epoch 125 Test Loss: 4.312042
Epoch 126 Train Loss: 0.430938
Epoch 126 Test Loss: 4.392458
Epoch 127 Train Loss: 0.428266
Epoch 127 Test Loss: 4.315742
Epoch 128 Train Loss: 0.428559
Epoch 128 Test Loss: 4.270195
Epoch 129 Train Loss: 0.429903
Epoch 129 Test Loss: 4.318897
Epoch 130 Train Loss: 0.428183
Epoch 130 Test Loss: 4.427242
Epoch 131 Train Loss: 0.427643
Epoch 131 Test Loss: 4.310122
Epoch 132 Train Loss: 0.428572
Epoch 132 Test Loss: 4.188631
Epoch 133 Train Loss: 0.426333
Epoch 133 Test Loss: 4.283125
Epoch 134 Train Loss: 0.425636
Epoch 134 Test Loss: 4.325362
Epoch 135 Train Loss: 0.425582
Epoch 135 Test Loss: 4.320518
Epoch 136 Train Loss: 0.427007
Epoch 136 Test Loss: 4.200575
Epoch 137 Train Loss: 0.423271
Epoch 137 Test Loss: 4.239749
Epoch 138 Train Loss: 0.422062
Epoch 138 Test Loss: 4.320174
Epoch 139 Train Loss: 0.423914
Epoch 139 Test Loss: 4.395390
Epoch 140 Train Loss: 0.420059
Epoch 140 Test Loss: 4.396521
Namespace(batch_size=32, class_choice=None, dataset='shapenetpart', dropout=0.5, emb_dims=1024, epochs=200, eval=False, exp_name='regression_0819_no_tl', k=40, learnweight='', lr=0.0002, model='dgcnn_regression', model_path='pretrained/model.partseg.t7', momentum=0.9, no_cuda=False, num_points=4096, scheduler='cos', seed=1, test_batch_size=16, use_sgd=True, visu='', visu_format='ply')
Using GPU : 0 from 1 devices
Namespace(batch_size=32, class_choice=None, dataset='shapenetpart', dropout=0.5, emb_dims=1024, epochs=200, eval=False, exp_name='regression_0819_no_tl', k=40, learnweight='', lr=0.0002, model='dgcnn_regression', model_path='pretrained/model.partseg.t7', momentum=0.9, no_cuda=False, num_points=4096, scheduler='cos', seed=1, test_batch_size=16, use_sgd=True, visu='', visu_format='ply')
Using GPU : 0 from 1 devices
Epoch 0 Train Loss: 7.081225
Epoch 0 Test Loss: 185.446533
Saved best model to outputs/regression_0819_no_tl/models/model.t7
Epoch 1 Train Loss: 3.191082
Epoch 1 Test Loss: 2202.093506
Epoch 2 Train Loss: 6.737311
Epoch 2 Test Loss: 206.740509
Epoch 3 Train Loss: 3.574844
Epoch 3 Test Loss: 12841.928711
Epoch 4 Train Loss: 7.236456
Epoch 4 Test Loss: 1027.393066
Epoch 5 Train Loss: 3.493072
Epoch 5 Test Loss: 1058.173096
Epoch 6 Train Loss: 3.284502
Epoch 6 Test Loss: 29074.027344
Epoch 7 Train Loss: 3.755600
Epoch 7 Test Loss: 149847.484375
Epoch 8 Train Loss: 2.501220
Epoch 8 Test Loss: 188735.343750
Epoch 9 Train Loss: 5.997389
Epoch 9 Test Loss: 964.218872
Epoch 10 Train Loss: 4.420632
Epoch 10 Test Loss: 487.507050
Epoch 11 Train Loss: 2.426489
Epoch 11 Test Loss: 10096.039062
Epoch 12 Train Loss: 2.941131
Epoch 12 Test Loss: 34915.429688
Epoch 13 Train Loss: 2.524093
Epoch 13 Test Loss: 165052.734375
Epoch 14 Train Loss: 2.142028
Epoch 14 Test Loss: 270524.968750
Epoch 15 Train Loss: 2.321955
Epoch 15 Test Loss: 190044.390625
Epoch 16 Train Loss: 2.183415
Epoch 16 Test Loss: 77954.632812
Epoch 17 Train Loss: 1.810879
Epoch 17 Test Loss: 34861.746094
Epoch 18 Train Loss: 2.015540
Epoch 18 Test Loss: 32332.705078
Epoch 19 Train Loss: 2.043941
Epoch 19 Test Loss: 32874.992188
Epoch 20 Train Loss: 1.839215
Epoch 20 Test Loss: 24957.796875
Epoch 21 Train Loss: 1.819899
Epoch 21 Test Loss: 17117.101562
Epoch 22 Train Loss: 1.857320
Epoch 22 Test Loss: 12236.529297
Epoch 23 Train Loss: 1.734310
Epoch 23 Test Loss: 7966.492188
Epoch 24 Train Loss: 1.775777
Epoch 24 Test Loss: 4243.922852
Epoch 25 Train Loss: 1.826951
Epoch 25 Test Loss: 2053.712158
Epoch 26 Train Loss: 1.748751
Epoch 26 Test Loss: 1024.984741
Epoch 27 Train Loss: 1.686021
Epoch 27 Test Loss: 552.200806
Epoch 28 Train Loss: 1.717072
Epoch 28 Test Loss: 270.667725
Epoch 29 Train Loss: 1.695746
Epoch 29 Test Loss: 115.870186
Saved best model to outputs/regression_0819_no_tl/models/model.t7
Epoch 30 Train Loss: 1.633316
Epoch 30 Test Loss: 54.429375
Saved best model to outputs/regression_0819_no_tl/models/model.t7
Epoch 31 Train Loss: 1.649444
Epoch 31 Test Loss: 37.538971
Saved best model to outputs/regression_0819_no_tl/models/model.t7
Epoch 32 Train Loss: 1.668077
Epoch 32 Test Loss: 31.178322
Saved best model to outputs/regression_0819_no_tl/models/model.t7
Epoch 33 Train Loss: 1.640885
Epoch 33 Test Loss: 24.502518
Saved best model to outputs/regression_0819_no_tl/models/model.t7
Epoch 34 Train Loss: 1.605726
Epoch 34 Test Loss: 19.872620
Saved best model to outputs/regression_0819_no_tl/models/model.t7
Epoch 35 Train Loss: 1.616142
Epoch 35 Test Loss: 18.565294
Saved best model to outputs/regression_0819_no_tl/models/model.t7
Epoch 36 Train Loss: 1.611017
Epoch 36 Test Loss: 17.669054
Saved best model to outputs/regression_0819_no_tl/models/model.t7
Epoch 37 Train Loss: 1.572877
Epoch 37 Test Loss: 15.091474
Saved best model to outputs/regression_0819_no_tl/models/model.t7
Epoch 38 Train Loss: 1.560855
Epoch 38 Test Loss: 11.796188
Saved best model to outputs/regression_0819_no_tl/models/model.t7
Epoch 39 Train Loss: 1.567275
Epoch 39 Test Loss: 9.849195
Saved best model to outputs/regression_0819_no_tl/models/model.t7
Epoch 40 Train Loss: 1.557130
Epoch 40 Test Loss: 8.932896
Saved best model to outputs/regression_0819_no_tl/models/model.t7
Epoch 41 Train Loss: 1.537221
Epoch 41 Test Loss: 8.020672
Saved best model to outputs/regression_0819_no_tl/models/model.t7
Epoch 42 Train Loss: 1.531884
Epoch 42 Test Loss: 6.664513
Saved best model to outputs/regression_0819_no_tl/models/model.t7
Epoch 43 Train Loss: 1.522220
Epoch 43 Test Loss: 5.452495
Saved best model to outputs/regression_0819_no_tl/models/model.t7
Epoch 44 Train Loss: 1.504676
Epoch 44 Test Loss: 4.698773
Saved best model to outputs/regression_0819_no_tl/models/model.t7
Epoch 45 Train Loss: 1.491937
Epoch 45 Test Loss: 4.314271
Saved best model to outputs/regression_0819_no_tl/models/model.t7
Epoch 46 Train Loss: 1.480099
Epoch 46 Test Loss: 3.997126
Saved best model to outputs/regression_0819_no_tl/models/model.t7
Epoch 47 Train Loss: 1.470493
Epoch 47 Test Loss: 3.617235
Saved best model to outputs/regression_0819_no_tl/models/model.t7
Epoch 48 Train Loss: 1.453794
Epoch 48 Test Loss: 3.344913
Saved best model to outputs/regression_0819_no_tl/models/model.t7
Epoch 49 Train Loss: 1.432328
Epoch 49 Test Loss: 3.235638
Saved best model to outputs/regression_0819_no_tl/models/model.t7
Epoch 50 Train Loss: 1.419726
Epoch 50 Test Loss: 3.192160
Saved best model to outputs/regression_0819_no_tl/models/model.t7
Epoch 51 Train Loss: 1.391971
Epoch 51 Test Loss: 3.110256
Saved best model to outputs/regression_0819_no_tl/models/model.t7
Epoch 52 Train Loss: 1.366779
Epoch 52 Test Loss: 3.089771
Saved best model to outputs/regression_0819_no_tl/models/model.t7
Epoch 53 Train Loss: 1.336254
Epoch 53 Test Loss: 3.064837
Saved best model to outputs/regression_0819_no_tl/models/model.t7
Epoch 54 Train Loss: 1.307881
Epoch 54 Test Loss: 2.961375
Saved best model to outputs/regression_0819_no_tl/models/model.t7
Epoch 55 Train Loss: 1.284801
Epoch 55 Test Loss: 2.937936
Saved best model to outputs/regression_0819_no_tl/models/model.t7
Epoch 56 Train Loss: 1.260340
Epoch 56 Test Loss: 3.072386
Epoch 57 Train Loss: 1.234088
Epoch 57 Test Loss: 2.935205
Saved best model to outputs/regression_0819_no_tl/models/model.t7
Epoch 58 Train Loss: 1.211442
Epoch 58 Test Loss: 2.806743
Saved best model to outputs/regression_0819_no_tl/models/model.t7
Epoch 59 Train Loss: 1.173373
Epoch 59 Test Loss: 2.716380
Saved best model to outputs/regression_0819_no_tl/models/model.t7
Epoch 60 Train Loss: 1.126418
Epoch 60 Test Loss: 2.384987
Saved best model to outputs/regression_0819_no_tl/models/model.t7
Epoch 61 Train Loss: 1.102471
Epoch 61 Test Loss: 2.753568
Epoch 62 Train Loss: 1.258994
Epoch 62 Test Loss: 1.718126
Saved best model to outputs/regression_0819_no_tl/models/model.t7
Epoch 63 Train Loss: 1.528909
Epoch 63 Test Loss: 1.949531
Epoch 64 Train Loss: 1.181375
Epoch 64 Test Loss: 2.408194
Epoch 65 Train Loss: 1.296921
Epoch 65 Test Loss: 2.178633
Epoch 66 Train Loss: 1.205180
Epoch 66 Test Loss: 2.032709
Epoch 67 Train Loss: 1.172589
Epoch 67 Test Loss: 2.784029
Epoch 68 Train Loss: 1.093371
Epoch 68 Test Loss: 3.872961
Epoch 69 Train Loss: 1.106967
Epoch 69 Test Loss: 3.462445
Epoch 70 Train Loss: 1.051016
Epoch 70 Test Loss: 3.566124
Epoch 71 Train Loss: 1.010153
Epoch 71 Test Loss: 4.364043
Epoch 72 Train Loss: 0.998991
Epoch 72 Test Loss: 3.565785
Epoch 73 Train Loss: 0.940240
Epoch 73 Test Loss: 3.151944
Epoch 74 Train Loss: 0.927855
Epoch 74 Test Loss: 3.633544
Epoch 75 Train Loss: 0.914403
Epoch 75 Test Loss: 3.487103
Epoch 76 Train Loss: 0.918396
Epoch 76 Test Loss: 2.720268
Epoch 77 Train Loss: 0.869274
Epoch 77 Test Loss: 2.845451
Epoch 78 Train Loss: 0.861131
Epoch 78 Test Loss: 3.729483
Epoch 79 Train Loss: 0.845926
Epoch 79 Test Loss: 3.363637
Epoch 80 Train Loss: 0.832710
Epoch 80 Test Loss: 2.534209
Epoch 81 Train Loss: 0.822503
Epoch 81 Test Loss: 2.791752
Epoch 82 Train Loss: 0.811367
Epoch 82 Test Loss: 2.913778
Epoch 83 Train Loss: 0.794085
Epoch 83 Test Loss: 2.879352
Epoch 84 Train Loss: 0.781860
Epoch 84 Test Loss: 2.614792
Epoch 85 Train Loss: 0.778318
Epoch 85 Test Loss: 2.294250
Epoch 86 Train Loss: 0.769125
Epoch 86 Test Loss: 2.805345
Epoch 87 Train Loss: 0.769073
Epoch 87 Test Loss: 2.469735
Epoch 88 Train Loss: 0.749341
Epoch 88 Test Loss: 2.535153
Epoch 89 Train Loss: 0.742911
Epoch 89 Test Loss: 2.538709
Epoch 90 Train Loss: 0.739232
Epoch 90 Test Loss: 2.335203
Epoch 91 Train Loss: 0.737819
Epoch 91 Test Loss: 2.681998
Epoch 92 Train Loss: 0.728005
Epoch 92 Test Loss: 2.436657
Epoch 93 Train Loss: 0.711591
Epoch 93 Test Loss: 2.561240
Epoch 94 Train Loss: 0.712477
Epoch 94 Test Loss: 2.919275
Epoch 95 Train Loss: 0.705099
Epoch 95 Test Loss: 2.750897
Epoch 96 Train Loss: 0.705424
Epoch 96 Test Loss: 2.826776
Epoch 97 Train Loss: 0.694819
Epoch 97 Test Loss: 2.909997
Epoch 98 Train Loss: 0.698231
Epoch 98 Test Loss: 2.944219
Epoch 99 Train Loss: 0.686020
Epoch 99 Test Loss: 3.101557
Epoch 100 Train Loss: 0.686216
Epoch 100 Test Loss: 2.975348
Epoch 101 Train Loss: 0.681694
Epoch 101 Test Loss: 2.832320
Epoch 102 Train Loss: 0.678651
Epoch 102 Test Loss: 2.933047
Epoch 103 Train Loss: 0.675452
Epoch 103 Test Loss: 2.989752
Epoch 104 Train Loss: 0.670436
Epoch 104 Test Loss: 2.971678
Epoch 105 Train Loss: 0.665213
Epoch 105 Test Loss: 2.949413
Epoch 106 Train Loss: 0.669052
Epoch 106 Test Loss: 3.036997
Epoch 107 Train Loss: 0.660904
Epoch 107 Test Loss: 3.030140
Epoch 108 Train Loss: 0.660393
Epoch 108 Test Loss: 2.969433
Epoch 109 Train Loss: 0.658628
Epoch 109 Test Loss: 2.986988
Epoch 110 Train Loss: 0.650681
Epoch 110 Test Loss: 3.075194
Epoch 111 Train Loss: 0.651934
Epoch 111 Test Loss: 3.054549
Epoch 112 Train Loss: 0.651446
Epoch 112 Test Loss: 3.014636
Epoch 113 Train Loss: 0.646204
Epoch 113 Test Loss: 2.982562
Epoch 114 Train Loss: 0.642916
Epoch 114 Test Loss: 2.983135
Epoch 115 Train Loss: 0.643013
Epoch 115 Test Loss: 3.008579
Epoch 116 Train Loss: 0.640681
Epoch 116 Test Loss: 3.058684
Epoch 117 Train Loss: 0.637670
Epoch 117 Test Loss: 3.028460
Epoch 118 Train Loss: 0.635604
Epoch 118 Test Loss: 3.025269
Epoch 119 Train Loss: 0.635516
Epoch 119 Test Loss: 3.145464
Epoch 120 Train Loss: 0.633059
Epoch 120 Test Loss: 3.063561
Epoch 121 Train Loss: 0.629477
Epoch 121 Test Loss: 2.993813
Epoch 122 Train Loss: 0.628268
Epoch 122 Test Loss: 3.084965
Epoch 123 Train Loss: 0.626375
Epoch 123 Test Loss: 3.075269
Epoch 124 Train Loss: 0.623259
Epoch 124 Test Loss: 2.970858
Epoch 125 Train Loss: 0.622970
Epoch 125 Test Loss: 2.981618
Epoch 126 Train Loss: 0.622195
Epoch 126 Test Loss: 2.966113
Epoch 127 Train Loss: 0.618687
Epoch 127 Test Loss: 2.906779
Epoch 128 Train Loss: 0.618716
Epoch 128 Test Loss: 2.939815
Epoch 129 Train Loss: 0.612218
Epoch 129 Test Loss: 2.980636
Epoch 130 Train Loss: 0.616835
Epoch 130 Test Loss: 2.897088
Epoch 131 Train Loss: 0.613804
Epoch 131 Test Loss: 2.889374
Epoch 132 Train Loss: 0.611979
Epoch 132 Test Loss: 2.950721
Epoch 133 Train Loss: 0.610602
Epoch 133 Test Loss: 2.928975
Epoch 134 Train Loss: 0.610522
Epoch 134 Test Loss: 2.878161
Epoch 135 Train Loss: 0.610339
Epoch 135 Test Loss: 2.927353
Epoch 136 Train Loss: 0.611803
Epoch 136 Test Loss: 2.954549
Epoch 137 Train Loss: 0.610331
Epoch 137 Test Loss: 2.931351
Epoch 138 Train Loss: 0.603688
Epoch 138 Test Loss: 2.948492
Epoch 139 Train Loss: 0.603382
Epoch 139 Test Loss: 2.977112
Epoch 140 Train Loss: 0.602817
Epoch 140 Test Loss: 2.951589
Epoch 141 Train Loss: 0.601594
Epoch 141 Test Loss: 2.950706
Epoch 142 Train Loss: 0.600246
Epoch 142 Test Loss: 2.969681
Epoch 143 Train Loss: 0.601758
Epoch 143 Test Loss: 3.009509
Epoch 144 Train Loss: 0.599347
Epoch 144 Test Loss: 3.024441
Epoch 145 Train Loss: 0.595730
Epoch 145 Test Loss: 2.997777
Epoch 146 Train Loss: 0.596557
Epoch 146 Test Loss: 2.961746
Epoch 147 Train Loss: 0.595318
Epoch 147 Test Loss: 2.970467
Epoch 148 Train Loss: 0.596487
Epoch 148 Test Loss: 2.998605
Epoch 149 Train Loss: 0.593959
Epoch 149 Test Loss: 2.994428
Epoch 150 Train Loss: 0.591813
Epoch 150 Test Loss: 2.977317
Epoch 151 Train Loss: 0.593976
Epoch 151 Test Loss: 2.971636
Epoch 152 Train Loss: 0.593474
Epoch 152 Test Loss: 2.971513
Epoch 153 Train Loss: 0.591941
Epoch 153 Test Loss: 2.964247
Epoch 154 Train Loss: 0.593498
Epoch 154 Test Loss: 2.952885
Epoch 155 Train Loss: 0.589184
Epoch 155 Test Loss: 2.952880
Epoch 156 Train Loss: 0.591721
Epoch 156 Test Loss: 2.958239
Epoch 157 Train Loss: 0.590662
Epoch 157 Test Loss: 2.963708
Epoch 158 Train Loss: 0.589977
Epoch 158 Test Loss: 2.970688
Epoch 159 Train Loss: 0.591531
Epoch 159 Test Loss: 2.952407
Epoch 160 Train Loss: 0.586155
Epoch 160 Test Loss: 2.928843
Epoch 161 Train Loss: 0.591015
Epoch 161 Test Loss: 2.927547
Epoch 162 Train Loss: 0.589230
Epoch 162 Test Loss: 2.927955
Epoch 163 Train Loss: 0.585748
Epoch 163 Test Loss: 2.942557
Epoch 164 Train Loss: 0.587887
Epoch 164 Test Loss: 2.940251
Epoch 165 Train Loss: 0.585736
Epoch 165 Test Loss: 2.934530
Epoch 166 Train Loss: 0.584897
Epoch 166 Test Loss: 2.939837
Epoch 167 Train Loss: 0.582162
Epoch 167 Test Loss: 2.924607
Epoch 168 Train Loss: 0.584344
Epoch 168 Test Loss: 2.923459
Epoch 169 Train Loss: 0.586278
Epoch 169 Test Loss: 2.929152
Epoch 170 Train Loss: 0.578374
Epoch 170 Test Loss: 2.918203
Epoch 171 Train Loss: 0.581930
Epoch 171 Test Loss: 2.913717
Epoch 172 Train Loss: 0.584421
Epoch 172 Test Loss: 2.902481
Epoch 173 Train Loss: 0.584012
Epoch 173 Test Loss: 2.901703
Epoch 174 Train Loss: 0.582677
Epoch 174 Test Loss: 2.910712
Epoch 175 Train Loss: 0.586310
Epoch 175 Test Loss: 2.930703
Epoch 176 Train Loss: 0.582205
Epoch 176 Test Loss: 2.932517
Epoch 177 Train Loss: 0.581984
Epoch 177 Test Loss: 2.944839
Epoch 178 Train Loss: 0.581570
Epoch 178 Test Loss: 2.948135
Epoch 179 Train Loss: 0.586395
Epoch 179 Test Loss: 2.955795
Epoch 180 Train Loss: 0.580771
Epoch 180 Test Loss: 2.959343
Epoch 181 Train Loss: 0.578767
Epoch 181 Test Loss: 2.960718
Epoch 182 Train Loss: 0.582187
Epoch 182 Test Loss: 2.951654
Epoch 183 Train Loss: 0.580065
Epoch 183 Test Loss: 2.947593
Epoch 184 Train Loss: 0.578551
Epoch 184 Test Loss: 2.951612
Epoch 185 Train Loss: 0.577196
Epoch 185 Test Loss: 2.950667
Epoch 186 Train Loss: 0.580161
Epoch 186 Test Loss: 2.954023
Epoch 187 Train Loss: 0.580785
Epoch 187 Test Loss: 2.962308
Epoch 188 Train Loss: 0.580900
Epoch 188 Test Loss: 2.972397
Epoch 189 Train Loss: 0.581566
Epoch 189 Test Loss: 2.978987
Epoch 190 Train Loss: 0.577532
Epoch 190 Test Loss: 2.985602
Epoch 191 Train Loss: 0.577117
Epoch 191 Test Loss: 2.988858
Epoch 192 Train Loss: 0.579072
Epoch 192 Test Loss: 3.000259
Epoch 193 Train Loss: 0.580178
Epoch 193 Test Loss: 3.012210
Epoch 194 Train Loss: 0.579208
Epoch 194 Test Loss: 3.022786
Epoch 195 Train Loss: 0.580652
Epoch 195 Test Loss: 3.038851
Epoch 196 Train Loss: 0.579687
Epoch 196 Test Loss: 3.044295
Epoch 197 Train Loss: 0.578130
Epoch 197 Test Loss: 3.060320
Epoch 198 Train Loss: 0.575497
Epoch 198 Test Loss: 3.062629
Epoch 199 Train Loss: 0.578310
Epoch 199 Test Loss: 3.058597
Namespace(batch_size=32, class_choice=None, dataset='shapenetpart', dropout=0.5, emb_dims=1024, epochs=200, eval=False, exp_name='regression_0819_no_tl', k=40, learnweight='', lr=0.00015, model='dgcnn_regression', model_path='pretrained/model.partseg.t7', momentum=0.9, no_cuda=False, num_points=4096, scheduler='cos', seed=1, test_batch_size=16, use_sgd=True, visu='', visu_format='ply')
Using GPU : 0 from 1 devices
Epoch 0 Train Loss: 6.853179
Epoch 0 Test Loss: 39.575455
Saved best model to outputs/regression_0819_no_tl/models/model.t7
Epoch 1 Train Loss: 2.207254
Epoch 1 Test Loss: 42.213291
Epoch 2 Train Loss: 6.280153
Epoch 2 Test Loss: 200.957336
Epoch 3 Train Loss: 4.308782
Epoch 3 Test Loss: 192.534027
Epoch 4 Train Loss: 2.409864
Epoch 4 Test Loss: 80.226761
Epoch 5 Train Loss: 4.492914
Epoch 5 Test Loss: 211.669769
Epoch 6 Train Loss: 2.732757
Epoch 6 Test Loss: 502.324310
Epoch 7 Train Loss: 2.152351
Epoch 7 Test Loss: 550.272339
Epoch 8 Train Loss: 3.361116
Epoch 8 Test Loss: 265.185974
Epoch 9 Train Loss: 2.141287
Epoch 9 Test Loss: 103.537399
Epoch 10 Train Loss: 1.846779
Epoch 10 Test Loss: 50.677620
Epoch 11 Train Loss: 2.680788
Epoch 11 Test Loss: 30.037672
Saved best model to outputs/regression_0819_no_tl/models/model.t7
Epoch 12 Train Loss: 1.936368
Epoch 12 Test Loss: 38.422188
Epoch 13 Train Loss: 1.557581
Epoch 13 Test Loss: 69.518143
Epoch 14 Train Loss: 2.098357
Epoch 14 Test Loss: 50.075966
Epoch 15 Train Loss: 1.798783
Epoch 15 Test Loss: 10.451832
Saved best model to outputs/regression_0819_no_tl/models/model.t7
Epoch 16 Train Loss: 1.367046
Epoch 16 Test Loss: 13.375910
Epoch 17 Train Loss: 1.545209
Epoch 17 Test Loss: 6.306967
Saved best model to outputs/regression_0819_no_tl/models/model.t7
Epoch 18 Train Loss: 1.478196
Epoch 18 Test Loss: 4.401383
Saved best model to outputs/regression_0819_no_tl/models/model.t7
Epoch 19 Train Loss: 1.256619
Epoch 19 Test Loss: 9.247173
Epoch 20 Train Loss: 1.167943
Epoch 20 Test Loss: 12.701679
Epoch 21 Train Loss: 1.164848
Epoch 21 Test Loss: 13.637445
Epoch 22 Train Loss: 1.140000
Epoch 22 Test Loss: 10.732101
Epoch 23 Train Loss: 1.220507
Epoch 23 Test Loss: 12.470423
Epoch 24 Train Loss: 1.072750
Epoch 24 Test Loss: 7.908743
Epoch 25 Train Loss: 1.073145
Epoch 25 Test Loss: 4.800922
Epoch 26 Train Loss: 1.065649
Epoch 26 Test Loss: 5.184431
Epoch 27 Train Loss: 0.984679
Epoch 27 Test Loss: 5.297815
Epoch 28 Train Loss: 0.838603
Epoch 28 Test Loss: 4.764098
Epoch 29 Train Loss: 0.959242
Epoch 29 Test Loss: 6.076905
Epoch 30 Train Loss: 0.889158
Epoch 30 Test Loss: 6.817448
Epoch 31 Train Loss: 0.874870
Epoch 31 Test Loss: 2.447674
Saved best model to outputs/regression_0819_no_tl/models/model.t7
Epoch 32 Train Loss: 0.773115
Epoch 32 Test Loss: 1.962182
Saved best model to outputs/regression_0819_no_tl/models/model.t7
Epoch 33 Train Loss: 0.826180
Epoch 33 Test Loss: 2.626147
Epoch 34 Train Loss: 0.797860
Epoch 34 Test Loss: 3.572108
Epoch 35 Train Loss: 0.783676
Epoch 35 Test Loss: 3.118301
Epoch 36 Train Loss: 0.759221
Epoch 36 Test Loss: 2.103094
Epoch 37 Train Loss: 0.732768
Epoch 37 Test Loss: 1.706760
Saved best model to outputs/regression_0819_no_tl/models/model.t7
Epoch 38 Train Loss: 0.744453
Epoch 38 Test Loss: 1.946018
Epoch 39 Train Loss: 0.713877
Epoch 39 Test Loss: 2.558592
Epoch 40 Train Loss: 0.704997
Epoch 40 Test Loss: 2.165189
Epoch 41 Train Loss: 0.685514
Epoch 41 Test Loss: 1.894997
Epoch 42 Train Loss: 0.697742
Epoch 42 Test Loss: 1.954849
Epoch 43 Train Loss: 0.676521
Epoch 43 Test Loss: 2.050433
Epoch 44 Train Loss: 0.672846
Epoch 44 Test Loss: 2.152872
Epoch 45 Train Loss: 0.656319
Epoch 45 Test Loss: 2.129077
Epoch 46 Train Loss: 0.654379
Epoch 46 Test Loss: 2.082043
Epoch 47 Train Loss: 0.654731
Epoch 47 Test Loss: 2.139022
Epoch 48 Train Loss: 0.632813
Epoch 48 Test Loss: 2.205846
Epoch 49 Train Loss: 0.637249
Epoch 49 Test Loss: 2.084841
Epoch 50 Train Loss: 0.623249
Epoch 50 Test Loss: 2.119566
Epoch 51 Train Loss: 0.624583
Epoch 51 Test Loss: 2.329614
Epoch 52 Train Loss: 0.611045
Epoch 52 Test Loss: 2.335941
Epoch 53 Train Loss: 0.606911
Epoch 53 Test Loss: 2.233010
Epoch 54 Train Loss: 0.601542
Epoch 54 Test Loss: 2.397105
Epoch 55 Train Loss: 0.592691
Epoch 55 Test Loss: 2.574145
Epoch 56 Train Loss: 0.588948
Epoch 56 Test Loss: 2.740424
Epoch 57 Train Loss: 0.588602
Epoch 57 Test Loss: 2.609769
Epoch 58 Train Loss: 0.584487
Epoch 58 Test Loss: 2.318290
Epoch 59 Train Loss: 0.576664
Epoch 59 Test Loss: 2.556248
Epoch 60 Train Loss: 0.572076
Epoch 60 Test Loss: 2.898466
Epoch 61 Train Loss: 0.569902
Epoch 61 Test Loss: 3.061194
Epoch 62 Train Loss: 0.564053
Epoch 62 Test Loss: 2.958339
Epoch 63 Train Loss: 0.559684
Epoch 63 Test Loss: 2.797079
Epoch 64 Train Loss: 0.559143
Epoch 64 Test Loss: 2.936814
Epoch 65 Train Loss: 0.555070
Epoch 65 Test Loss: 3.036558
Epoch 66 Train Loss: 0.548847
Epoch 66 Test Loss: 2.829223
Epoch 67 Train Loss: 0.545487
Epoch 67 Test Loss: 2.794995
Epoch 68 Train Loss: 0.545287
Epoch 68 Test Loss: 2.897777
Epoch 69 Train Loss: 0.538438
Epoch 69 Test Loss: 3.072519
Epoch 70 Train Loss: 0.538056
Epoch 70 Test Loss: 3.017761
Epoch 71 Train Loss: 0.533234
Epoch 71 Test Loss: 2.884756
Epoch 72 Train Loss: 0.530833
Epoch 72 Test Loss: 3.115734
Epoch 73 Train Loss: 0.526516
Epoch 73 Test Loss: 3.262052
Epoch 74 Train Loss: 0.528521
Epoch 74 Test Loss: 3.183200
Epoch 75 Train Loss: 0.523828
Epoch 75 Test Loss: 3.164039
Epoch 76 Train Loss: 0.521026
Epoch 76 Test Loss: 3.362894
Epoch 77 Train Loss: 0.520442
Epoch 77 Test Loss: 3.389090
Epoch 78 Train Loss: 0.518771
Epoch 78 Test Loss: 3.248763
Epoch 79 Train Loss: 0.514746
Epoch 79 Test Loss: 3.261290
Epoch 80 Train Loss: 0.512962
Epoch 80 Test Loss: 3.372055
Epoch 81 Train Loss: 0.511166
Epoch 81 Test Loss: 3.510777
Epoch 82 Train Loss: 0.511320
Epoch 82 Test Loss: 3.444485
Epoch 83 Train Loss: 0.507055
Epoch 83 Test Loss: 3.506558
Epoch 84 Train Loss: 0.504829
Epoch 84 Test Loss: 3.600698
Epoch 85 Train Loss: 0.503307
Epoch 85 Test Loss: 3.455220
Epoch 86 Train Loss: 0.505231
Epoch 86 Test Loss: 3.523033
Epoch 87 Train Loss: 0.500323
Epoch 87 Test Loss: 3.610087
Epoch 88 Train Loss: 0.502114
Epoch 88 Test Loss: 3.733062
Epoch 89 Train Loss: 0.494211
Epoch 89 Test Loss: 3.739470
Epoch 90 Train Loss: 0.493498
Epoch 90 Test Loss: 3.641848
Epoch 91 Train Loss: 0.491794
Epoch 91 Test Loss: 3.770878
Epoch 92 Train Loss: 0.489098
Epoch 92 Test Loss: 3.708339
Epoch 93 Train Loss: 0.487557
Epoch 93 Test Loss: 3.644766
Epoch 94 Train Loss: 0.482480
Epoch 94 Test Loss: 3.773754
Epoch 95 Train Loss: 0.484029
Epoch 95 Test Loss: 3.839354
Epoch 96 Train Loss: 0.482171
Epoch 96 Test Loss: 3.919400
Epoch 97 Train Loss: 0.483763
Epoch 97 Test Loss: 3.772281
Epoch 98 Train Loss: 0.477653
Epoch 98 Test Loss: 3.926773
Epoch 99 Train Loss: 0.475241
Epoch 99 Test Loss: 3.924785
Epoch 100 Train Loss: 0.473725
Epoch 100 Test Loss: 3.864535
Epoch 101 Train Loss: 0.468797
Epoch 101 Test Loss: 4.060297
Epoch 102 Train Loss: 0.470167
Epoch 102 Test Loss: 4.093334
Epoch 103 Train Loss: 0.467780
Epoch 103 Test Loss: 3.943452
Epoch 104 Train Loss: 0.468020
Epoch 104 Test Loss: 4.222277
Epoch 105 Train Loss: 0.471051
Epoch 105 Test Loss: 4.241292
Epoch 106 Train Loss: 0.463729
Epoch 106 Test Loss: 4.188992
Epoch 107 Train Loss: 0.463304
Epoch 107 Test Loss: 4.052354
Epoch 108 Train Loss: 0.460322
Epoch 108 Test Loss: 4.049758
Epoch 109 Train Loss: 0.463587
Epoch 109 Test Loss: 4.373250
Epoch 110 Train Loss: 0.459500
Epoch 110 Test Loss: 4.236376
Epoch 111 Train Loss: 0.455704
Epoch 111 Test Loss: 4.036825
Epoch 112 Train Loss: 0.455964
Epoch 112 Test Loss: 4.188274
Epoch 113 Train Loss: 0.454426
Epoch 113 Test Loss: 4.231912
Epoch 114 Train Loss: 0.452594
Epoch 114 Test Loss: 4.368296
Epoch 115 Train Loss: 0.447955
Epoch 115 Test Loss: 4.353971
Epoch 116 Train Loss: 0.448674
Epoch 116 Test Loss: 4.243971
Epoch 117 Train Loss: 0.446304
Epoch 117 Test Loss: 4.271274
Epoch 118 Train Loss: 0.444218
Epoch 118 Test Loss: 4.284548
Epoch 119 Train Loss: 0.447125
Epoch 119 Test Loss: 4.472755
Epoch 120 Train Loss: 0.441881
Epoch 120 Test Loss: 4.454304
Epoch 121 Train Loss: 0.442917
Epoch 121 Test Loss: 4.355589
Epoch 122 Train Loss: 0.437085
Epoch 122 Test Loss: 4.313142
Epoch 123 Train Loss: 0.439858
Epoch 123 Test Loss: 4.549633
Epoch 124 Train Loss: 0.442022
Epoch 124 Test Loss: 4.609539
Epoch 125 Train Loss: 0.437755
Epoch 125 Test Loss: 4.640263
Epoch 126 Train Loss: 0.438119
Epoch 126 Test Loss: 4.579737
Epoch 127 Train Loss: 0.436765
Epoch 127 Test Loss: 4.589724
Epoch 128 Train Loss: 0.436443
Epoch 128 Test Loss: 4.801855
Epoch 129 Train Loss: 0.433706
Epoch 129 Test Loss: 4.934389
Epoch 130 Train Loss: 0.432229
Epoch 130 Test Loss: 4.794177
Epoch 131 Train Loss: 0.433311
Epoch 131 Test Loss: 4.672048
Epoch 132 Train Loss: 0.432385
Epoch 132 Test Loss: 4.789153
Epoch 133 Train Loss: 0.428913
Epoch 133 Test Loss: 5.003878
Epoch 134 Train Loss: 0.428907
Epoch 134 Test Loss: 5.012949
Epoch 135 Train Loss: 0.430478
Epoch 135 Test Loss: 4.944680
Epoch 136 Train Loss: 0.429737
Epoch 136 Test Loss: 4.868138
Epoch 137 Train Loss: 0.427240
Epoch 137 Test Loss: 4.948634
Epoch 138 Train Loss: 0.423579
Epoch 138 Test Loss: 4.970017
Epoch 139 Train Loss: 0.422379
Epoch 139 Test Loss: 5.015484
Epoch 140 Train Loss: 0.424602
Epoch 140 Test Loss: 5.047253
Epoch 141 Train Loss: 0.425377
Epoch 141 Test Loss: 5.211121
Epoch 142 Train Loss: 0.424934
Epoch 142 Test Loss: 5.278028
Epoch 143 Train Loss: 0.423431
Epoch 143 Test Loss: 5.249525
Epoch 144 Train Loss: 0.424715
Epoch 144 Test Loss: 5.179353
Epoch 145 Train Loss: 0.422874
Epoch 145 Test Loss: 5.112369
Epoch 146 Train Loss: 0.421754
Epoch 146 Test Loss: 5.208213
Epoch 147 Train Loss: 0.419554
Epoch 147 Test Loss: 5.304023
Epoch 148 Train Loss: 0.420162
Epoch 148 Test Loss: 5.376201
Epoch 149 Train Loss: 0.421313
Epoch 149 Test Loss: 5.373573
Epoch 150 Train Loss: 0.417248
Epoch 150 Test Loss: 5.330999
Epoch 151 Train Loss: 0.418618
Epoch 151 Test Loss: 5.403968
Epoch 152 Train Loss: 0.419707
Epoch 152 Test Loss: 5.456383
Epoch 153 Train Loss: 0.415979
Epoch 153 Test Loss: 5.620459
Epoch 154 Train Loss: 0.417757
Epoch 154 Test Loss: 5.626901
Epoch 155 Train Loss: 0.418374
Epoch 155 Test Loss: 5.524918
Epoch 156 Train Loss: 0.416912
Epoch 156 Test Loss: 5.516074
Epoch 157 Train Loss: 0.415615
Epoch 157 Test Loss: 5.587253
Epoch 158 Train Loss: 0.416652
Epoch 158 Test Loss: 5.596417
Epoch 159 Train Loss: 0.414689
Epoch 159 Test Loss: 5.626004
Epoch 160 Train Loss: 0.414206
Epoch 160 Test Loss: 5.606677
Epoch 161 Train Loss: 0.417033
Epoch 161 Test Loss: 5.649490
Epoch 162 Train Loss: 0.414362
Epoch 162 Test Loss: 5.643478
Epoch 163 Train Loss: 0.414278
Epoch 163 Test Loss: 5.627911
Epoch 164 Train Loss: 0.411230
Epoch 164 Test Loss: 5.641596
Epoch 165 Train Loss: 0.414371
Epoch 165 Test Loss: 5.700477
Epoch 166 Train Loss: 0.412099
Epoch 166 Test Loss: 5.792576
Epoch 167 Train Loss: 0.413805
Epoch 167 Test Loss: 5.879655
Namespace(batch_size=32, class_choice=None, dataset='shapenetpart', dropout=0.5, emb_dims=1024, epochs=200, eval=False, exp_name='regression_0819_no_tl', k=40, learnweight='', lr=0.0001, model='dgcnn_regression', model_path='pretrained/model.partseg.t7', momentum=0.9, no_cuda=False, num_points=4096, scheduler='cos', seed=1, test_batch_size=16, use_sgd=True, visu='', visu_format='ply')
Using GPU : 0 from 1 devices
Namespace(batch_size=32, class_choice=None, dataset='shapenetpart', dropout=0.5, emb_dims=1024, epochs=200, eval=False, exp_name='regression_0819_no_tl', k=40, learnweight='', lr=0.0001, model='dgcnn_regression', model_path='pretrained/model.partseg.t7', momentum=0.9, no_cuda=False, num_points=4096, scheduler='cos', seed=1, test_batch_size=16, use_sgd=True, visu='', visu_format='ply')
Using GPU : 0 from 1 devices
Epoch 0 Train Loss: 6.968942
Epoch 0 Test Loss: 10.899611
Saved best model to outputs/regression_0819_no_tl/models/model.t7
Epoch 1 Train Loss: 2.519407
Epoch 1 Test Loss: 67.641495
Epoch 2 Train Loss: 3.033648
Epoch 2 Test Loss: 174.601501
Epoch 3 Train Loss: 4.684824
Epoch 3 Test Loss: 201.273621
Epoch 4 Train Loss: 3.012378
Epoch 4 Test Loss: 89.998993
Epoch 5 Train Loss: 1.746755
Epoch 5 Test Loss: 38.617508
Epoch 6 Train Loss: 3.074832
Epoch 6 Test Loss: 48.616066
Epoch 7 Train Loss: 3.211265
Epoch 7 Test Loss: 73.267975
Epoch 8 Train Loss: 1.889280
Epoch 8 Test Loss: 83.217758
Epoch 9 Train Loss: 1.801558
Epoch 9 Test Loss: 94.977081
Epoch 10 Train Loss: 2.592584
Epoch 10 Test Loss: 108.119324
Epoch 11 Train Loss: 2.201935
Epoch 11 Test Loss: 85.113907
Epoch 12 Train Loss: 1.500772
Epoch 12 Test Loss: 46.166588
Epoch 13 Train Loss: 1.686797
Epoch 13 Test Loss: 28.010937
Epoch 14 Train Loss: 1.988798
Epoch 14 Test Loss: 31.067478
Epoch 15 Train Loss: 1.656934
Epoch 15 Test Loss: 43.531075
Epoch 16 Train Loss: 1.289214
Epoch 16 Test Loss: 52.806290
Epoch 17 Train Loss: 1.372896
Epoch 17 Test Loss: 41.933601
Epoch 18 Train Loss: 1.482558
Epoch 18 Test Loss: 25.628702
Epoch 19 Train Loss: 1.278965
Epoch 19 Test Loss: 14.840622
Epoch 20 Train Loss: 1.046530
Epoch 20 Test Loss: 12.298133
Epoch 21 Train Loss: 1.112588
Epoch 21 Test Loss: 12.282877
Epoch 22 Train Loss: 1.155045
Epoch 22 Test Loss: 13.232485
Epoch 23 Train Loss: 0.999360
Epoch 23 Test Loss: 14.206816
Epoch 24 Train Loss: 0.904765
Epoch 24 Test Loss: 14.969420
Epoch 25 Train Loss: 0.955142
Epoch 25 Test Loss: 14.747475
Epoch 26 Train Loss: 0.980053
Epoch 26 Test Loss: 10.469431
Saved best model to outputs/regression_0819_no_tl/models/model.t7
Epoch 27 Train Loss: 0.871800
Epoch 27 Test Loss: 6.351238
Saved best model to outputs/regression_0819_no_tl/models/model.t7
Epoch 28 Train Loss: 0.819114
Epoch 28 Test Loss: 4.332573
Saved best model to outputs/regression_0819_no_tl/models/model.t7
Epoch 29 Train Loss: 0.828187
Epoch 29 Test Loss: 3.526856
Saved best model to outputs/regression_0819_no_tl/models/model.t7
Epoch 30 Train Loss: 0.843251
Epoch 30 Test Loss: 3.899523
Epoch 31 Train Loss: 0.799006
Epoch 31 Test Loss: 4.475329
Epoch 32 Train Loss: 0.742648
Epoch 32 Test Loss: 4.844154
Epoch 33 Train Loss: 0.750813
Epoch 33 Test Loss: 4.677371
Epoch 34 Train Loss: 0.760533
Epoch 34 Test Loss: 3.692224
Epoch 35 Train Loss: 0.726061
Epoch 35 Test Loss: 2.916372
Saved best model to outputs/regression_0819_no_tl/models/model.t7
Epoch 36 Train Loss: 0.691108
Epoch 36 Test Loss: 2.454713
Saved best model to outputs/regression_0819_no_tl/models/model.t7
Epoch 37 Train Loss: 0.694965
Epoch 37 Test Loss: 2.420910
Saved best model to outputs/regression_0819_no_tl/models/model.t7
Epoch 38 Train Loss: 0.701408
Epoch 38 Test Loss: 2.400345
Saved best model to outputs/regression_0819_no_tl/models/model.t7
Epoch 39 Train Loss: 0.688448
Epoch 39 Test Loss: 2.350302
Saved best model to outputs/regression_0819_no_tl/models/model.t7
Epoch 40 Train Loss: 0.657679
Epoch 40 Test Loss: 2.383409
Epoch 41 Train Loss: 0.651124
Epoch 41 Test Loss: 2.518145
Epoch 42 Train Loss: 0.653298
Epoch 42 Test Loss: 2.560286
Epoch 43 Train Loss: 0.645103
Epoch 43 Test Loss: 2.553495
Epoch 44 Train Loss: 0.634359
Epoch 44 Test Loss: 2.433377
Epoch 45 Train Loss: 0.619121
Epoch 45 Test Loss: 2.222620
Saved best model to outputs/regression_0819_no_tl/models/model.t7
Epoch 46 Train Loss: 0.621553
Epoch 46 Test Loss: 2.121733
Saved best model to outputs/regression_0819_no_tl/models/model.t7
Epoch 47 Train Loss: 0.620408
Epoch 47 Test Loss: 2.037238
Saved best model to outputs/regression_0819_no_tl/models/model.t7
Epoch 48 Train Loss: 0.609015
Epoch 48 Test Loss: 2.019669
Saved best model to outputs/regression_0819_no_tl/models/model.t7
Epoch 49 Train Loss: 0.601500
Epoch 49 Test Loss: 2.061929
Epoch 50 Train Loss: 0.594662
Epoch 50 Test Loss: 2.076586
Epoch 51 Train Loss: 0.592167
Epoch 51 Test Loss: 2.115166
Epoch 52 Train Loss: 0.588746
Epoch 52 Test Loss: 2.123153
Epoch 53 Train Loss: 0.580264
Epoch 53 Test Loss: 2.198545
Epoch 54 Train Loss: 0.578361
Epoch 54 Test Loss: 2.161546
Epoch 55 Train Loss: 0.572249
Epoch 55 Test Loss: 2.093797
Epoch 56 Train Loss: 0.571364
Epoch 56 Test Loss: 2.072845
Epoch 57 Train Loss: 0.565560
Epoch 57 Test Loss: 2.076935
Epoch 58 Train Loss: 0.561865
Epoch 58 Test Loss: 2.117457
Epoch 59 Train Loss: 0.561195
Epoch 59 Test Loss: 2.116349
Epoch 60 Train Loss: 0.557447
Epoch 60 Test Loss: 2.084860
Epoch 61 Train Loss: 0.554685
Epoch 61 Test Loss: 2.049494
Epoch 62 Train Loss: 0.551134
Epoch 62 Test Loss: 2.140087
Epoch 63 Train Loss: 0.548316
Epoch 63 Test Loss: 2.132324
Epoch 64 Train Loss: 0.549130
Epoch 64 Test Loss: 2.171010
Epoch 65 Train Loss: 0.543056
Epoch 65 Test Loss: 2.146941
Epoch 66 Train Loss: 0.538144
Epoch 66 Test Loss: 2.087096
Epoch 67 Train Loss: 0.540764
Epoch 67 Test Loss: 2.210857
Epoch 68 Train Loss: 0.536768
Epoch 68 Test Loss: 2.182796
Epoch 69 Train Loss: 0.537337
Epoch 69 Test Loss: 2.340913
Epoch 70 Train Loss: 0.535503
Epoch 70 Test Loss: 2.315606
Epoch 71 Train Loss: 0.529395
Epoch 71 Test Loss: 2.398061
Epoch 72 Train Loss: 0.525122
Epoch 72 Test Loss: 2.416882
Epoch 73 Train Loss: 0.523615
Epoch 73 Test Loss: 2.404072
Epoch 74 Train Loss: 0.521436
Epoch 74 Test Loss: 2.467354
Epoch 75 Train Loss: 0.517626
Epoch 75 Test Loss: 2.408846
Epoch 76 Train Loss: 0.518837
Epoch 76 Test Loss: 2.449903
Epoch 77 Train Loss: 0.514828
Epoch 77 Test Loss: 2.518682
Epoch 78 Train Loss: 0.512364
Epoch 78 Test Loss: 2.500684
Epoch 79 Train Loss: 0.512904
Epoch 79 Test Loss: 2.621741
Epoch 80 Train Loss: 0.514676
Epoch 80 Test Loss: 2.433777
Epoch 81 Train Loss: 0.508331
Epoch 81 Test Loss: 2.531484
Epoch 82 Train Loss: 0.510359
Epoch 82 Test Loss: 2.437837
Epoch 83 Train Loss: 0.504992
Epoch 83 Test Loss: 2.586231
Epoch 84 Train Loss: 0.502468
Epoch 84 Test Loss: 2.503358
Epoch 85 Train Loss: 0.499106
Epoch 85 Test Loss: 2.571217
Epoch 86 Train Loss: 0.495289
Epoch 86 Test Loss: 2.522117
Epoch 87 Train Loss: 0.495349
Epoch 87 Test Loss: 2.518805
Epoch 88 Train Loss: 0.495435
Epoch 88 Test Loss: 2.645094
Epoch 89 Train Loss: 0.491145
Epoch 89 Test Loss: 2.569012
Epoch 90 Train Loss: 0.488518
Epoch 90 Test Loss: 2.639665
Epoch 91 Train Loss: 0.484826
Epoch 91 Test Loss: 2.622332
Epoch 92 Train Loss: 0.483772
Epoch 92 Test Loss: 2.670325
Epoch 93 Train Loss: 0.483477
Epoch 93 Test Loss: 2.759637
Epoch 94 Train Loss: 0.481964
Epoch 94 Test Loss: 2.843704
Epoch 95 Train Loss: 0.477375
Epoch 95 Test Loss: 2.949549
Epoch 96 Train Loss: 0.480446
Epoch 96 Test Loss: 2.903926
Epoch 97 Train Loss: 0.477237
Epoch 97 Test Loss: 2.933381
Epoch 98 Train Loss: 0.474085
Epoch 98 Test Loss: 2.974250
Epoch 99 Train Loss: 0.473523
Epoch 99 Test Loss: 3.054377
Epoch 100 Train Loss: 0.472860
Epoch 100 Test Loss: 3.143992
Epoch 101 Train Loss: 0.472313
Epoch 101 Test Loss: 3.200362
Epoch 102 Train Loss: 0.472512
Epoch 102 Test Loss: 3.247442
Epoch 103 Train Loss: 0.470033
Epoch 103 Test Loss: 3.319680
Epoch 104 Train Loss: 0.467059
Epoch 104 Test Loss: 3.276659
Epoch 105 Train Loss: 0.466891
Epoch 105 Test Loss: 3.287029
Epoch 106 Train Loss: 0.463974
Epoch 106 Test Loss: 3.331736
Epoch 107 Train Loss: 0.462291
Epoch 107 Test Loss: 3.279544
Epoch 108 Train Loss: 0.462216
Epoch 108 Test Loss: 3.352351
Epoch 109 Train Loss: 0.458544
Epoch 109 Test Loss: 3.408440
Epoch 110 Train Loss: 0.458787
Epoch 110 Test Loss: 3.415952
Epoch 111 Train Loss: 0.456961
Epoch 111 Test Loss: 3.407239
Epoch 112 Train Loss: 0.457163
Epoch 112 Test Loss: 3.378241
Epoch 113 Train Loss: 0.455573
Epoch 113 Test Loss: 3.502834
Epoch 114 Train Loss: 0.453592
Epoch 114 Test Loss: 3.552671
Epoch 115 Train Loss: 0.451050
Epoch 115 Test Loss: 3.500578
Epoch 116 Train Loss: 0.454190
Epoch 116 Test Loss: 3.494337
Epoch 117 Train Loss: 0.454771
Epoch 117 Test Loss: 3.460545
Epoch 118 Train Loss: 0.447994
Epoch 118 Test Loss: 3.562965
Epoch 119 Train Loss: 0.451230
Epoch 119 Test Loss: 3.635652
Epoch 120 Train Loss: 0.449744
Epoch 120 Test Loss: 3.634669
Epoch 121 Train Loss: 0.450234
Epoch 121 Test Loss: 3.631551
Epoch 122 Train Loss: 0.451003
Epoch 122 Test Loss: 3.575717
Epoch 123 Train Loss: 0.450657
Epoch 123 Test Loss: 3.627372
Epoch 124 Train Loss: 0.446298
Epoch 124 Test Loss: 3.655950
Epoch 125 Train Loss: 0.447796
Epoch 125 Test Loss: 3.702326
Epoch 126 Train Loss: 0.448336
Epoch 126 Test Loss: 3.650023
Epoch 127 Train Loss: 0.447118
Epoch 127 Test Loss: 3.533410
Epoch 128 Train Loss: 0.443703
Epoch 128 Test Loss: 3.552137
Epoch 129 Train Loss: 0.445146
Epoch 129 Test Loss: 3.636633
Epoch 130 Train Loss: 0.447687
Epoch 130 Test Loss: 3.627162
Epoch 131 Train Loss: 0.442231
Epoch 131 Test Loss: 3.648101
Epoch 132 Train Loss: 0.442354
Epoch 132 Test Loss: 3.648636
Epoch 133 Train Loss: 0.442913
Epoch 133 Test Loss: 3.595355
Epoch 134 Train Loss: 0.439105
Epoch 134 Test Loss: 3.635140
Epoch 135 Train Loss: 0.439186
Epoch 135 Test Loss: 3.682807
Epoch 136 Train Loss: 0.440333
Epoch 136 Test Loss: 3.655824
Epoch 137 Train Loss: 0.440588
Epoch 137 Test Loss: 3.588464
Epoch 138 Train Loss: 0.438576
Epoch 138 Test Loss: 3.574545
Epoch 139 Train Loss: 0.439381
Epoch 139 Test Loss: 3.633878
Epoch 140 Train Loss: 0.439636
Epoch 140 Test Loss: 3.712853
Epoch 141 Train Loss: 0.435569
Epoch 141 Test Loss: 3.703233
Epoch 142 Train Loss: 0.438887
Epoch 142 Test Loss: 3.702132
Epoch 143 Train Loss: 0.435424
Epoch 143 Test Loss: 3.789683
Epoch 144 Train Loss: 0.437563
Epoch 144 Test Loss: 3.762612
Epoch 145 Train Loss: 0.437047
Epoch 145 Test Loss: 3.700418
Epoch 146 Train Loss: 0.434900
Epoch 146 Test Loss: 3.712842
Epoch 147 Train Loss: 0.437804
Epoch 147 Test Loss: 3.740445
Epoch 148 Train Loss: 0.434171
Epoch 148 Test Loss: 3.750463
Epoch 149 Train Loss: 0.437068
Epoch 149 Test Loss: 3.742730
Epoch 150 Train Loss: 0.434377
Epoch 150 Test Loss: 3.773724
Epoch 151 Train Loss: 0.431052
Epoch 151 Test Loss: 3.795847
Epoch 152 Train Loss: 0.432687
Epoch 152 Test Loss: 3.740130
Epoch 153 Train Loss: 0.432707
Epoch 153 Test Loss: 3.706791
Epoch 154 Train Loss: 0.432934
Epoch 154 Test Loss: 3.741384
Epoch 155 Train Loss: 0.430697
Epoch 155 Test Loss: 3.737298
Epoch 156 Train Loss: 0.431284
Epoch 156 Test Loss: 3.752619
Epoch 157 Train Loss: 0.429829
Epoch 157 Test Loss: 3.785138
Epoch 158 Train Loss: 0.429342
Epoch 158 Test Loss: 3.875717
Epoch 159 Train Loss: 0.428697
Epoch 159 Test Loss: 3.855031
Epoch 160 Train Loss: 0.432301
Epoch 160 Test Loss: 3.798633
Epoch 161 Train Loss: 0.428654
Epoch 161 Test Loss: 3.695515
Epoch 162 Train Loss: 0.429576
Epoch 162 Test Loss: 3.733696
Epoch 163 Train Loss: 0.426738
Epoch 163 Test Loss: 3.828936
Epoch 164 Train Loss: 0.429454
Epoch 164 Test Loss: 3.868823
Epoch 165 Train Loss: 0.428016
Epoch 165 Test Loss: 3.829696
Epoch 166 Train Loss: 0.429009
Epoch 166 Test Loss: 3.784304
Epoch 167 Train Loss: 0.429221
Epoch 167 Test Loss: 3.795154
Epoch 168 Train Loss: 0.428745
Epoch 168 Test Loss: 3.776312
Epoch 169 Train Loss: 0.427884
Epoch 169 Test Loss: 3.771995
Epoch 170 Train Loss: 0.429089
Epoch 170 Test Loss: 3.763901
Epoch 171 Train Loss: 0.428102
Epoch 171 Test Loss: 3.772924
Epoch 172 Train Loss: 0.424457
Epoch 172 Test Loss: 3.761308
Epoch 173 Train Loss: 0.425033
Epoch 173 Test Loss: 3.804025
Epoch 174 Train Loss: 0.428358
Epoch 174 Test Loss: 3.848248
Epoch 175 Train Loss: 0.426653
Epoch 175 Test Loss: 3.882369
Epoch 176 Train Loss: 0.423925
Epoch 176 Test Loss: 3.829512
Epoch 177 Train Loss: 0.423946
Epoch 177 Test Loss: 3.817284
Epoch 178 Train Loss: 0.423281
Epoch 178 Test Loss: 3.827959
Epoch 179 Train Loss: 0.424195
Epoch 179 Test Loss: 3.855058
Epoch 180 Train Loss: 0.421140
Epoch 180 Test Loss: 3.871546
Epoch 181 Train Loss: 0.424271
Epoch 181 Test Loss: 3.879349
Epoch 182 Train Loss: 0.424864
Epoch 182 Test Loss: 3.885161
Epoch 183 Train Loss: 0.425325
Epoch 183 Test Loss: 3.888710
Epoch 184 Train Loss: 0.423057
Epoch 184 Test Loss: 3.921271
Epoch 185 Train Loss: 0.425438
Epoch 185 Test Loss: 3.970070
Epoch 186 Train Loss: 0.424782
Epoch 186 Test Loss: 3.977617
Epoch 187 Train Loss: 0.424126
Epoch 187 Test Loss: 3.988441
Epoch 188 Train Loss: 0.422953
Epoch 188 Test Loss: 3.951471
Epoch 189 Train Loss: 0.420201
Epoch 189 Test Loss: 3.924225
Epoch 190 Train Loss: 0.424091
Epoch 190 Test Loss: 3.939451
Epoch 191 Train Loss: 0.422232
Epoch 191 Test Loss: 3.978153
Epoch 192 Train Loss: 0.422547
Epoch 192 Test Loss: 3.976374
Epoch 193 Train Loss: 0.423808
Epoch 193 Test Loss: 3.994979
Epoch 194 Train Loss: 0.420919
Epoch 194 Test Loss: 3.982025
Epoch 195 Train Loss: 0.420629
Epoch 195 Test Loss: 3.983276
Epoch 196 Train Loss: 0.421214
Epoch 196 Test Loss: 3.957049
Epoch 197 Train Loss: 0.423614
Epoch 197 Test Loss: 3.990941
Epoch 198 Train Loss: 0.420921
Epoch 198 Test Loss: 3.992689
Epoch 199 Train Loss: 0.421160
Epoch 199 Test Loss: 4.035415
