Namespace(batch_size=32, class_choice=None, dataset='shapenetpart', dropout=0.5, emb_dims=1024, epochs=200, eval=False, exp_name='regression_0818_2', k=40, learnweight='transfer', lr=0.0005, model='dgcnn_regression', model_path='pretrained/model.partseg.t7', momentum=0.9, no_cuda=False, num_points=4096, scheduler='cos', seed=1, test_batch_size=16, use_sgd=True, visu='', visu_format='ply')
Using GPU : 0 from 1 devices
Transfer learning enabled
Epoch 0 Train Loss: 6.954853
Epoch 0 Test Loss: 348.646057
Saved best model to outputs/regression_0818_2/models/model.t7
Epoch 1 Train Loss: 23.652985
Epoch 1 Test Loss: 2471.027832
Epoch 2 Train Loss: 34.987003
Epoch 2 Test Loss: 2.113402
Saved best model to outputs/regression_0818_2/models/model.t7
Epoch 3 Train Loss: 15.533243
Epoch 3 Test Loss: 97451.734375
Epoch 4 Train Loss: 22.081884
Epoch 4 Test Loss: 3109281.750000
Epoch 5 Train Loss: 592.670898
Epoch 5 Test Loss: 315548.875000
Epoch 6 Train Loss: 6170.795410
Epoch 6 Test Loss: 83636032.000000
Epoch 7 Train Loss: 15160.751953
Epoch 7 Test Loss: 10284940288.000000
Epoch 8 Train Loss: 34921.582031
Epoch 8 Test Loss: 4392801280.000000
Epoch 9 Train Loss: 55462.332031
Epoch 9 Test Loss: 7402431488.000000
Epoch 10 Train Loss: 126116.203125
Epoch 10 Test Loss: 5687566336.000000
Epoch 11 Train Loss: 649910.187500
Epoch 11 Test Loss: 1323834368.000000
Epoch 12 Train Loss: 1863019.625000
Epoch 12 Test Loss: 5233502208.000000
Epoch 13 Train Loss: 1637740.375000
Epoch 13 Test Loss: 1528029952.000000
Epoch 14 Train Loss: 997224.437500
Epoch 14 Test Loss: 46842667008.000000
Epoch 15 Train Loss: 936271.625000
Epoch 15 Test Loss: 3404592896.000000
Epoch 16 Train Loss: 3435466.500000
Epoch 16 Test Loss: 7493400576.000000
Epoch 17 Train Loss: 8296751.500000
Epoch 17 Test Loss: 2090627072.000000
Epoch 18 Train Loss: 22106682.000000
Epoch 18 Test Loss: 402628352.000000
Epoch 19 Train Loss: 41550764.000000
Epoch 19 Test Loss: 4505904128.000000
Epoch 20 Train Loss: 54885472.000000
Epoch 20 Test Loss: 293408866304.000000
Epoch 21 Train Loss: 107089336.000000
Epoch 21 Test Loss: 51272818688.000000
Epoch 22 Train Loss: 100917576.000000
Epoch 22 Test Loss: 29263237120.000000
Epoch 23 Train Loss: 47154980.000000
Epoch 23 Test Loss: 61368025088.000000
Epoch 24 Train Loss: 95808824.000000
Epoch 24 Test Loss: 293063819264.000000
Epoch 25 Train Loss: 738885952.000000
Epoch 25 Test Loss: 439950180352.000000
Epoch 26 Train Loss: 4927650304.000000
Epoch 26 Test Loss: 16151004315648.000000
Epoch 27 Train Loss: 9485858816.000000
Epoch 27 Test Loss: 6142507876352.000000
Epoch 28 Train Loss: 11938180096.000000
Epoch 28 Test Loss: 18985382838272.000000
Epoch 29 Train Loss: 17838690304.000000
Epoch 29 Test Loss: 509220784963584.000000
Epoch 30 Train Loss: 47100243968.000000
Epoch 30 Test Loss: 1875964002828288.000000
Epoch 31 Train Loss: 325545197568.000000
Epoch 31 Test Loss: 35677936812032.000000
Epoch 32 Train Loss: 2398881054720.000000
Epoch 32 Test Loss: 32338054312099840.000000
Epoch 33 Train Loss: 8657717166080.000000
Epoch 33 Test Loss: 8748203243504402432.000000
Epoch 34 Train Loss: 6297569722368.000000
Epoch 34 Test Loss: 374858732640665600.000000
Epoch 35 Train Loss: 9672546320384.000000
Epoch 35 Test Loss: 400447563674681344.000000
Epoch 36 Train Loss: 89389401112576.000000
Epoch 36 Test Loss: 2483016113890263040.000000
Namespace(batch_size=32, class_choice=None, dataset='shapenetpart', dropout=0.5, emb_dims=1024, epochs=200, eval=False, exp_name='regression_0818_2', k=40, learnweight='transfer', lr=0.0003, model='dgcnn_regression', model_path='pretrained/model.partseg.t7', momentum=0.9, no_cuda=False, num_points=4096, scheduler='cos', seed=1, test_batch_size=16, use_sgd=True, visu='', visu_format='ply')
Using GPU : 0 from 1 devices
Transfer learning enabled
Epoch 0 Train Loss: 7.024237
Epoch 0 Test Loss: 73.179733
Saved best model to outputs/regression_0818_2/models/model.t7
Epoch 1 Train Loss: 6.240345
Epoch 1 Test Loss: 174.897949
Epoch 2 Train Loss: 6.094203
Epoch 2 Test Loss: 173.229462
Epoch 3 Train Loss: 7.457565
Epoch 3 Test Loss: 113.222328
Epoch 4 Train Loss: 4.098832
Epoch 4 Test Loss: 1362.689331
Epoch 5 Train Loss: 5.902367
Epoch 5 Test Loss: 2512.113770
Epoch 6 Train Loss: 2.637412
Epoch 6 Test Loss: 84.683792
Epoch 7 Train Loss: 5.152977
Epoch 7 Test Loss: 399.406433
Epoch 8 Train Loss: 1.708125
Epoch 8 Test Loss: 1172.497314
Epoch 9 Train Loss: 4.326087
Epoch 9 Test Loss: 227.015991
Epoch 10 Train Loss: 1.648733
Epoch 10 Test Loss: 24.110691
Saved best model to outputs/regression_0818_2/models/model.t7
Epoch 11 Train Loss: 3.696382
Epoch 11 Test Loss: 145.366058
Epoch 12 Train Loss: 1.689142
Epoch 12 Test Loss: 171.317490
Epoch 13 Train Loss: 3.189897
Epoch 13 Test Loss: 36.963509
Epoch 14 Train Loss: 1.662013
Epoch 14 Test Loss: 13.820904
Saved best model to outputs/regression_0818_2/models/model.t7
Epoch 15 Train Loss: 2.907299
Epoch 15 Test Loss: 33.366272
Epoch 16 Train Loss: 1.647415
Epoch 16 Test Loss: 29.601683
Epoch 17 Train Loss: 2.569602
Epoch 17 Test Loss: 8.355608
Saved best model to outputs/regression_0818_2/models/model.t7
Epoch 18 Train Loss: 1.635958
Epoch 18 Test Loss: 4.354819
Saved best model to outputs/regression_0818_2/models/model.t7
Epoch 19 Train Loss: 2.340994
Epoch 19 Test Loss: 8.523980
Epoch 20 Train Loss: 1.585765
Epoch 20 Test Loss: 9.134949
Epoch 21 Train Loss: 2.174167
Epoch 21 Test Loss: 3.571762
Saved best model to outputs/regression_0818_2/models/model.t7
Epoch 22 Train Loss: 1.561478
Epoch 22 Test Loss: 2.050354
Saved best model to outputs/regression_0818_2/models/model.t7
Epoch 23 Train Loss: 1.986799
Epoch 23 Test Loss: 2.266864
Epoch 24 Train Loss: 1.513015
Epoch 24 Test Loss: 2.531861
Epoch 25 Train Loss: 1.858786
Epoch 25 Test Loss: 1.710957
Saved best model to outputs/regression_0818_2/models/model.t7
Epoch 26 Train Loss: 1.488870
Epoch 26 Test Loss: 1.634928
Saved best model to outputs/regression_0818_2/models/model.t7
Epoch 27 Train Loss: 1.765964
Epoch 27 Test Loss: 1.399845
Saved best model to outputs/regression_0818_2/models/model.t7
Epoch 28 Train Loss: 1.435973
Epoch 28 Test Loss: 1.619125
Epoch 29 Train Loss: 1.676373
Epoch 29 Test Loss: 1.416625
Epoch 30 Train Loss: 1.398947
Epoch 30 Test Loss: 1.505884
Epoch 31 Train Loss: 1.601168
Epoch 31 Test Loss: 1.287678
Saved best model to outputs/regression_0818_2/models/model.t7
Epoch 32 Train Loss: 1.367013
Epoch 32 Test Loss: 1.298552
Epoch 33 Train Loss: 1.521883
Epoch 33 Test Loss: 1.305606
Epoch 34 Train Loss: 1.324973
Epoch 34 Test Loss: 1.478985
Epoch 35 Train Loss: 1.465002
Epoch 35 Test Loss: 1.279418
Saved best model to outputs/regression_0818_2/models/model.t7
Epoch 36 Train Loss: 1.300040
Epoch 36 Test Loss: 1.196347
Saved best model to outputs/regression_0818_2/models/model.t7
Epoch 37 Train Loss: 1.411647
Epoch 37 Test Loss: 1.226686
Epoch 38 Train Loss: 1.288563
Epoch 38 Test Loss: 1.449523
Epoch 39 Train Loss: 1.357634
Epoch 39 Test Loss: 1.362231
Epoch 40 Train Loss: 1.257084
Epoch 40 Test Loss: 1.210755
Epoch 41 Train Loss: 1.309295
Epoch 41 Test Loss: 1.219969
Epoch 42 Train Loss: 1.240969
Epoch 42 Test Loss: 1.399616
Epoch 43 Train Loss: 1.270178
Epoch 43 Test Loss: 1.382678
Epoch 44 Train Loss: 1.233778
Epoch 44 Test Loss: 1.212690
Epoch 45 Train Loss: 1.231569
Epoch 45 Test Loss: 1.202549
Epoch 46 Train Loss: 1.217490
Epoch 46 Test Loss: 1.352345
Epoch 47 Train Loss: 1.191841
Epoch 47 Test Loss: 1.416004
Epoch 48 Train Loss: 1.202140
Epoch 48 Test Loss: 1.246460
Epoch 49 Train Loss: 1.173220
Epoch 49 Test Loss: 1.209920
Epoch 50 Train Loss: 1.174602
Epoch 50 Test Loss: 1.296459
Epoch 51 Train Loss: 1.142845
Epoch 51 Test Loss: 1.366861
Epoch 52 Train Loss: 1.160323
Epoch 52 Test Loss: 1.265826
Epoch 53 Train Loss: 1.129501
Epoch 53 Test Loss: 1.218343
Epoch 54 Train Loss: 1.139129
Epoch 54 Test Loss: 1.259584
Epoch 55 Train Loss: 1.118438
Epoch 55 Test Loss: 1.336267
Epoch 56 Train Loss: 1.112955
Epoch 56 Test Loss: 1.297209
Epoch 57 Train Loss: 1.105549
Epoch 57 Test Loss: 1.236941
Epoch 58 Train Loss: 1.107118
Epoch 58 Test Loss: 1.239315
Epoch 59 Train Loss: 1.081853
Epoch 59 Test Loss: 1.280985
Epoch 60 Train Loss: 1.068298
Epoch 60 Test Loss: 1.293251
Epoch 61 Train Loss: 1.064178
Epoch 61 Test Loss: 1.259960
Epoch 62 Train Loss: 1.054167
Epoch 62 Test Loss: 1.237018
Epoch 63 Train Loss: 1.055015
Epoch 63 Test Loss: 1.245084
Epoch 64 Train Loss: 1.057629
Epoch 64 Test Loss: 1.276295
Epoch 65 Train Loss: 1.047722
Epoch 65 Test Loss: 1.280416
Epoch 66 Train Loss: 1.028969
Epoch 66 Test Loss: 1.252704
Epoch 67 Train Loss: 1.023726
Epoch 67 Test Loss: 1.239668
Epoch 68 Train Loss: 1.021319
Epoch 68 Test Loss: 1.253742
Epoch 69 Train Loss: 1.006133
Epoch 69 Test Loss: 1.278915
Epoch 70 Train Loss: 1.009709
Epoch 70 Test Loss: 1.268548
Epoch 71 Train Loss: 1.003614
Epoch 71 Test Loss: 1.241835
Epoch 72 Train Loss: 0.993806
Epoch 72 Test Loss: 1.238832
Epoch 73 Train Loss: 0.994353
Epoch 73 Test Loss: 1.264334
Epoch 74 Train Loss: 0.984388
Epoch 74 Test Loss: 1.281746
Epoch 75 Train Loss: 0.976370
Epoch 75 Test Loss: 1.263899
Epoch 76 Train Loss: 0.972546
Epoch 76 Test Loss: 1.243377
Epoch 77 Train Loss: 0.974988
Epoch 77 Test Loss: 1.245407
Epoch 78 Train Loss: 0.965879
Epoch 78 Test Loss: 1.264984
Epoch 79 Train Loss: 0.954532
Epoch 79 Test Loss: 1.277150
Epoch 80 Train Loss: 0.958513
Epoch 80 Test Loss: 1.266550
Epoch 81 Train Loss: 0.950000
Epoch 81 Test Loss: 1.255357
Epoch 82 Train Loss: 0.932988
Epoch 82 Test Loss: 1.254848
Epoch 83 Train Loss: 0.941681
Epoch 83 Test Loss: 1.262873
Epoch 84 Train Loss: 0.935071
Epoch 84 Test Loss: 1.266374
Epoch 85 Train Loss: 0.934092
Epoch 85 Test Loss: 1.265235
Epoch 86 Train Loss: 0.919229
Epoch 86 Test Loss: 1.264997
Epoch 87 Train Loss: 0.933433
Epoch 87 Test Loss: 1.261368
Epoch 88 Train Loss: 0.916662
Epoch 88 Test Loss: 1.263251
Epoch 89 Train Loss: 0.915392
Epoch 89 Test Loss: 1.269868
Epoch 90 Train Loss: 0.917363
Epoch 90 Test Loss: 1.268996
Epoch 91 Train Loss: 0.898897
Epoch 91 Test Loss: 1.271149
Epoch 92 Train Loss: 0.897525
Epoch 92 Test Loss: 1.276366
Epoch 93 Train Loss: 0.908581
Epoch 93 Test Loss: 1.278404
Epoch 94 Train Loss: 0.892661
Epoch 94 Test Loss: 1.277452
Epoch 95 Train Loss: 0.886997
Epoch 95 Test Loss: 1.278832
Epoch 96 Train Loss: 0.885919
Epoch 96 Test Loss: 1.280015
Epoch 97 Train Loss: 0.891570
Epoch 97 Test Loss: 1.275449
Epoch 98 Train Loss: 0.888732
Epoch 98 Test Loss: 1.277576
Epoch 99 Train Loss: 0.883984
Epoch 99 Test Loss: 1.288198
Epoch 100 Train Loss: 0.874501
Epoch 100 Test Loss: 1.291482
Epoch 101 Train Loss: 0.872889
Epoch 101 Test Loss: 1.284712
Epoch 102 Train Loss: 0.877843
Epoch 102 Test Loss: 1.289841
Epoch 103 Train Loss: 0.872600
Epoch 103 Test Loss: 1.300162
Epoch 104 Train Loss: 0.870809
Epoch 104 Test Loss: 1.298242
Epoch 105 Train Loss: 0.864707
Epoch 105 Test Loss: 1.295112
Epoch 106 Train Loss: 0.863422
Epoch 106 Test Loss: 1.300651
Epoch 107 Train Loss: 0.864667
Epoch 107 Test Loss: 1.304225
Epoch 108 Train Loss: 0.858304
Epoch 108 Test Loss: 1.297635
Epoch 109 Train Loss: 0.856378
Epoch 109 Test Loss: 1.298149
Epoch 110 Train Loss: 0.854557
Epoch 110 Test Loss: 1.303689
Epoch 111 Train Loss: 0.854937
Epoch 111 Test Loss: 1.304301
Epoch 112 Train Loss: 0.845022
Epoch 112 Test Loss: 1.307853
Epoch 113 Train Loss: 0.847790
Epoch 113 Test Loss: 1.313464
Epoch 114 Train Loss: 0.839132
Epoch 114 Test Loss: 1.317485
Epoch 115 Train Loss: 0.838331
Epoch 115 Test Loss: 1.314321
Epoch 116 Train Loss: 0.835268
Epoch 116 Test Loss: 1.314418
Epoch 117 Train Loss: 0.837597
Epoch 117 Test Loss: 1.315559
Epoch 118 Train Loss: 0.839190
Epoch 118 Test Loss: 1.319668
Epoch 119 Train Loss: 0.829985
Epoch 119 Test Loss: 1.318203
Epoch 120 Train Loss: 0.835176
Epoch 120 Test Loss: 1.317035
Epoch 121 Train Loss: 0.830526
Epoch 121 Test Loss: 1.319051
Epoch 122 Train Loss: 0.818817
Epoch 122 Test Loss: 1.323402
Epoch 123 Train Loss: 0.826529
Epoch 123 Test Loss: 1.327403
Epoch 124 Train Loss: 0.823437
Epoch 124 Test Loss: 1.323066
Epoch 125 Train Loss: 0.820511
Epoch 125 Test Loss: 1.320261
Epoch 126 Train Loss: 0.819893
Epoch 126 Test Loss: 1.326362
Epoch 127 Train Loss: 0.816316
Epoch 127 Test Loss: 1.332261
Epoch 128 Train Loss: 0.813267
Epoch 128 Test Loss: 1.332848
Epoch 129 Train Loss: 0.815821
Epoch 129 Test Loss: 1.331765
Epoch 130 Train Loss: 0.818902
Epoch 130 Test Loss: 1.331624
Epoch 131 Train Loss: 0.821655
Epoch 131 Test Loss: 1.333971
Epoch 132 Train Loss: 0.813079
Epoch 132 Test Loss: 1.336125
Epoch 133 Train Loss: 0.809307
Epoch 133 Test Loss: 1.335632
Epoch 134 Train Loss: 0.809471
Epoch 134 Test Loss: 1.334357
Epoch 135 Train Loss: 0.806867
Epoch 135 Test Loss: 1.333482
Epoch 136 Train Loss: 0.798866
Epoch 136 Test Loss: 1.334197
Epoch 137 Train Loss: 0.809464
Epoch 137 Test Loss: 1.333007
Epoch 138 Train Loss: 0.807818
Epoch 138 Test Loss: 1.332348
Epoch 139 Train Loss: 0.797529
Epoch 139 Test Loss: 1.332925
Epoch 140 Train Loss: 0.809199
Epoch 140 Test Loss: 1.334875
Epoch 141 Train Loss: 0.803660
Epoch 141 Test Loss: 1.334685
Epoch 142 Train Loss: 0.807369
Epoch 142 Test Loss: 1.334909
Epoch 143 Train Loss: 0.795284
Epoch 143 Test Loss: 1.336564
Epoch 144 Train Loss: 0.799176
Epoch 144 Test Loss: 1.338169
Epoch 145 Train Loss: 0.797437
Epoch 145 Test Loss: 1.339398
Epoch 146 Train Loss: 0.800383
Epoch 146 Test Loss: 1.338004
Epoch 147 Train Loss: 0.794454
Epoch 147 Test Loss: 1.336609
Epoch 148 Train Loss: 0.797273
Epoch 148 Test Loss: 1.335436
Epoch 149 Train Loss: 0.795963
Epoch 149 Test Loss: 1.338463
Epoch 150 Train Loss: 0.791487
Epoch 150 Test Loss: 1.341473
Epoch 151 Train Loss: 0.792747
Epoch 151 Test Loss: 1.343579
Epoch 152 Train Loss: 0.788794
Epoch 152 Test Loss: 1.343071
Epoch 153 Train Loss: 0.797216
Epoch 153 Test Loss: 1.341496
Epoch 154 Train Loss: 0.790009
Epoch 154 Test Loss: 1.340341
Epoch 155 Train Loss: 0.785884
Epoch 155 Test Loss: 1.342564
Epoch 156 Train Loss: 0.795383
Epoch 156 Test Loss: 1.344238
Epoch 157 Train Loss: 0.793177
Epoch 157 Test Loss: 1.344798
Epoch 158 Train Loss: 0.792871
Epoch 158 Test Loss: 1.343662
Epoch 159 Train Loss: 0.798951
Epoch 159 Test Loss: 1.342328
Epoch 160 Train Loss: 0.783722
Epoch 160 Test Loss: 1.342784
Epoch 161 Train Loss: 0.788203
Epoch 161 Test Loss: 1.344960
Epoch 162 Train Loss: 0.792604
Epoch 162 Test Loss: 1.348357
Epoch 163 Train Loss: 0.787197
Epoch 163 Test Loss: 1.347273
Epoch 164 Train Loss: 0.789808
Epoch 164 Test Loss: 1.343825
Epoch 165 Train Loss: 0.788589
Epoch 165 Test Loss: 1.341753
Epoch 166 Train Loss: 0.781557
Epoch 166 Test Loss: 1.341783
Epoch 167 Train Loss: 0.786139
Epoch 167 Test Loss: 1.344012
Epoch 168 Train Loss: 0.786891
Epoch 168 Test Loss: 1.346759
Epoch 169 Train Loss: 0.776821
Epoch 169 Test Loss: 1.346652
Epoch 170 Train Loss: 0.783111
Epoch 170 Test Loss: 1.348104
Epoch 171 Train Loss: 0.787531
Epoch 171 Test Loss: 1.346632
Epoch 172 Train Loss: 0.782884
Epoch 172 Test Loss: 1.345371
Epoch 173 Train Loss: 0.791559
Epoch 173 Test Loss: 1.344303
Epoch 174 Train Loss: 0.786138
Epoch 174 Test Loss: 1.343644
Epoch 175 Train Loss: 0.786946
Epoch 175 Test Loss: 1.345634
Epoch 176 Train Loss: 0.791865
Epoch 176 Test Loss: 1.346292
Epoch 177 Train Loss: 0.781692
Epoch 177 Test Loss: 1.349070
Epoch 178 Train Loss: 0.786301
Epoch 178 Test Loss: 1.348482
Epoch 179 Train Loss: 0.787501
Epoch 179 Test Loss: 1.349754
Epoch 180 Train Loss: 0.783724
Epoch 180 Test Loss: 1.348451
Epoch 181 Train Loss: 0.779214
Epoch 181 Test Loss: 1.348228
Epoch 182 Train Loss: 0.784809
Epoch 182 Test Loss: 1.347982
Epoch 183 Train Loss: 0.780161
Epoch 183 Test Loss: 1.348906
Epoch 184 Train Loss: 0.778077
Epoch 184 Test Loss: 1.350821
Epoch 185 Train Loss: 0.777727
Epoch 185 Test Loss: 1.349175
Epoch 186 Train Loss: 0.779917
Epoch 186 Test Loss: 1.350061
Epoch 187 Train Loss: 0.783341
Epoch 187 Test Loss: 1.350361
Epoch 188 Train Loss: 0.778561
Epoch 188 Test Loss: 1.351711
Epoch 189 Train Loss: 0.773934
Epoch 189 Test Loss: 1.352298
Epoch 190 Train Loss: 0.791023
Epoch 190 Test Loss: 1.351959
Epoch 191 Train Loss: 0.781741
Epoch 191 Test Loss: 1.350687
Epoch 192 Train Loss: 0.776736
Epoch 192 Test Loss: 1.350334
Epoch 193 Train Loss: 0.779757
Epoch 193 Test Loss: 1.350393
Epoch 194 Train Loss: 0.778241
Epoch 194 Test Loss: 1.349642
Epoch 195 Train Loss: 0.786438
Epoch 195 Test Loss: 1.349521
Epoch 196 Train Loss: 0.781712
Epoch 196 Test Loss: 1.350354
Epoch 197 Train Loss: 0.775215
Epoch 197 Test Loss: 1.349610
Epoch 198 Train Loss: 0.769322
Epoch 198 Test Loss: 1.350819
Epoch 199 Train Loss: 0.777786
Epoch 199 Test Loss: 1.351646
