Namespace(batch_size=32, class_choice=None, dataset='shapenetpart', dropout=0.5, emb_dims=1024, epochs=200, eval=False, exp_name='regression_1', k=40, learnweight='transfer', lr=0.001, model='dgcnn', model_path='pretrained/model.partseg.t7', momentum=0.9, no_cuda=False, num_points=2048, scheduler='cos', seed=1, test_batch_size=16, use_sgd=True, visu='', visu_format='ply')
Using GPU : 0 from 1 devices
Namespace(batch_size=32, class_choice=None, dataset='shapenetpart', dropout=0.5, emb_dims=1024, epochs=200, eval=False, exp_name='regression_1', k=40, learnweight='transfer', lr=0.001, model='dgcnn', model_path='pretrained/model.partseg.t7', momentum=0.9, no_cuda=False, num_points=2048, scheduler='cos', seed=1, test_batch_size=16, use_sgd=True, visu='', visu_format='ply')
Using GPU : 0 from 1 devices
Namespace(batch_size=32, class_choice=None, dataset='shapenetpart', dropout=0.5, emb_dims=1024, epochs=200, eval=False, exp_name='regression_1', k=40, learnweight='transfer', lr=0.001, model='dgcnn', model_path='pretrained/model.partseg.t7', momentum=0.9, no_cuda=False, num_points=2048, scheduler='cos', seed=1, test_batch_size=16, use_sgd=True, visu='', visu_format='ply')
Using GPU : 0 from 1 devices
Transfer learning enabled
Namespace(batch_size=32, class_choice=None, dataset='shapenetpart', dropout=0.5, emb_dims=1024, epochs=200, eval=False, exp_name='regression_1', k=40, learnweight='transfer', lr=0.001, model='dgcnn', model_path='pretrained/model.partseg.t7', momentum=0.9, no_cuda=False, num_points=2048, scheduler='cos', seed=1, test_batch_size=16, use_sgd=True, visu='', visu_format='ply')
Using GPU : 0 from 1 devices
Transfer learning enabled
Namespace(batch_size=2, class_choice=None, dataset='shapenetpart', dropout=0.5, emb_dims=1024, epochs=200, eval=False, exp_name='regression_1', k=40, learnweight='transfer', lr=0.001, model='dgcnn', model_path='pretrained/model.partseg.t7', momentum=0.9, no_cuda=False, num_points=2048, scheduler='cos', seed=1, test_batch_size=16, use_sgd=True, visu='', visu_format='ply')
Using GPU : 0 from 1 devices
Transfer learning enabled
Namespace(batch_size=32, class_choice=None, dataset='shapenetpart', dropout=0.5, emb_dims=1024, epochs=200, eval=False, exp_name='regression_1', k=40, learnweight='transfer', lr=0.001, model='dgcnn', model_path='pretrained/model.partseg.t7', momentum=0.9, no_cuda=False, num_points=2048, scheduler='cos', seed=1, test_batch_size=16, use_sgd=True, visu='', visu_format='ply')
Using GPU : 0 from 1 devices
Transfer learning enabled
Namespace(batch_size=32, class_choice=None, dataset='shapenetpart', dropout=0.5, emb_dims=1024, epochs=200, eval=False, exp_name='regression_1', k=40, learnweight='transfer', lr=0.001, model='dgcnn', model_path='pretrained/model.partseg.t7', momentum=0.9, no_cuda=False, num_points=2048, scheduler='cos', seed=1, test_batch_size=16, use_sgd=True, visu='', visu_format='ply')
Using GPU : 0 from 1 devices
Transfer learning enabled
Namespace(batch_size=32, class_choice=None, dataset='shapenetpart', dropout=0.5, emb_dims=1024, epochs=200, eval=False, exp_name='regression_1', k=40, learnweight='transfer', lr=0.001, model='dgcnn', model_path='pretrained/model.partseg.t7', momentum=0.9, no_cuda=False, num_points=2048, scheduler='cos', seed=1, test_batch_size=16, use_sgd=True, visu='', visu_format='ply')
Using GPU : 0 from 1 devices
Transfer learning enabled
Namespace(batch_size=32, class_choice=None, dataset='shapenetpart', dropout=0.5, emb_dims=1024, epochs=200, eval=False, exp_name='regression_1', k=40, learnweight='transfer', lr=0.001, model='dgcnn_regression', model_path='pretrained/model.partseg.t7', momentum=0.9, no_cuda=False, num_points=2048, scheduler='cos', seed=1, test_batch_size=16, use_sgd=True, visu='', visu_format='ply')
Using GPU : 0 from 1 devices
Transfer learning enabled
Namespace(batch_size=32, class_choice=None, dataset='shapenetpart', dropout=0.5, emb_dims=1024, epochs=200, eval=False, exp_name='regression_1', k=40, learnweight='transfer', lr=0.001, model='dgcnn_regression', model_path='pretrained/model.partseg.t7', momentum=0.9, no_cuda=False, num_points=2048, scheduler='cos', seed=1, test_batch_size=16, use_sgd=True, visu='', visu_format='ply')
Using GPU : 0 from 1 devices
Transfer learning enabled
Epoch 0 Train Loss: 15.681030
Epoch 0 Test Loss: 245.295822
Saved best model to outputs/regression_1/models/model.t7
Epoch 1 Train Loss: 369.252960
Epoch 1 Test Loss: 53743640.000000
Epoch 2 Train Loss: 11638.966797
Epoch 2 Test Loss: 299174640016687104.000000
Epoch 3 Train Loss: 543922.750000
Epoch 3 Test Loss: 73386436853760.000000
Epoch 4 Train Loss: 17226718.000000
Epoch 4 Test Loss: 72219557254660096.000000
Epoch 5 Train Loss: 489610560.000000
Epoch 5 Test Loss: 444213211701444608.000000
Epoch 6 Train Loss: 11522342912.000000
Epoch 6 Test Loss: 54876554973555982336.000000
Epoch 7 Train Loss: 266390994944.000000
Epoch 7 Test Loss: 39603213971215383265280.000000
Epoch 8 Train Loss: 5567417942016.000000
Epoch 8 Test Loss: 1076719191536854630400.000000
Epoch 9 Train Loss: 127197025140736.000000
Epoch 9 Test Loss: 12843158179694727412056064.000000
Epoch 10 Train Loss: 3066367473352704.000000
Epoch 10 Test Loss: 7494678074082755631644672.000000
Epoch 11 Train Loss: 70110805621735424.000000
Epoch 11 Test Loss: 462869317859358516220788736.000000
Epoch 12 Train Loss: 1825122231898865664.000000
Epoch 12 Test Loss: 5073975908412552228698830405632.000000
Epoch 13 Train Loss: 58424793345598423040.000000
Epoch 13 Test Loss: 996966442376734485705733963776.000000
Epoch 14 Train Loss: 988117765005269532672.000000
Epoch 14 Test Loss: 36521467671685005173497371033600.000000
Epoch 15 Train Loss: 16580621273113244467200.000000
Epoch 15 Test Loss: 99199578368671783891556387258368.000000
Epoch 16 Train Loss: 300928833747436651413504.000000
Epoch 16 Test Loss: 644142911371538702649498353532928.000000
Epoch 17 Train Loss: 10842838216280343301849088.000000
Epoch 17 Test Loss: inf
Epoch 18 Train Loss: 447913730782062939505426432.000000
Epoch 18 Test Loss: inf
Epoch 19 Train Loss: 12279597899604835667044990976.000000
Epoch 19 Test Loss: nan
Epoch 20 Train Loss: nan
Epoch 20 Test Loss: nan
Epoch 21 Train Loss: nan
Epoch 21 Test Loss: nan
Epoch 22 Train Loss: nan
Epoch 22 Test Loss: nan
Epoch 23 Train Loss: nan
Epoch 23 Test Loss: nan
Epoch 24 Train Loss: nan
Epoch 24 Test Loss: nan
Epoch 25 Train Loss: nan
Epoch 25 Test Loss: nan
Epoch 26 Train Loss: nan
Epoch 26 Test Loss: nan
Epoch 27 Train Loss: nan
Epoch 27 Test Loss: nan
Namespace(batch_size=32, class_choice=None, dataset='shapenetpart', dropout=0.5, emb_dims=1024, epochs=200, eval=False, exp_name='regression_1', k=40, learnweight='transfer', lr=0.001, model='dgcnn_regression', model_path='pretrained/model.partseg.t7', momentum=0.9, no_cuda=False, num_points=2048, scheduler='cos', seed=1, test_batch_size=16, use_sgd=True, visu='', visu_format='ply')
Using GPU : 0 from 1 devices
Namespace(batch_size=32, class_choice=None, dataset='shapenetpart', dropout=0.5, emb_dims=1024, epochs=200, eval=False, exp_name='regression_1', k=40, learnweight='transfer', lr=0.001, model='dgcnn_regression', model_path='pretrained/model.partseg.t7', momentum=0.9, no_cuda=False, num_points=4096, scheduler='cos', seed=1, test_batch_size=16, use_sgd=True, visu='', visu_format='ply')
Using GPU : 0 from 1 devices
Namespace(batch_size=32, class_choice=None, dataset='shapenetpart', dropout=0.5, emb_dims=1024, epochs=200, eval=False, exp_name='regression_1', k=40, learnweight='transfer', lr=0.001, model='dgcnn_regression', model_path='pretrained/model.partseg.t7', momentum=0.9, no_cuda=False, num_points=2048, scheduler='cos', seed=1, test_batch_size=16, use_sgd=True, visu='', visu_format='ply')
Using GPU : 0 from 1 devices
Namespace(batch_size=32, class_choice=None, dataset='shapenetpart', dropout=0.5, emb_dims=1024, epochs=200, eval=False, exp_name='regression_1', k=40, learnweight='transfer', lr=0.001, model='dgcnn_regression', model_path='pretrained/model.partseg.t7', momentum=0.9, no_cuda=False, num_points=2048, scheduler='cos', seed=1, test_batch_size=16, use_sgd=True, visu='', visu_format='ply')
Using GPU : 0 from 1 devices
Namespace(batch_size=32, class_choice=None, dataset='shapenetpart', dropout=0.5, emb_dims=1024, epochs=200, eval=False, exp_name='regression_1', k=40, learnweight='transfer', lr=0.001, model='dgcnn_regression', model_path='pretrained/model.partseg.t7', momentum=0.9, no_cuda=False, num_points=2048, scheduler='cos', seed=1, test_batch_size=16, use_sgd=True, visu='', visu_format='ply')
Using GPU : 0 from 1 devices
Transfer learning enabled
Epoch 0 Train Loss: 5.952213
Epoch 0 Test Loss: 800.951538
Saved best model to outputs/regression_1/models/model.t7
Epoch 1 Train Loss: 117.159744
Epoch 1 Test Loss: 9902390.000000
Epoch 2 Train Loss: 2625.884766
Epoch 2 Test Loss: 6446956675072.000000
Epoch 3 Train Loss: 87731.390625
Epoch 3 Test Loss: 1895835398093930496.000000
Epoch 4 Train Loss: 3591022.000000
Epoch 4 Test Loss: 32642780094267392.000000
Epoch 5 Train Loss: 166081024.000000
Epoch 5 Test Loss: 56331979305517056.000000
Epoch 6 Train Loss: 4259362560.000000
Epoch 6 Test Loss: 39061003797765554176.000000
Epoch 7 Train Loss: 123718885376.000000
Epoch 7 Test Loss: 954577932985867677204480.000000
Epoch 8 Train Loss: 3669643493376.000000
Epoch 8 Test Loss: 2601777206859188647493632.000000
Epoch 9 Train Loss: 98783954206720.000000
Epoch 9 Test Loss: 1743976730525579102532927488.000000
Epoch 10 Train Loss: 2630094090665984.000000
Epoch 10 Test Loss: 81659244232130236728213504.000000
Epoch 11 Train Loss: 77270696492793856.000000
Epoch 11 Test Loss: 57194233302303277558897049600.000000
Epoch 12 Train Loss: 2150124537490964480.000000
Epoch 12 Test Loss: 34254871995302650767907556950016.000000
Epoch 13 Train Loss: 67337232290211168256.000000
Epoch 13 Test Loss: 6578600752264551048336025583616.000000
Epoch 14 Train Loss: 2462417124183693590528.000000
Epoch 14 Test Loss: 11438206960385520979788187083735040.000000
Epoch 15 Train Loss: 105011144080138979770368.000000
Epoch 15 Test Loss: 3858322382761844693425797644419072.000000
Epoch 16 Train Loss: 3153509522271052178128896.000000
Epoch 16 Test Loss: 18065023784684090129350688967229440.000000
Epoch 17 Train Loss: 90082756222576929523367936.000000
Epoch 17 Test Loss: inf
Epoch 18 Train Loss: 2879835734734007691670192128.000000
Epoch 18 Test Loss: inf
Epoch 19 Train Loss: 78546148902075337692491546624.000000
Epoch 19 Test Loss: nan
Epoch 20 Train Loss: nan
Epoch 20 Test Loss: nan
Epoch 21 Train Loss: nan
Epoch 21 Test Loss: nan
Epoch 22 Train Loss: nan
Epoch 22 Test Loss: nan
Epoch 23 Train Loss: nan
Epoch 23 Test Loss: nan
Epoch 24 Train Loss: nan
Epoch 24 Test Loss: nan
Epoch 25 Train Loss: nan
Epoch 25 Test Loss: nan
Epoch 26 Train Loss: nan
Epoch 26 Test Loss: nan
Epoch 27 Train Loss: nan
Epoch 27 Test Loss: nan
Epoch 28 Train Loss: nan
Epoch 28 Test Loss: nan
Epoch 29 Train Loss: nan
Epoch 29 Test Loss: nan
Epoch 30 Train Loss: nan
Epoch 30 Test Loss: nan
Epoch 31 Train Loss: nan
Epoch 31 Test Loss: nan
Epoch 32 Train Loss: nan
Epoch 32 Test Loss: nan
Epoch 33 Train Loss: nan
Epoch 33 Test Loss: nan
Epoch 34 Train Loss: nan
Epoch 34 Test Loss: nan
Epoch 35 Train Loss: nan
Epoch 35 Test Loss: nan
Epoch 36 Train Loss: nan
Epoch 36 Test Loss: nan
Epoch 37 Train Loss: nan
Epoch 37 Test Loss: nan
Namespace(batch_size=32, class_choice=None, dataset='shapenetpart', dropout=0.5, emb_dims=1024, epochs=200, eval=False, exp_name='regression_1', k=40, learnweight='transfer', lr=0.0001, model='dgcnn_regression', model_path='pretrained/model.partseg.t7', momentum=0.9, no_cuda=False, num_points=4096, scheduler='cos', seed=1, test_batch_size=16, use_sgd=True, visu='', visu_format='ply')
Using GPU : 0 from 1 devices
Transfer learning enabled
Epoch 0 Train Loss: 6.240023
Epoch 0 Test Loss: 7.868673
Saved best model to outputs/regression_1/models/model.t7
Epoch 1 Train Loss: 2.151190
Epoch 1 Test Loss: 11.282965
Epoch 2 Train Loss: 2.338808
Epoch 2 Test Loss: 15.566229
Epoch 3 Train Loss: 4.187757
Epoch 3 Test Loss: 24.395086
Epoch 4 Train Loss: 2.788363
Epoch 4 Test Loss: 23.542868
Epoch 5 Train Loss: 1.375857
Epoch 5 Test Loss: 11.638876
Epoch 6 Train Loss: 2.519008
Epoch 6 Test Loss: 8.328917
Epoch 7 Train Loss: 2.994255
Epoch 7 Test Loss: 11.575831
Epoch 8 Train Loss: 1.647395
Epoch 8 Test Loss: 23.961987
Epoch 9 Train Loss: 1.354758
Epoch 9 Test Loss: 31.526800
Epoch 10 Train Loss: 2.248217
Epoch 10 Test Loss: 22.720381
Epoch 11 Train Loss: 2.029663
Epoch 11 Test Loss: 11.940042
Epoch 12 Train Loss: 1.212196
Epoch 12 Test Loss: 8.302538
Epoch 13 Train Loss: 1.439845
Epoch 13 Test Loss: 7.930089
Epoch 14 Train Loss: 1.875996
Epoch 14 Test Loss: 8.627999
Epoch 15 Train Loss: 1.460137
Epoch 15 Test Loss: 10.451509
Epoch 16 Train Loss: 1.117128
Epoch 16 Test Loss: 11.612696
Epoch 17 Train Loss: 1.413716
Epoch 17 Test Loss: 10.527681
Epoch 18 Train Loss: 1.479637
Epoch 18 Test Loss: 8.670610
Epoch 19 Train Loss: 1.133647
Epoch 19 Test Loss: 7.481968
Saved best model to outputs/regression_1/models/model.t7
Epoch 20 Train Loss: 1.121326
Epoch 20 Test Loss: 7.328373
Saved best model to outputs/regression_1/models/model.t7
Epoch 21 Train Loss: 1.302712
Epoch 21 Test Loss: 7.236012
Saved best model to outputs/regression_1/models/model.t7
Epoch 22 Train Loss: 1.188212
Epoch 22 Test Loss: 6.764677
Saved best model to outputs/regression_1/models/model.t7
Epoch 23 Train Loss: 1.035546
Epoch 23 Test Loss: 6.617546
Saved best model to outputs/regression_1/models/model.t7
Epoch 24 Train Loss: 1.077723
Epoch 24 Test Loss: 6.940497
Epoch 25 Train Loss: 1.138661
Epoch 25 Test Loss: 6.938545
Epoch 26 Train Loss: 1.018270
Epoch 26 Test Loss: 6.807443
Epoch 27 Train Loss: 0.958051
Epoch 27 Test Loss: 7.055289
Epoch 28 Train Loss: 1.012240
Epoch 28 Test Loss: 7.275050
Epoch 29 Train Loss: 1.020999
Epoch 29 Test Loss: 7.057142
Epoch 30 Train Loss: 0.925394
Epoch 30 Test Loss: 6.711118
Epoch 31 Train Loss: 0.880200
Epoch 31 Test Loss: 6.546770
Saved best model to outputs/regression_1/models/model.t7
Epoch 32 Train Loss: 0.940983
Epoch 32 Test Loss: 6.560006
Epoch 33 Train Loss: 0.929830
Epoch 33 Test Loss: 6.805866
Epoch 34 Train Loss: 0.871323
Epoch 34 Test Loss: 7.214367
Epoch 35 Train Loss: 0.854897
Epoch 35 Test Loss: 7.466890
Epoch 36 Train Loss: 0.872540
Epoch 36 Test Loss: 7.220293
Epoch 37 Train Loss: 0.855669
Epoch 37 Test Loss: 6.756858
Epoch 38 Train Loss: 0.833040
Epoch 38 Test Loss: 6.537877
Saved best model to outputs/regression_1/models/model.t7
Epoch 39 Train Loss: 0.830979
Epoch 39 Test Loss: 6.496328
Saved best model to outputs/regression_1/models/model.t7
Epoch 40 Train Loss: 0.831942
Epoch 40 Test Loss: 6.667471
Epoch 41 Train Loss: 0.804084
Epoch 41 Test Loss: 7.154130
Epoch 42 Train Loss: 0.791405
Epoch 42 Test Loss: 7.591881
Epoch 43 Train Loss: 0.800917
Epoch 43 Test Loss: 7.714836
Epoch 44 Train Loss: 0.790930
Epoch 44 Test Loss: 7.410645
Epoch 45 Train Loss: 0.783290
Epoch 45 Test Loss: 7.050680
Epoch 46 Train Loss: 0.755076
Epoch 46 Test Loss: 6.862468
Epoch 47 Train Loss: 0.759601
Epoch 47 Test Loss: 6.839521
Epoch 48 Train Loss: 0.757584
Epoch 48 Test Loss: 7.001592
Epoch 49 Train Loss: 0.745358
Epoch 49 Test Loss: 7.162208
Epoch 50 Train Loss: 0.737573
Epoch 50 Test Loss: 7.389902
Epoch 51 Train Loss: 0.741250
Epoch 51 Test Loss: 7.462914
Epoch 52 Train Loss: 0.727477
Epoch 52 Test Loss: 7.434115
Epoch 53 Train Loss: 0.711594
Epoch 53 Test Loss: 7.292693
Epoch 54 Train Loss: 0.709805
Epoch 54 Test Loss: 7.144835
Epoch 55 Train Loss: 0.703681
Epoch 55 Test Loss: 7.035082
Epoch 56 Train Loss: 0.698035
Epoch 56 Test Loss: 6.948689
Epoch 57 Train Loss: 0.686544
Epoch 57 Test Loss: 7.016731
Epoch 58 Train Loss: 0.690925
Epoch 58 Test Loss: 7.163808
Epoch 59 Train Loss: 0.688872
Epoch 59 Test Loss: 7.295723
Epoch 60 Train Loss: 0.685297
Epoch 60 Test Loss: 7.224135
Epoch 61 Train Loss: 0.677398
Epoch 61 Test Loss: 7.088882
Epoch 62 Train Loss: 0.667160
Epoch 62 Test Loss: 6.970239
Epoch 63 Train Loss: 0.661541
Epoch 63 Test Loss: 6.981740
Epoch 64 Train Loss: 0.649933
Epoch 64 Test Loss: 7.002567
Epoch 65 Train Loss: 0.656764
Epoch 65 Test Loss: 7.036344
Epoch 66 Train Loss: 0.648310
Epoch 66 Test Loss: 7.082226
Epoch 67 Train Loss: 0.649867
Epoch 67 Test Loss: 7.128564
Epoch 68 Train Loss: 0.641879
Epoch 68 Test Loss: 7.106061
Epoch 69 Train Loss: 0.633458
Epoch 69 Test Loss: 7.010467
Epoch 70 Train Loss: 0.635145
Epoch 70 Test Loss: 6.959039
Epoch 71 Train Loss: 0.633687
Epoch 71 Test Loss: 6.925180
Epoch 72 Train Loss: 0.623147
Epoch 72 Test Loss: 6.930287
Epoch 73 Train Loss: 0.631519
Epoch 73 Test Loss: 6.891056
Epoch 74 Train Loss: 0.634406
Epoch 74 Test Loss: 6.885594
Epoch 75 Train Loss: 0.618830
Epoch 75 Test Loss: 6.858023
Epoch 76 Train Loss: 0.611825
Epoch 76 Test Loss: 6.826242
Epoch 77 Train Loss: 0.610836
Epoch 77 Test Loss: 6.770820
Epoch 78 Train Loss: 0.601544
Epoch 78 Test Loss: 6.710303
Epoch 79 Train Loss: 0.609048
Epoch 79 Test Loss: 6.705222
Epoch 80 Train Loss: 0.617172
Epoch 80 Test Loss: 6.767442
Epoch 81 Train Loss: 0.603403
Epoch 81 Test Loss: 6.754032
Epoch 82 Train Loss: 0.591719
Epoch 82 Test Loss: 6.740654
Epoch 83 Train Loss: 0.590655
Epoch 83 Test Loss: 6.754179
Epoch 84 Train Loss: 0.613170
Epoch 84 Test Loss: 6.817890
Epoch 85 Train Loss: 0.602084
Epoch 85 Test Loss: 6.774900
Epoch 86 Train Loss: 0.592520
Epoch 86 Test Loss: 6.734382
Epoch 87 Train Loss: 0.590638
Epoch 87 Test Loss: 6.700896
Epoch 88 Train Loss: 0.599168
Epoch 88 Test Loss: 6.735394
Epoch 89 Train Loss: 0.586850
Epoch 89 Test Loss: 6.628847
Epoch 90 Train Loss: 0.581782
Epoch 90 Test Loss: 6.536005
Epoch 91 Train Loss: 0.584982
Epoch 91 Test Loss: 6.497844
Epoch 92 Train Loss: 0.575491
Epoch 92 Test Loss: 6.571352
Epoch 93 Train Loss: 0.570057
Epoch 93 Test Loss: 6.610281
Epoch 94 Train Loss: 0.582929
Epoch 94 Test Loss: 6.640815
Epoch 95 Train Loss: 0.574938
Epoch 95 Test Loss: 6.628936
Epoch 96 Train Loss: 0.572894
Epoch 96 Test Loss: 6.556758
Epoch 97 Train Loss: 0.568922
Epoch 97 Test Loss: 6.562241
Epoch 98 Train Loss: 0.558086
Epoch 98 Test Loss: 6.627185
Epoch 99 Train Loss: 0.561627
Epoch 99 Test Loss: 6.667783
Epoch 100 Train Loss: 0.562735
Epoch 100 Test Loss: 6.626675
Epoch 101 Train Loss: 0.561207
Epoch 101 Test Loss: 6.506371
Epoch 102 Train Loss: 0.559127
Epoch 102 Test Loss: 6.485731
Saved best model to outputs/regression_1/models/model.t7
Epoch 103 Train Loss: 0.552144
Epoch 103 Test Loss: 6.460508
Saved best model to outputs/regression_1/models/model.t7
Epoch 104 Train Loss: 0.554536
Epoch 104 Test Loss: 6.455059
Saved best model to outputs/regression_1/models/model.t7
Epoch 105 Train Loss: 0.552415
Epoch 105 Test Loss: 6.468332
Epoch 106 Train Loss: 0.548840
Epoch 106 Test Loss: 6.406291
Saved best model to outputs/regression_1/models/model.t7
Epoch 107 Train Loss: 0.548589
Epoch 107 Test Loss: 6.328380
Saved best model to outputs/regression_1/models/model.t7
Epoch 108 Train Loss: 0.551395
Epoch 108 Test Loss: 6.316603
Saved best model to outputs/regression_1/models/model.t7
Epoch 109 Train Loss: 0.546118
Epoch 109 Test Loss: 6.376258
Epoch 110 Train Loss: 0.544549
Epoch 110 Test Loss: 6.438053
Epoch 111 Train Loss: 0.533701
Epoch 111 Test Loss: 6.444820
Epoch 112 Train Loss: 0.548590
Epoch 112 Test Loss: 6.478738
Epoch 113 Train Loss: 0.539749
Epoch 113 Test Loss: 6.447727
Epoch 114 Train Loss: 0.556831
Epoch 114 Test Loss: 6.477840
Epoch 115 Train Loss: 0.539490
Epoch 115 Test Loss: 6.533749
Epoch 116 Train Loss: 0.549456
Epoch 116 Test Loss: 6.545835
Epoch 117 Train Loss: 0.526744
Epoch 117 Test Loss: 6.497800
Epoch 118 Train Loss: 0.547739
Epoch 118 Test Loss: 6.476648
Epoch 119 Train Loss: 0.528454
Epoch 119 Test Loss: 6.495647
Epoch 120 Train Loss: 0.527959
Epoch 120 Test Loss: 6.486695
Epoch 121 Train Loss: 0.534560
Epoch 121 Test Loss: 6.426387
Epoch 122 Train Loss: 0.529148
Epoch 122 Test Loss: 6.387420
Epoch 123 Train Loss: 0.540543
Epoch 123 Test Loss: 6.415581
Epoch 124 Train Loss: 0.535703
Epoch 124 Test Loss: 6.527740
Epoch 125 Train Loss: 0.526547
Epoch 125 Test Loss: 6.589593
Epoch 126 Train Loss: 0.537450
Epoch 126 Test Loss: 6.549229
Epoch 127 Train Loss: 0.529821
Epoch 127 Test Loss: 6.485265
Epoch 128 Train Loss: 0.525469
Epoch 128 Test Loss: 6.413341
Epoch 129 Train Loss: 0.530258
Epoch 129 Test Loss: 6.390291
Epoch 130 Train Loss: 0.523376
Epoch 130 Test Loss: 6.442487
Epoch 131 Train Loss: 0.517457
Epoch 131 Test Loss: 6.507824
Epoch 132 Train Loss: 0.520939
Epoch 132 Test Loss: 6.553941
Epoch 133 Train Loss: 0.531107
Epoch 133 Test Loss: 6.520729
Epoch 134 Train Loss: 0.519366
Epoch 134 Test Loss: 6.468240
Epoch 135 Train Loss: 0.518292
Epoch 135 Test Loss: 6.431808
Epoch 136 Train Loss: 0.519144
Epoch 136 Test Loss: 6.408979
Epoch 137 Train Loss: 0.521300
Epoch 137 Test Loss: 6.405299
Epoch 138 Train Loss: 0.520385
Epoch 138 Test Loss: 6.420755
Epoch 139 Train Loss: 0.519201
Epoch 139 Test Loss: 6.439056
Epoch 140 Train Loss: 0.513570
Epoch 140 Test Loss: 6.417862
Epoch 141 Train Loss: 0.515938
Epoch 141 Test Loss: 6.375070
Epoch 142 Train Loss: 0.504138
Epoch 142 Test Loss: 6.343923
Epoch 143 Train Loss: 0.514726
Epoch 143 Test Loss: 6.360560
Epoch 144 Train Loss: 0.520449
Epoch 144 Test Loss: 6.408756
Epoch 145 Train Loss: 0.507873
Epoch 145 Test Loss: 6.440786
Epoch 146 Train Loss: 0.514761
Epoch 146 Test Loss: 6.439076
Epoch 147 Train Loss: 0.510735
Epoch 147 Test Loss: 6.408745
Epoch 148 Train Loss: 0.497816
Epoch 148 Test Loss: 6.381741
Epoch 149 Train Loss: 0.504031
Epoch 149 Test Loss: 6.378269
Epoch 150 Train Loss: 0.508078
Epoch 150 Test Loss: 6.396643
Epoch 151 Train Loss: 0.501913
Epoch 151 Test Loss: 6.455097
Epoch 152 Train Loss: 0.506401
Epoch 152 Test Loss: 6.477462
Epoch 153 Train Loss: 0.512170
Epoch 153 Test Loss: 6.469052
Epoch 154 Train Loss: 0.499629
Epoch 154 Test Loss: 6.433891
Epoch 155 Train Loss: 0.517348
Epoch 155 Test Loss: 6.411078
Epoch 156 Train Loss: 0.504641
Epoch 156 Test Loss: 6.392581
Epoch 157 Train Loss: 0.510173
Epoch 157 Test Loss: 6.406007
Epoch 158 Train Loss: 0.509944
Epoch 158 Test Loss: 6.437496
Epoch 159 Train Loss: 0.500985
Epoch 159 Test Loss: 6.476157
Epoch 160 Train Loss: 0.507796
Epoch 160 Test Loss: 6.480747
Epoch 161 Train Loss: 0.503417
Epoch 161 Test Loss: 6.436218
Epoch 162 Train Loss: 0.504567
Epoch 162 Test Loss: 6.406494
Epoch 163 Train Loss: 0.510212
Epoch 163 Test Loss: 6.378867
Epoch 164 Train Loss: 0.511753
Epoch 164 Test Loss: 6.379027
Epoch 165 Train Loss: 0.503143
Epoch 165 Test Loss: 6.412357
Epoch 166 Train Loss: 0.505375
Epoch 166 Test Loss: 6.457187
Epoch 167 Train Loss: 0.511675
Epoch 167 Test Loss: 6.474084
Epoch 168 Train Loss: 0.507245
Epoch 168 Test Loss: 6.458518
Epoch 169 Train Loss: 0.501280
Epoch 169 Test Loss: 6.441841
Epoch 170 Train Loss: 0.506263
Epoch 170 Test Loss: 6.425481
Epoch 171 Train Loss: 0.509507
Epoch 171 Test Loss: 6.421842
Epoch 172 Train Loss: 0.497448
Epoch 172 Test Loss: 6.424273
Epoch 173 Train Loss: 0.505849
Epoch 173 Test Loss: 6.442647
Epoch 174 Train Loss: 0.501367
Epoch 174 Test Loss: 6.462446
Epoch 175 Train Loss: 0.503156
Epoch 175 Test Loss: 6.462634
Epoch 176 Train Loss: 0.496021
Epoch 176 Test Loss: 6.451894
Epoch 177 Train Loss: 0.499297
Epoch 177 Test Loss: 6.413122
Epoch 178 Train Loss: 0.496044
Epoch 178 Test Loss: 6.398480
Epoch 179 Train Loss: 0.502992
Epoch 179 Test Loss: 6.392170
Epoch 180 Train Loss: 0.492929
Epoch 180 Test Loss: 6.391337
Epoch 181 Train Loss: 0.496577
Epoch 181 Test Loss: 6.380335
Epoch 182 Train Loss: 0.500705
Epoch 182 Test Loss: 6.373147
Epoch 183 Train Loss: 0.493693
Epoch 183 Test Loss: 6.389643
Epoch 184 Train Loss: 0.494295
Epoch 184 Test Loss: 6.393661
Epoch 185 Train Loss: 0.497493
Epoch 185 Test Loss: 6.393915
Epoch 186 Train Loss: 0.500196
Epoch 186 Test Loss: 6.407096
Epoch 187 Train Loss: 0.485150
Epoch 187 Test Loss: 6.413812
Epoch 188 Train Loss: 0.502714
Epoch 188 Test Loss: 6.419589
Epoch 189 Train Loss: 0.492181
Epoch 189 Test Loss: 6.429511
Epoch 190 Train Loss: 0.491345
Epoch 190 Test Loss: 6.431084
Epoch 191 Train Loss: 0.497804
Epoch 191 Test Loss: 6.415494
Epoch 192 Train Loss: 0.488859
Epoch 192 Test Loss: 6.401007
Epoch 193 Train Loss: 0.497231
Epoch 193 Test Loss: 6.405303
Epoch 194 Train Loss: 0.496593
Epoch 194 Test Loss: 6.402858
Epoch 195 Train Loss: 0.494257
Epoch 195 Test Loss: 6.407396
Epoch 196 Train Loss: 0.497764
Epoch 196 Test Loss: 6.409366
Epoch 197 Train Loss: 0.494078
Epoch 197 Test Loss: 6.410011
Epoch 198 Train Loss: 0.492656
Epoch 198 Test Loss: 6.398757
Epoch 199 Train Loss: 0.490098
Epoch 199 Test Loss: 6.391418
