Namespace(batch_size=32, class_choice=None, dataset='shapenetpart', dropout=0.5, emb_dims=1024, epochs=200, eval=False, exp_name='regression_0819_tl_1', k=40, learnweight='transfer', lr=0.00015, model='dgcnn_regression', model_path='pretrained/model.partseg.t7', momentum=0.9, no_cuda=False, num_points=4096, scheduler='cos', seed=1, test_batch_size=16, use_sgd=True, visu='', visu_format='ply')
Using GPU : 0 from 1 devices
Transfer learning enabled
Epoch 0 Train Loss: 6.941462
Epoch 0 Test Loss: 18.163021
Saved best model to outputs/regression_0819_tl_1/models/model.t7
Epoch 1 Train Loss: 2.296848
Epoch 1 Test Loss: 20.384968
Epoch 2 Train Loss: 5.448175
Epoch 2 Test Loss: 96.794830
Epoch 3 Train Loss: 4.057622
Epoch 3 Test Loss: 85.354309
Epoch 4 Train Loss: 1.910481
Epoch 4 Test Loss: 15.633125
Saved best model to outputs/regression_0819_tl_1/models/model.t7
Epoch 5 Train Loss: 4.175311
Epoch 5 Test Loss: 22.476368
Epoch 6 Train Loss: 3.107961
Epoch 6 Test Loss: 88.495285
Epoch 7 Train Loss: 1.718863
Epoch 7 Test Loss: 126.329849
Epoch 8 Train Loss: 3.242649
Epoch 8 Test Loss: 80.273170
Epoch 9 Train Loss: 2.343409
Epoch 9 Test Loss: 27.539440
Epoch 10 Train Loss: 1.744508
Epoch 10 Test Loss: 12.238020
Saved best model to outputs/regression_0819_tl_1/models/model.t7
Epoch 11 Train Loss: 2.516559
Epoch 11 Test Loss: 15.204649
Epoch 12 Train Loss: 1.917191
Epoch 12 Test Loss: 26.669081
Epoch 13 Train Loss: 1.825575
Epoch 13 Test Loss: 35.754124
Epoch 14 Train Loss: 2.041353
Epoch 14 Test Loss: 27.842579
Epoch 15 Train Loss: 1.593982
Epoch 15 Test Loss: 12.745561
Epoch 16 Train Loss: 1.632405
Epoch 16 Test Loss: 4.690171
Saved best model to outputs/regression_0819_tl_1/models/model.t7
Epoch 17 Train Loss: 1.744620
Epoch 17 Test Loss: 2.848564
Saved best model to outputs/regression_0819_tl_1/models/model.t7
Epoch 18 Train Loss: 1.610576
Epoch 18 Test Loss: 3.499206
Epoch 19 Train Loss: 1.497059
Epoch 19 Test Loss: 5.459949
Epoch 20 Train Loss: 1.355584
Epoch 20 Test Loss: 5.941137
Epoch 21 Train Loss: 1.464631
Epoch 21 Test Loss: 4.144006
Epoch 22 Train Loss: 1.405873
Epoch 22 Test Loss: 2.349224
Saved best model to outputs/regression_0819_tl_1/models/model.t7
Epoch 23 Train Loss: 1.282072
Epoch 23 Test Loss: 1.639886
Saved best model to outputs/regression_0819_tl_1/models/model.t7
Epoch 24 Train Loss: 1.366681
Epoch 24 Test Loss: 1.512424
Saved best model to outputs/regression_0819_tl_1/models/model.t7
Epoch 25 Train Loss: 1.289389
Epoch 25 Test Loss: 1.582069
Epoch 26 Train Loss: 1.179284
Epoch 26 Test Loss: 1.698549
Epoch 27 Train Loss: 1.234949
Epoch 27 Test Loss: 1.603071
Epoch 28 Train Loss: 1.216069
Epoch 28 Test Loss: 1.476361
Saved best model to outputs/regression_0819_tl_1/models/model.t7
Epoch 29 Train Loss: 1.171126
Epoch 29 Test Loss: 1.392208
Saved best model to outputs/regression_0819_tl_1/models/model.t7
Epoch 30 Train Loss: 1.133932
Epoch 30 Test Loss: 1.320270
Saved best model to outputs/regression_0819_tl_1/models/model.t7
Epoch 31 Train Loss: 1.113114
Epoch 31 Test Loss: 1.346066
Epoch 32 Train Loss: 1.135627
Epoch 32 Test Loss: 1.378873
Epoch 33 Train Loss: 1.075771
Epoch 33 Test Loss: 1.460829
Epoch 34 Train Loss: 1.049353
Epoch 34 Test Loss: 1.594628
Epoch 35 Train Loss: 1.068698
Epoch 35 Test Loss: 1.613362
Epoch 36 Train Loss: 1.034438
Epoch 36 Test Loss: 1.512902
Epoch 37 Train Loss: 1.007846
Epoch 37 Test Loss: 1.431581
Epoch 38 Train Loss: 1.024374
Epoch 38 Test Loss: 1.420219
Epoch 39 Train Loss: 0.993281
Epoch 39 Test Loss: 1.480876
Epoch 40 Train Loss: 0.983465
Epoch 40 Test Loss: 1.520000
Epoch 41 Train Loss: 0.963585
Epoch 41 Test Loss: 1.489262
Epoch 42 Train Loss: 0.946661
Epoch 42 Test Loss: 1.445224
Epoch 43 Train Loss: 0.960014
Epoch 43 Test Loss: 1.401922
Epoch 44 Train Loss: 0.942513
Epoch 44 Test Loss: 1.359920
Epoch 45 Train Loss: 0.919335
Epoch 45 Test Loss: 1.336717
Epoch 46 Train Loss: 0.923822
Epoch 46 Test Loss: 1.304728
Saved best model to outputs/regression_0819_tl_1/models/model.t7
Epoch 47 Train Loss: 0.909284
Epoch 47 Test Loss: 1.295134
Saved best model to outputs/regression_0819_tl_1/models/model.t7
Epoch 48 Train Loss: 0.897490
Epoch 48 Test Loss: 1.304617
Epoch 49 Train Loss: 0.894226
Epoch 49 Test Loss: 1.299757
Epoch 50 Train Loss: 0.887406
Epoch 50 Test Loss: 1.308013
Epoch 51 Train Loss: 0.875576
Epoch 51 Test Loss: 1.305408
Epoch 52 Train Loss: 0.871285
Epoch 52 Test Loss: 1.300360
Epoch 53 Train Loss: 0.856711
Epoch 53 Test Loss: 1.298490
Epoch 54 Train Loss: 0.863080
Epoch 54 Test Loss: 1.290864
Saved best model to outputs/regression_0819_tl_1/models/model.t7
Epoch 55 Train Loss: 0.847882
Epoch 55 Test Loss: 1.294490
Epoch 56 Train Loss: 0.840291
Epoch 56 Test Loss: 1.309580
Epoch 57 Train Loss: 0.839933
Epoch 57 Test Loss: 1.295773
Epoch 58 Train Loss: 0.832472
Epoch 58 Test Loss: 1.284042
Saved best model to outputs/regression_0819_tl_1/models/model.t7
Epoch 59 Train Loss: 0.827701
Epoch 59 Test Loss: 1.274782
Saved best model to outputs/regression_0819_tl_1/models/model.t7
Epoch 60 Train Loss: 0.824582
Epoch 60 Test Loss: 1.267738
Saved best model to outputs/regression_0819_tl_1/models/model.t7
Epoch 61 Train Loss: 0.817415
Epoch 61 Test Loss: 1.263284
Saved best model to outputs/regression_0819_tl_1/models/model.t7
Epoch 62 Train Loss: 0.805564
Epoch 62 Test Loss: 1.266220
Epoch 63 Train Loss: 0.807982
Epoch 63 Test Loss: 1.257503
Saved best model to outputs/regression_0819_tl_1/models/model.t7
Epoch 64 Train Loss: 0.798016
Epoch 64 Test Loss: 1.255146
Saved best model to outputs/regression_0819_tl_1/models/model.t7
Epoch 65 Train Loss: 0.796295
Epoch 65 Test Loss: 1.257330
Epoch 66 Train Loss: 0.786020
Epoch 66 Test Loss: 1.258157
Epoch 67 Train Loss: 0.793023
Epoch 67 Test Loss: 1.271541
Epoch 68 Train Loss: 0.783195
Epoch 68 Test Loss: 1.260419
Epoch 69 Train Loss: 0.780332
Epoch 69 Test Loss: 1.251240
Saved best model to outputs/regression_0819_tl_1/models/model.t7
Epoch 70 Train Loss: 0.773457
Epoch 70 Test Loss: 1.248868
Saved best model to outputs/regression_0819_tl_1/models/model.t7
Epoch 71 Train Loss: 0.771528
Epoch 71 Test Loss: 1.250115
Epoch 72 Train Loss: 0.775996
Epoch 72 Test Loss: 1.251873
Epoch 73 Train Loss: 0.763291
Epoch 73 Test Loss: 1.252961
Epoch 74 Train Loss: 0.765442
Epoch 74 Test Loss: 1.245472
Saved best model to outputs/regression_0819_tl_1/models/model.t7
Epoch 75 Train Loss: 0.750734
Epoch 75 Test Loss: 1.243883
Saved best model to outputs/regression_0819_tl_1/models/model.t7
Epoch 76 Train Loss: 0.755789
Epoch 76 Test Loss: 1.246319
Epoch 77 Train Loss: 0.757656
Epoch 77 Test Loss: 1.247881
Epoch 78 Train Loss: 0.744839
Epoch 78 Test Loss: 1.250962
Epoch 79 Train Loss: 0.743775
Epoch 79 Test Loss: 1.248145
Epoch 80 Train Loss: 0.741021
Epoch 80 Test Loss: 1.243936
Epoch 81 Train Loss: 0.742854
Epoch 81 Test Loss: 1.242232
Saved best model to outputs/regression_0819_tl_1/models/model.t7
Epoch 82 Train Loss: 0.735483
Epoch 82 Test Loss: 1.242264
Epoch 83 Train Loss: 0.737434
Epoch 83 Test Loss: 1.243507
Epoch 84 Train Loss: 0.730169
Epoch 84 Test Loss: 1.243463
Epoch 85 Train Loss: 0.729323
Epoch 85 Test Loss: 1.244613
Epoch 86 Train Loss: 0.721282
Epoch 86 Test Loss: 1.246403
Epoch 87 Train Loss: 0.725347
Epoch 87 Test Loss: 1.247328
Epoch 88 Train Loss: 0.718999
Epoch 88 Test Loss: 1.246459
Epoch 89 Train Loss: 0.718554
Epoch 89 Test Loss: 1.245375
Epoch 90 Train Loss: 0.716226
Epoch 90 Test Loss: 1.246012
Epoch 91 Train Loss: 0.716965
Epoch 91 Test Loss: 1.244289
Epoch 92 Train Loss: 0.711343
Epoch 92 Test Loss: 1.247707
Epoch 93 Train Loss: 0.713583
Epoch 93 Test Loss: 1.246850
Epoch 94 Train Loss: 0.705981
Epoch 94 Test Loss: 1.242083
Saved best model to outputs/regression_0819_tl_1/models/model.t7
Epoch 95 Train Loss: 0.709998
Epoch 95 Test Loss: 1.235039
Saved best model to outputs/regression_0819_tl_1/models/model.t7
Epoch 96 Train Loss: 0.711589
Epoch 96 Test Loss: 1.231471
Saved best model to outputs/regression_0819_tl_1/models/model.t7
Epoch 97 Train Loss: 0.706872
Epoch 97 Test Loss: 1.232021
Epoch 98 Train Loss: 0.699865
Epoch 98 Test Loss: 1.231602
Epoch 99 Train Loss: 0.697306
Epoch 99 Test Loss: 1.231183
Saved best model to outputs/regression_0819_tl_1/models/model.t7
Epoch 100 Train Loss: 0.701090
Epoch 100 Test Loss: 1.230523
Saved best model to outputs/regression_0819_tl_1/models/model.t7
Epoch 101 Train Loss: 0.695609
Epoch 101 Test Loss: 1.231248
Epoch 102 Train Loss: 0.694567
Epoch 102 Test Loss: 1.230124
Saved best model to outputs/regression_0819_tl_1/models/model.t7
Epoch 103 Train Loss: 0.683930
Epoch 103 Test Loss: 1.228641
Saved best model to outputs/regression_0819_tl_1/models/model.t7
Epoch 104 Train Loss: 0.687591
Epoch 104 Test Loss: 1.229644
Epoch 105 Train Loss: 0.696916
Epoch 105 Test Loss: 1.229955
Epoch 106 Train Loss: 0.690483
Epoch 106 Test Loss: 1.231781
Epoch 107 Train Loss: 0.692727
Epoch 107 Test Loss: 1.231104
Epoch 108 Train Loss: 0.683536
Epoch 108 Test Loss: 1.232485
Epoch 109 Train Loss: 0.683046
Epoch 109 Test Loss: 1.234259
Epoch 110 Train Loss: 0.692436
Epoch 110 Test Loss: 1.234496
Epoch 111 Train Loss: 0.684969
Epoch 111 Test Loss: 1.234871
Epoch 112 Train Loss: 0.682399
Epoch 112 Test Loss: 1.236175
Epoch 113 Train Loss: 0.688009
Epoch 113 Test Loss: 1.236176
Epoch 114 Train Loss: 0.670309
Epoch 114 Test Loss: 1.236910
Epoch 115 Train Loss: 0.678179
Epoch 115 Test Loss: 1.236434
Epoch 116 Train Loss: 0.680677
Epoch 116 Test Loss: 1.238024
Epoch 117 Train Loss: 0.676199
Epoch 117 Test Loss: 1.236466
Epoch 118 Train Loss: 0.670633
Epoch 118 Test Loss: 1.235718
Epoch 119 Train Loss: 0.669736
Epoch 119 Test Loss: 1.235150
Epoch 120 Train Loss: 0.672987
Epoch 120 Test Loss: 1.233498
Epoch 121 Train Loss: 0.667409
Epoch 121 Test Loss: 1.234902
Epoch 122 Train Loss: 0.671870
Epoch 122 Test Loss: 1.233933
Epoch 123 Train Loss: 0.668468
Epoch 123 Test Loss: 1.235363
Epoch 124 Train Loss: 0.668567
Epoch 124 Test Loss: 1.236928
Epoch 125 Train Loss: 0.667790
Epoch 125 Test Loss: 1.238274
Epoch 126 Train Loss: 0.663207
Epoch 126 Test Loss: 1.238754
Epoch 127 Train Loss: 0.662929
Epoch 127 Test Loss: 1.238482
Epoch 128 Train Loss: 0.663548
Epoch 128 Test Loss: 1.236227
Epoch 129 Train Loss: 0.664545
Epoch 129 Test Loss: 1.234479
Epoch 130 Train Loss: 0.667517
Epoch 130 Test Loss: 1.233747
Epoch 131 Train Loss: 0.663004
Epoch 131 Test Loss: 1.232520
Epoch 132 Train Loss: 0.661404
Epoch 132 Test Loss: 1.230523
Epoch 133 Train Loss: 0.661448
Epoch 133 Test Loss: 1.228840
Epoch 134 Train Loss: 0.662202
Epoch 134 Test Loss: 1.228480
Saved best model to outputs/regression_0819_tl_1/models/model.t7
Epoch 135 Train Loss: 0.660336
Epoch 135 Test Loss: 1.227972
Saved best model to outputs/regression_0819_tl_1/models/model.t7
Epoch 136 Train Loss: 0.658654
Epoch 136 Test Loss: 1.228543
Epoch 137 Train Loss: 0.655743
Epoch 137 Test Loss: 1.229283
Epoch 138 Train Loss: 0.651251
Epoch 138 Test Loss: 1.229548
Epoch 139 Train Loss: 0.659139
Epoch 139 Test Loss: 1.230732
Epoch 140 Train Loss: 0.652909
Epoch 140 Test Loss: 1.232842
Epoch 141 Train Loss: 0.652599
Epoch 141 Test Loss: 1.234491
Epoch 142 Train Loss: 0.657938
Epoch 142 Test Loss: 1.234632
Epoch 143 Train Loss: 0.649518
Epoch 143 Test Loss: 1.233843
Epoch 144 Train Loss: 0.656223
Epoch 144 Test Loss: 1.233385
Epoch 145 Train Loss: 0.651029
Epoch 145 Test Loss: 1.234041
Epoch 146 Train Loss: 0.651855
Epoch 146 Test Loss: 1.234348
Epoch 147 Train Loss: 0.649725
Epoch 147 Test Loss: 1.234751
Epoch 148 Train Loss: 0.649785
Epoch 148 Test Loss: 1.236158
Epoch 149 Train Loss: 0.647057
Epoch 149 Test Loss: 1.236818
Epoch 150 Train Loss: 0.651299
Epoch 150 Test Loss: 1.237411
Epoch 151 Train Loss: 0.651572
Epoch 151 Test Loss: 1.238542
Epoch 152 Train Loss: 0.651862
Epoch 152 Test Loss: 1.236978
Epoch 153 Train Loss: 0.647989
Epoch 153 Test Loss: 1.237299
Epoch 154 Train Loss: 0.642831
Epoch 154 Test Loss: 1.237432
Epoch 155 Train Loss: 0.650684
Epoch 155 Test Loss: 1.238371
Epoch 156 Train Loss: 0.643355
Epoch 156 Test Loss: 1.238873
Epoch 157 Train Loss: 0.642825
Epoch 157 Test Loss: 1.239084
Epoch 158 Train Loss: 0.646520
Epoch 158 Test Loss: 1.238825
Epoch 159 Train Loss: 0.645582
Epoch 159 Test Loss: 1.239137
Epoch 160 Train Loss: 0.641127
Epoch 160 Test Loss: 1.238947
Epoch 161 Train Loss: 0.647917
Epoch 161 Test Loss: 1.239388
Epoch 162 Train Loss: 0.644800
Epoch 162 Test Loss: 1.242209
Epoch 163 Train Loss: 0.643511
Epoch 163 Test Loss: 1.240539
Epoch 164 Train Loss: 0.645768
Epoch 164 Test Loss: 1.241586
Epoch 165 Train Loss: 0.641542
Epoch 165 Test Loss: 1.241681
Epoch 166 Train Loss: 0.644016
Epoch 166 Test Loss: 1.239920
Epoch 167 Train Loss: 0.640525
Epoch 167 Test Loss: 1.236929
Epoch 168 Train Loss: 0.635127
Epoch 168 Test Loss: 1.238727
Epoch 169 Train Loss: 0.641564
Epoch 169 Test Loss: 1.237339
Epoch 170 Train Loss: 0.639569
Epoch 170 Test Loss: 1.236185
Epoch 171 Train Loss: 0.643733
Epoch 171 Test Loss: 1.236085
Epoch 172 Train Loss: 0.644782
Epoch 172 Test Loss: 1.235811
Epoch 173 Train Loss: 0.642202
Epoch 173 Test Loss: 1.236435
Epoch 174 Train Loss: 0.644129
Epoch 174 Test Loss: 1.235355
Epoch 175 Train Loss: 0.639207
Epoch 175 Test Loss: 1.239945
Epoch 176 Train Loss: 0.639400
Epoch 176 Test Loss: 1.240548
Epoch 177 Train Loss: 0.639629
Epoch 177 Test Loss: 1.242818
Epoch 178 Train Loss: 0.638655
Epoch 178 Test Loss: 1.243431
Epoch 179 Train Loss: 0.634016
Epoch 179 Test Loss: 1.244290
Epoch 180 Train Loss: 0.642263
Epoch 180 Test Loss: 1.244232
Epoch 181 Train Loss: 0.640927
Epoch 181 Test Loss: 1.245239
Epoch 182 Train Loss: 0.638888
Epoch 182 Test Loss: 1.245295
Epoch 183 Train Loss: 0.635885
Epoch 183 Test Loss: 1.245872
Epoch 184 Train Loss: 0.631580
Epoch 184 Test Loss: 1.245769
Epoch 185 Train Loss: 0.644414
Epoch 185 Test Loss: 1.245329
Epoch 186 Train Loss: 0.638792
Epoch 186 Test Loss: 1.242648
Epoch 187 Train Loss: 0.642800
Epoch 187 Test Loss: 1.245893
Epoch 188 Train Loss: 0.638658
Epoch 188 Test Loss: 1.247647
Epoch 189 Train Loss: 0.638990
Epoch 189 Test Loss: 1.247905
Epoch 190 Train Loss: 0.639829
Epoch 190 Test Loss: 1.244284
Epoch 191 Train Loss: 0.638115
Epoch 191 Test Loss: 1.247123
Epoch 192 Train Loss: 0.640578
Epoch 192 Test Loss: 1.246852
Epoch 193 Train Loss: 0.639218
Epoch 193 Test Loss: 1.246171
Epoch 194 Train Loss: 0.635296
Epoch 194 Test Loss: 1.243586
Epoch 195 Train Loss: 0.642092
Epoch 195 Test Loss: 1.244642
Epoch 196 Train Loss: 0.643553
Epoch 196 Test Loss: 1.245487
Epoch 197 Train Loss: 0.638434
Epoch 197 Test Loss: 1.245868
Epoch 198 Train Loss: 0.636017
Epoch 198 Test Loss: 1.243325
Epoch 199 Train Loss: 0.629837
Epoch 199 Test Loss: 1.243620
