Namespace(batch_size=32, class_choice=None, dataset='shapenetpart', dropout=0.5, emb_dims=1024, epochs=200, eval=False, exp_name='regression_0819_tl_3', k=40, learnweight='transfer', lr=0.0001, model='dgcnn_regression', model_path='pretrained/model.partseg.t7', momentum=0.9, no_cuda=False, num_points=1000000, scheduler='cos', seed=1, test_batch_size=16, use_sgd=True, visu='', visu_format='ply')
Using GPU : 0 from 1 devices
Transfer learning enabled
Epoch 0 Train Loss: 6.967355
Epoch 0 Test Loss: 8.114292
Saved best model to outputs/regression_0819_tl_3/models/model.t7
Epoch 1 Train Loss: 2.610714
Epoch 1 Test Loss: 13.819153
Epoch 2 Train Loss: 2.828684
Epoch 2 Test Loss: 24.020115
Epoch 3 Train Loss: 4.866467
Epoch 3 Test Loss: 46.231750
Epoch 4 Train Loss: 3.280132
Epoch 4 Test Loss: 42.639584
Epoch 5 Train Loss: 1.781251
Epoch 5 Test Loss: 16.037899
Epoch 6 Train Loss: 2.897231
Epoch 6 Test Loss: 6.408296
Saved best model to outputs/regression_0819_tl_3/models/model.t7
Epoch 7 Train Loss: 3.558687
Epoch 7 Test Loss: 12.765104
Epoch 8 Train Loss: 2.121197
Epoch 8 Test Loss: 29.323631
Epoch 9 Train Loss: 1.678851
Epoch 9 Test Loss: 36.850887
Epoch 10 Train Loss: 2.635850
Epoch 10 Test Loss: 25.120743
Epoch 11 Train Loss: 2.466420
Epoch 11 Test Loss: 8.899473
Epoch 12 Train Loss: 1.577650
Epoch 12 Test Loss: 3.141863
Saved best model to outputs/regression_0819_tl_3/models/model.t7
Epoch 13 Train Loss: 1.724364
Epoch 13 Test Loss: 2.491513
Saved best model to outputs/regression_0819_tl_3/models/model.t7
Epoch 14 Train Loss: 2.144436
Epoch 14 Test Loss: 3.747444
Epoch 15 Train Loss: 1.821536
Epoch 15 Test Loss: 6.288905
Epoch 16 Train Loss: 1.512649
Epoch 16 Test Loss: 7.570182
Epoch 17 Train Loss: 1.671957
Epoch 17 Test Loss: 6.052533
Epoch 18 Train Loss: 1.654314
Epoch 18 Test Loss: 3.475030
Epoch 19 Train Loss: 1.425607
Epoch 19 Test Loss: 1.962523
Saved best model to outputs/regression_0819_tl_3/models/model.t7
Epoch 20 Train Loss: 1.478447
Epoch 20 Test Loss: 1.609104
Saved best model to outputs/regression_0819_tl_3/models/model.t7
Epoch 21 Train Loss: 1.551391
Epoch 21 Test Loss: 1.406416
Saved best model to outputs/regression_0819_tl_3/models/model.t7
Epoch 22 Train Loss: 1.376153
Epoch 22 Test Loss: 1.425042
Epoch 23 Train Loss: 1.247241
Epoch 23 Test Loss: 1.767548
Epoch 24 Train Loss: 1.303366
Epoch 24 Test Loss: 1.906901
Epoch 25 Train Loss: 1.358967
Epoch 25 Test Loss: 1.714540
Epoch 26 Train Loss: 1.269386
Epoch 26 Test Loss: 1.479757
Epoch 27 Train Loss: 1.174564
Epoch 27 Test Loss: 1.411290
Epoch 28 Train Loss: 1.153769
Epoch 28 Test Loss: 1.365531
Saved best model to outputs/regression_0819_tl_3/models/model.t7
Epoch 29 Train Loss: 1.178837
Epoch 29 Test Loss: 1.304404
Saved best model to outputs/regression_0819_tl_3/models/model.t7
Epoch 30 Train Loss: 1.171609
Epoch 30 Test Loss: 1.300464
Saved best model to outputs/regression_0819_tl_3/models/model.t7
Epoch 31 Train Loss: 1.112926
Epoch 31 Test Loss: 1.337653
Epoch 32 Train Loss: 1.084670
Epoch 32 Test Loss: 1.380072
Epoch 33 Train Loss: 1.081266
Epoch 33 Test Loss: 1.401591
Epoch 34 Train Loss: 1.056505
Epoch 34 Test Loss: 1.397982
Epoch 35 Train Loss: 1.033472
Epoch 35 Test Loss: 1.374964
Epoch 36 Train Loss: 1.034173
Epoch 36 Test Loss: 1.353853
Epoch 37 Train Loss: 1.020181
Epoch 37 Test Loss: 1.345425
Epoch 38 Train Loss: 0.978942
Epoch 38 Test Loss: 1.342675
Epoch 39 Train Loss: 0.963333
Epoch 39 Test Loss: 1.348888
Epoch 40 Train Loss: 0.968917
Epoch 40 Test Loss: 1.346079
Epoch 41 Train Loss: 0.970453
Epoch 41 Test Loss: 1.343625
Epoch 42 Train Loss: 0.948940
Epoch 42 Test Loss: 1.350900
Epoch 43 Train Loss: 0.920376
Epoch 43 Test Loss: 1.370543
Epoch 44 Train Loss: 0.913073
Epoch 44 Test Loss: 1.400011
Epoch 45 Train Loss: 0.910714
Epoch 45 Test Loss: 1.404402
Epoch 46 Train Loss: 0.899371
Epoch 46 Test Loss: 1.392663
Epoch 47 Train Loss: 0.888536
Epoch 47 Test Loss: 1.364507
Epoch 48 Train Loss: 0.875717
Epoch 48 Test Loss: 1.345608
Epoch 49 Train Loss: 0.867233
Epoch 49 Test Loss: 1.329732
Epoch 50 Train Loss: 0.864241
Epoch 50 Test Loss: 1.335478
Epoch 51 Train Loss: 0.860078
Epoch 51 Test Loss: 1.347076
Epoch 52 Train Loss: 0.849550
Epoch 52 Test Loss: 1.369117
Epoch 53 Train Loss: 0.845236
Epoch 53 Test Loss: 1.369343
Epoch 54 Train Loss: 0.831750
Epoch 54 Test Loss: 1.353198
Epoch 55 Train Loss: 0.824842
Epoch 55 Test Loss: 1.342581
Epoch 56 Train Loss: 0.818699
Epoch 56 Test Loss: 1.329767
Epoch 57 Train Loss: 0.807869
Epoch 57 Test Loss: 1.326916
Epoch 58 Train Loss: 0.798944
Epoch 58 Test Loss: 1.332559
Epoch 59 Train Loss: 0.801395
Epoch 59 Test Loss: 1.344127
Epoch 60 Train Loss: 0.798199
Epoch 60 Test Loss: 1.352174
Epoch 61 Train Loss: 0.790752
Epoch 61 Test Loss: 1.352100
Epoch 62 Train Loss: 0.784680
Epoch 62 Test Loss: 1.343688
Epoch 63 Train Loss: 0.781192
Epoch 63 Test Loss: 1.336197
Epoch 64 Train Loss: 0.769624
Epoch 64 Test Loss: 1.330866
Epoch 65 Train Loss: 0.773034
Epoch 65 Test Loss: 1.329339
Epoch 66 Train Loss: 0.766193
Epoch 66 Test Loss: 1.330436
Epoch 67 Train Loss: 0.763178
Epoch 67 Test Loss: 1.330497
Epoch 68 Train Loss: 0.754852
Epoch 68 Test Loss: 1.336607
Epoch 69 Train Loss: 0.751512
Epoch 69 Test Loss: 1.345067
Epoch 70 Train Loss: 0.750349
Epoch 70 Test Loss: 1.353025
Epoch 71 Train Loss: 0.755351
Epoch 71 Test Loss: 1.352033
Epoch 72 Train Loss: 0.743834
Epoch 72 Test Loss: 1.345310
Epoch 73 Train Loss: 0.739394
Epoch 73 Test Loss: 1.334484
Epoch 74 Train Loss: 0.739071
Epoch 74 Test Loss: 1.332209
Epoch 75 Train Loss: 0.733455
Epoch 75 Test Loss: 1.332565
Epoch 76 Train Loss: 0.731893
Epoch 76 Test Loss: 1.331097
Epoch 77 Train Loss: 0.734855
Epoch 77 Test Loss: 1.344801
Epoch 78 Train Loss: 0.724278
Epoch 78 Test Loss: 1.348681
Epoch 79 Train Loss: 0.725209
Epoch 79 Test Loss: 1.349101
Epoch 80 Train Loss: 0.721097
Epoch 80 Test Loss: 1.348563
Epoch 81 Train Loss: 0.714199
Epoch 81 Test Loss: 1.347600
Epoch 82 Train Loss: 0.708961
Epoch 82 Test Loss: 1.344367
Epoch 83 Train Loss: 0.716446
Epoch 83 Test Loss: 1.344791
Epoch 84 Train Loss: 0.712287
Epoch 84 Test Loss: 1.346334
Epoch 85 Train Loss: 0.705265
Epoch 85 Test Loss: 1.349499
Epoch 86 Train Loss: 0.709425
Epoch 86 Test Loss: 1.352860
Epoch 87 Train Loss: 0.706975
Epoch 87 Test Loss: 1.354339
Epoch 88 Train Loss: 0.703627
Epoch 88 Test Loss: 1.355008
Epoch 89 Train Loss: 0.700925
Epoch 89 Test Loss: 1.356107
Epoch 90 Train Loss: 0.694086
Epoch 90 Test Loss: 1.352538
Epoch 91 Train Loss: 0.695603
Epoch 91 Test Loss: 1.350265
Epoch 92 Train Loss: 0.697529
Epoch 92 Test Loss: 1.347620
Epoch 93 Train Loss: 0.685881
Epoch 93 Test Loss: 1.351039
Epoch 94 Train Loss: 0.685002
Epoch 94 Test Loss: 1.350715
Epoch 95 Train Loss: 0.679784
Epoch 95 Test Loss: 1.355053
Epoch 96 Train Loss: 0.687209
Epoch 96 Test Loss: 1.358607
Epoch 97 Train Loss: 0.681952
Epoch 97 Test Loss: 1.358216
Epoch 98 Train Loss: 0.673844
Epoch 98 Test Loss: 1.359599
Epoch 99 Train Loss: 0.673471
Epoch 99 Test Loss: 1.356032
Epoch 100 Train Loss: 0.676676
Epoch 100 Test Loss: 1.355098
Epoch 101 Train Loss: 0.679319
Epoch 101 Test Loss: 1.354239
Epoch 102 Train Loss: 0.675119
Epoch 102 Test Loss: 1.353045
Epoch 103 Train Loss: 0.679349
Epoch 103 Test Loss: 1.351490
Epoch 104 Train Loss: 0.670473
Epoch 104 Test Loss: 1.353646
Epoch 105 Train Loss: 0.665162
Epoch 105 Test Loss: 1.356208
Epoch 106 Train Loss: 0.667184
Epoch 106 Test Loss: 1.357599
Epoch 107 Train Loss: 0.667571
Epoch 107 Test Loss: 1.359699
Epoch 108 Train Loss: 0.665582
Epoch 108 Test Loss: 1.359226
Epoch 109 Train Loss: 0.665260
Epoch 109 Test Loss: 1.357086
Epoch 110 Train Loss: 0.660567
Epoch 110 Test Loss: 1.354687
Epoch 111 Train Loss: 0.653509
Epoch 111 Test Loss: 1.353691
Epoch 112 Train Loss: 0.661926
Epoch 112 Test Loss: 1.354728
Epoch 113 Train Loss: 0.657208
Epoch 113 Test Loss: 1.355643
Epoch 114 Train Loss: 0.656631
Epoch 114 Test Loss: 1.357684
Epoch 115 Train Loss: 0.659897
Epoch 115 Test Loss: 1.358062
Epoch 116 Train Loss: 0.653642
Epoch 116 Test Loss: 1.359129
Epoch 117 Train Loss: 0.649779
Epoch 117 Test Loss: 1.360020
Epoch 118 Train Loss: 0.651813
Epoch 118 Test Loss: 1.359533
Epoch 119 Train Loss: 0.650346
Epoch 119 Test Loss: 1.359914
Epoch 120 Train Loss: 0.651047
Epoch 120 Test Loss: 1.359475
Epoch 121 Train Loss: 0.647957
Epoch 121 Test Loss: 1.356612
Epoch 122 Train Loss: 0.650455
Epoch 122 Test Loss: 1.356665
Epoch 123 Train Loss: 0.646550
Epoch 123 Test Loss: 1.357945
Epoch 124 Train Loss: 0.649500
Epoch 124 Test Loss: 1.358889
Epoch 125 Train Loss: 0.653170
Epoch 125 Test Loss: 1.356648
Epoch 126 Train Loss: 0.644685
Epoch 126 Test Loss: 1.357460
Epoch 127 Train Loss: 0.644535
Epoch 127 Test Loss: 1.357399
Epoch 128 Train Loss: 0.639124
Epoch 128 Test Loss: 1.357955
Epoch 129 Train Loss: 0.634489
Epoch 129 Test Loss: 1.358436
Epoch 130 Train Loss: 0.642233
Epoch 130 Test Loss: 1.358482
Epoch 131 Train Loss: 0.641415
Epoch 131 Test Loss: 1.359049
Epoch 132 Train Loss: 0.638360
Epoch 132 Test Loss: 1.359727
Epoch 133 Train Loss: 0.637748
Epoch 133 Test Loss: 1.359836
Epoch 134 Train Loss: 0.644394
Epoch 134 Test Loss: 1.359318
Epoch 135 Train Loss: 0.640465
Epoch 135 Test Loss: 1.359520
Epoch 136 Train Loss: 0.637245
Epoch 136 Test Loss: 1.361021
Epoch 137 Train Loss: 0.636272
Epoch 137 Test Loss: 1.361088
Epoch 138 Train Loss: 0.639430
Epoch 138 Test Loss: 1.361929
Epoch 139 Train Loss: 0.634187
Epoch 139 Test Loss: 1.362072
Epoch 140 Train Loss: 0.635398
Epoch 140 Test Loss: 1.360531
Epoch 141 Train Loss: 0.633545
Epoch 141 Test Loss: 1.358942
Epoch 142 Train Loss: 0.633572
Epoch 142 Test Loss: 1.358952
Epoch 143 Train Loss: 0.625482
Epoch 143 Test Loss: 1.358722
Epoch 144 Train Loss: 0.633723
Epoch 144 Test Loss: 1.358643
Epoch 145 Train Loss: 0.630510
Epoch 145 Test Loss: 1.358647
Epoch 146 Train Loss: 0.638182
Epoch 146 Test Loss: 1.359869
Epoch 147 Train Loss: 0.631837
Epoch 147 Test Loss: 1.360103
Epoch 148 Train Loss: 0.630091
Epoch 148 Test Loss: 1.359647
Epoch 149 Train Loss: 0.631118
Epoch 149 Test Loss: 1.360520
Epoch 150 Train Loss: 0.628226
Epoch 150 Test Loss: 1.361601
Epoch 151 Train Loss: 0.630657
Epoch 151 Test Loss: 1.361303
Epoch 152 Train Loss: 0.626332
Epoch 152 Test Loss: 1.362634
Epoch 153 Train Loss: 0.627308
Epoch 153 Test Loss: 1.362747
Epoch 154 Train Loss: 0.629452
Epoch 154 Test Loss: 1.362005
Epoch 155 Train Loss: 0.628236
Epoch 155 Test Loss: 1.360482
Epoch 156 Train Loss: 0.624082
Epoch 156 Test Loss: 1.361629
Epoch 157 Train Loss: 0.629017
Epoch 157 Test Loss: 1.361271
Epoch 158 Train Loss: 0.622822
Epoch 158 Test Loss: 1.360520
Epoch 159 Train Loss: 0.622762
Epoch 159 Test Loss: 1.360043
Epoch 160 Train Loss: 0.627195
Epoch 160 Test Loss: 1.358519
Epoch 161 Train Loss: 0.624750
Epoch 161 Test Loss: 1.357360
Epoch 162 Train Loss: 0.623793
Epoch 162 Test Loss: 1.355606
Epoch 163 Train Loss: 0.619959
Epoch 163 Test Loss: 1.356191
Epoch 164 Train Loss: 0.623717
Epoch 164 Test Loss: 1.356813
Epoch 165 Train Loss: 0.617813
Epoch 165 Test Loss: 1.356849
Epoch 166 Train Loss: 0.622099
Epoch 166 Test Loss: 1.357585
Epoch 167 Train Loss: 0.621293
Epoch 167 Test Loss: 1.357860
Epoch 168 Train Loss: 0.621469
Epoch 168 Test Loss: 1.359569
Epoch 169 Train Loss: 0.620574
Epoch 169 Test Loss: 1.360547
Epoch 170 Train Loss: 0.620710
Epoch 170 Test Loss: 1.361605
Epoch 171 Train Loss: 0.620139
Epoch 171 Test Loss: 1.362562
Epoch 172 Train Loss: 0.619983
Epoch 172 Test Loss: 1.364150
Epoch 173 Train Loss: 0.620414
Epoch 173 Test Loss: 1.364300
Epoch 174 Train Loss: 0.618842
Epoch 174 Test Loss: 1.365005
Epoch 175 Train Loss: 0.621054
Epoch 175 Test Loss: 1.365920
Epoch 176 Train Loss: 0.618586
Epoch 176 Test Loss: 1.362971
Epoch 177 Train Loss: 0.619614
Epoch 177 Test Loss: 1.362615
Epoch 178 Train Loss: 0.617998
Epoch 178 Test Loss: 1.361666
Epoch 179 Train Loss: 0.623395
Epoch 179 Test Loss: 1.361993
Epoch 180 Train Loss: 0.618105
Epoch 180 Test Loss: 1.360843
Epoch 181 Train Loss: 0.618372
Epoch 181 Test Loss: 1.361975
Epoch 182 Train Loss: 0.615134
Epoch 182 Test Loss: 1.361370
Epoch 183 Train Loss: 0.620345
Epoch 183 Test Loss: 1.360748
Epoch 184 Train Loss: 0.615928
Epoch 184 Test Loss: 1.362293
Epoch 185 Train Loss: 0.615380
Epoch 185 Test Loss: 1.361772
Epoch 186 Train Loss: 0.615308
Epoch 186 Test Loss: 1.364608
Epoch 187 Train Loss: 0.618621
Epoch 187 Test Loss: 1.360009
Epoch 188 Train Loss: 0.621652
Epoch 188 Test Loss: 1.359291
Epoch 189 Train Loss: 0.617982
Epoch 189 Test Loss: 1.360649
Epoch 190 Train Loss: 0.616194
Epoch 190 Test Loss: 1.360463
Epoch 191 Train Loss: 0.617675
Epoch 191 Test Loss: 1.362710
Epoch 192 Train Loss: 0.614148
Epoch 192 Test Loss: 1.361109
Epoch 193 Train Loss: 0.613798
Epoch 193 Test Loss: 1.361220
Epoch 194 Train Loss: 0.613551
Epoch 194 Test Loss: 1.361414
Epoch 195 Train Loss: 0.612561
Epoch 195 Test Loss: 1.362683
Epoch 196 Train Loss: 0.614861
Epoch 196 Test Loss: 1.362031
Epoch 197 Train Loss: 0.617175
Epoch 197 Test Loss: 1.361269
Epoch 198 Train Loss: 0.615514
Epoch 198 Test Loss: 1.361421
Epoch 199 Train Loss: 0.618813
Epoch 199 Test Loss: 1.361997
