Namespace(batch_size=32, class_choice=None, dataset='shapenetpart', dropout=0.5, emb_dims=1024, epochs=200, eval=False, exp_name='regression_0819_tl_2', k=40, learnweight='transfer', lr=0.0001, model='dgcnn_regression', model_path='pretrained/model.partseg.t7', momentum=0.9, no_cuda=False, num_points=10000, scheduler='cos', seed=1, test_batch_size=16, use_sgd=True, visu='', visu_format='ply')
Using GPU : 0 from 1 devices
Transfer learning enabled
Epoch 0 Train Loss: 6.967871
Epoch 0 Test Loss: 8.147477
Saved best model to outputs/regression_0819_tl_2/models/model.t7
Epoch 1 Train Loss: 2.568077
Epoch 1 Test Loss: 12.537755
Epoch 2 Train Loss: 2.789499
Epoch 2 Test Loss: 22.821030
Epoch 3 Train Loss: 4.850131
Epoch 3 Test Loss: 44.291245
Epoch 4 Train Loss: 3.271404
Epoch 4 Test Loss: 39.339630
Epoch 5 Train Loss: 1.753024
Epoch 5 Test Loss: 13.766203
Epoch 6 Train Loss: 2.898146
Epoch 6 Test Loss: 6.661079
Saved best model to outputs/regression_0819_tl_2/models/model.t7
Epoch 7 Train Loss: 3.543739
Epoch 7 Test Loss: 15.111616
Epoch 8 Train Loss: 2.079679
Epoch 8 Test Loss: 37.369495
Epoch 9 Train Loss: 1.704086
Epoch 9 Test Loss: 49.753868
Epoch 10 Train Loss: 2.668252
Epoch 10 Test Loss: 35.964668
Epoch 11 Train Loss: 2.432214
Epoch 11 Test Loss: 16.367214
Epoch 12 Train Loss: 1.539404
Epoch 12 Test Loss: 6.094931
Saved best model to outputs/regression_0819_tl_2/models/model.t7
Epoch 13 Train Loss: 1.757751
Epoch 13 Test Loss: 3.629515
Saved best model to outputs/regression_0819_tl_2/models/model.t7
Epoch 14 Train Loss: 2.200806
Epoch 14 Test Loss: 4.282588
Epoch 15 Train Loss: 1.801390
Epoch 15 Test Loss: 6.403480
Epoch 16 Train Loss: 1.460673
Epoch 16 Test Loss: 8.481647
Epoch 17 Train Loss: 1.699028
Epoch 17 Test Loss: 7.775723
Epoch 18 Train Loss: 1.736776
Epoch 18 Test Loss: 5.103213
Epoch 19 Train Loss: 1.444566
Epoch 19 Test Loss: 2.605917
Saved best model to outputs/regression_0819_tl_2/models/model.t7
Epoch 20 Train Loss: 1.415808
Epoch 20 Test Loss: 1.706569
Saved best model to outputs/regression_0819_tl_2/models/model.t7
Epoch 21 Train Loss: 1.539633
Epoch 21 Test Loss: 1.417062
Saved best model to outputs/regression_0819_tl_2/models/model.t7
Epoch 22 Train Loss: 1.442718
Epoch 22 Test Loss: 1.378324
Saved best model to outputs/regression_0819_tl_2/models/model.t7
Epoch 23 Train Loss: 1.260939
Epoch 23 Test Loss: 1.767451
Epoch 24 Train Loss: 1.277497
Epoch 24 Test Loss: 2.156438
Epoch 25 Train Loss: 1.364200
Epoch 25 Test Loss: 2.022568
Epoch 26 Train Loss: 1.305672
Epoch 26 Test Loss: 1.659260
Epoch 27 Train Loss: 1.187916
Epoch 27 Test Loss: 1.427361
Epoch 28 Train Loss: 1.165357
Epoch 28 Test Loss: 1.314098
Saved best model to outputs/regression_0819_tl_2/models/model.t7
Epoch 29 Train Loss: 1.204877
Epoch 29 Test Loss: 1.299170
Saved best model to outputs/regression_0819_tl_2/models/model.t7
Epoch 30 Train Loss: 1.187365
Epoch 30 Test Loss: 1.349717
Epoch 31 Train Loss: 1.121487
Epoch 31 Test Loss: 1.446845
Epoch 32 Train Loss: 1.083707
Epoch 32 Test Loss: 1.529193
Epoch 33 Train Loss: 1.106403
Epoch 33 Test Loss: 1.519514
Epoch 34 Train Loss: 1.082967
Epoch 34 Test Loss: 1.447101
Epoch 35 Train Loss: 1.042234
Epoch 35 Test Loss: 1.377366
Epoch 36 Train Loss: 1.023516
Epoch 36 Test Loss: 1.341974
Epoch 37 Train Loss: 1.027301
Epoch 37 Test Loss: 1.349862
Epoch 38 Train Loss: 1.008419
Epoch 38 Test Loss: 1.379545
Epoch 39 Train Loss: 0.987829
Epoch 39 Test Loss: 1.407208
Epoch 40 Train Loss: 0.976228
Epoch 40 Test Loss: 1.431308
Epoch 41 Train Loss: 0.975033
Epoch 41 Test Loss: 1.428800
Epoch 42 Train Loss: 0.956782
Epoch 42 Test Loss: 1.416002
Epoch 43 Train Loss: 0.936184
Epoch 43 Test Loss: 1.407227
Epoch 44 Train Loss: 0.926797
Epoch 44 Test Loss: 1.412079
Epoch 45 Train Loss: 0.928536
Epoch 45 Test Loss: 1.426907
Epoch 46 Train Loss: 0.912200
Epoch 46 Test Loss: 1.428640
Epoch 47 Train Loss: 0.897637
Epoch 47 Test Loss: 1.408241
Epoch 48 Train Loss: 0.878248
Epoch 48 Test Loss: 1.386183
Epoch 49 Train Loss: 0.882631
Epoch 49 Test Loss: 1.383044
Epoch 50 Train Loss: 0.873935
Epoch 50 Test Loss: 1.383553
Epoch 51 Train Loss: 0.858893
Epoch 51 Test Loss: 1.393041
Epoch 52 Train Loss: 0.849430
Epoch 52 Test Loss: 1.408939
Epoch 53 Train Loss: 0.849404
Epoch 53 Test Loss: 1.401873
Epoch 54 Train Loss: 0.843505
Epoch 54 Test Loss: 1.394726
Epoch 55 Train Loss: 0.835693
Epoch 55 Test Loss: 1.371617
Epoch 56 Train Loss: 0.824929
Epoch 56 Test Loss: 1.360371
Epoch 57 Train Loss: 0.819478
Epoch 57 Test Loss: 1.357561
Epoch 58 Train Loss: 0.818259
Epoch 58 Test Loss: 1.359827
Epoch 59 Train Loss: 0.810531
Epoch 59 Test Loss: 1.366325
Epoch 60 Train Loss: 0.809202
Epoch 60 Test Loss: 1.373973
Epoch 61 Train Loss: 0.792098
Epoch 61 Test Loss: 1.373132
Epoch 62 Train Loss: 0.790661
Epoch 62 Test Loss: 1.365493
Epoch 63 Train Loss: 0.779544
Epoch 63 Test Loss: 1.351943
Epoch 64 Train Loss: 0.780071
Epoch 64 Test Loss: 1.356989
Epoch 65 Train Loss: 0.777105
Epoch 65 Test Loss: 1.352044
Epoch 66 Train Loss: 0.767589
Epoch 66 Test Loss: 1.346306
Epoch 67 Train Loss: 0.766593
Epoch 67 Test Loss: 1.350794
Epoch 68 Train Loss: 0.758712
Epoch 68 Test Loss: 1.354260
Epoch 69 Train Loss: 0.759184
Epoch 69 Test Loss: 1.353233
Epoch 70 Train Loss: 0.752971
Epoch 70 Test Loss: 1.352295
Epoch 71 Train Loss: 0.757346
Epoch 71 Test Loss: 1.348778
Epoch 72 Train Loss: 0.746720
Epoch 72 Test Loss: 1.351520
Epoch 73 Train Loss: 0.750396
Epoch 73 Test Loss: 1.348913
Epoch 74 Train Loss: 0.736395
Epoch 74 Test Loss: 1.353939
Epoch 75 Train Loss: 0.734835
Epoch 75 Test Loss: 1.362426
Epoch 76 Train Loss: 0.736447
Epoch 76 Test Loss: 1.371230
Epoch 77 Train Loss: 0.730146
Epoch 77 Test Loss: 1.376639
Epoch 78 Train Loss: 0.729011
Epoch 78 Test Loss: 1.375663
Epoch 79 Train Loss: 0.728751
Epoch 79 Test Loss: 1.375662
Epoch 80 Train Loss: 0.720584
Epoch 80 Test Loss: 1.370080
Epoch 81 Train Loss: 0.719951
Epoch 81 Test Loss: 1.371087
Epoch 82 Train Loss: 0.717854
Epoch 82 Test Loss: 1.372815
Epoch 83 Train Loss: 0.712957
Epoch 83 Test Loss: 1.375506
Epoch 84 Train Loss: 0.713851
Epoch 84 Test Loss: 1.375898
Epoch 85 Train Loss: 0.709683
Epoch 85 Test Loss: 1.376187
Epoch 86 Train Loss: 0.704200
Epoch 86 Test Loss: 1.383302
Epoch 87 Train Loss: 0.700588
Epoch 87 Test Loss: 1.384447
Epoch 88 Train Loss: 0.709247
Epoch 88 Test Loss: 1.385432
Epoch 89 Train Loss: 0.695591
Epoch 89 Test Loss: 1.380308
Epoch 90 Train Loss: 0.701232
Epoch 90 Test Loss: 1.379286
Epoch 91 Train Loss: 0.696894
Epoch 91 Test Loss: 1.377227
Epoch 92 Train Loss: 0.692532
Epoch 92 Test Loss: 1.382532
Epoch 93 Train Loss: 0.690189
Epoch 93 Test Loss: 1.385915
Epoch 94 Train Loss: 0.681454
Epoch 94 Test Loss: 1.393667
Epoch 95 Train Loss: 0.690361
Epoch 95 Test Loss: 1.398173
Epoch 96 Train Loss: 0.686313
Epoch 96 Test Loss: 1.399022
Epoch 97 Train Loss: 0.680671
Epoch 97 Test Loss: 1.402867
Epoch 98 Train Loss: 0.677794
Epoch 98 Test Loss: 1.401068
Epoch 99 Train Loss: 0.683020
Epoch 99 Test Loss: 1.398723
Epoch 100 Train Loss: 0.679224
Epoch 100 Test Loss: 1.395818
Epoch 101 Train Loss: 0.677672
Epoch 101 Test Loss: 1.400584
Epoch 102 Train Loss: 0.675060
Epoch 102 Test Loss: 1.401751
Epoch 103 Train Loss: 0.671829
Epoch 103 Test Loss: 1.404171
Epoch 104 Train Loss: 0.673294
Epoch 104 Test Loss: 1.395810
Epoch 105 Train Loss: 0.673333
Epoch 105 Test Loss: 1.399365
Epoch 106 Train Loss: 0.665711
Epoch 106 Test Loss: 1.400941
Epoch 107 Train Loss: 0.670133
Epoch 107 Test Loss: 1.402113
Epoch 108 Train Loss: 0.666064
Epoch 108 Test Loss: 1.405750
Epoch 109 Train Loss: 0.664942
Epoch 109 Test Loss: 1.407749
Epoch 110 Train Loss: 0.663326
Epoch 110 Test Loss: 1.407240
Epoch 111 Train Loss: 0.661218
Epoch 111 Test Loss: 1.411282
Epoch 112 Train Loss: 0.662113
Epoch 112 Test Loss: 1.414277
Epoch 113 Train Loss: 0.662889
Epoch 113 Test Loss: 1.418525
Epoch 114 Train Loss: 0.654437
Epoch 114 Test Loss: 1.424255
Epoch 115 Train Loss: 0.658131
Epoch 115 Test Loss: 1.429244
Epoch 116 Train Loss: 0.661352
Epoch 116 Test Loss: 1.429323
Epoch 117 Train Loss: 0.656404
Epoch 117 Test Loss: 1.428951
Epoch 118 Train Loss: 0.655670
Epoch 118 Test Loss: 1.427943
Epoch 119 Train Loss: 0.654969
Epoch 119 Test Loss: 1.426315
Epoch 120 Train Loss: 0.656814
Epoch 120 Test Loss: 1.426131
Epoch 121 Train Loss: 0.647699
Epoch 121 Test Loss: 1.426565
Epoch 122 Train Loss: 0.646276
Epoch 122 Test Loss: 1.427359
Epoch 123 Train Loss: 0.645389
Epoch 123 Test Loss: 1.425072
Epoch 124 Train Loss: 0.651398
Epoch 124 Test Loss: 1.422001
Epoch 125 Train Loss: 0.640056
Epoch 125 Test Loss: 1.419919
Epoch 126 Train Loss: 0.643460
Epoch 126 Test Loss: 1.419835
Epoch 127 Train Loss: 0.651808
Epoch 127 Test Loss: 1.421841
Epoch 128 Train Loss: 0.649641
Epoch 128 Test Loss: 1.425014
Epoch 129 Train Loss: 0.645631
Epoch 129 Test Loss: 1.426588
Epoch 130 Train Loss: 0.640615
Epoch 130 Test Loss: 1.428735
Epoch 131 Train Loss: 0.643176
Epoch 131 Test Loss: 1.429436
Epoch 132 Train Loss: 0.640114
Epoch 132 Test Loss: 1.429593
Epoch 133 Train Loss: 0.643708
Epoch 133 Test Loss: 1.429022
Epoch 134 Train Loss: 0.637456
Epoch 134 Test Loss: 1.429572
Epoch 135 Train Loss: 0.643306
Epoch 135 Test Loss: 1.429575
Epoch 136 Train Loss: 0.641872
Epoch 136 Test Loss: 1.425734
Epoch 137 Train Loss: 0.638933
Epoch 137 Test Loss: 1.427896
Epoch 138 Train Loss: 0.636457
Epoch 138 Test Loss: 1.426359
Epoch 139 Train Loss: 0.645204
Epoch 139 Test Loss: 1.431834
Epoch 140 Train Loss: 0.636470
Epoch 140 Test Loss: 1.431319
Epoch 141 Train Loss: 0.630680
Epoch 141 Test Loss: 1.431536
Epoch 142 Train Loss: 0.636773
Epoch 142 Test Loss: 1.433062
Epoch 143 Train Loss: 0.628061
Epoch 143 Test Loss: 1.432574
Epoch 144 Train Loss: 0.635451
Epoch 144 Test Loss: 1.434409
Epoch 145 Train Loss: 0.634430
Epoch 145 Test Loss: 1.435711
Epoch 146 Train Loss: 0.640080
Epoch 146 Test Loss: 1.437444
Epoch 147 Train Loss: 0.632469
Epoch 147 Test Loss: 1.437279
Epoch 148 Train Loss: 0.631855
Epoch 148 Test Loss: 1.429683
Epoch 149 Train Loss: 0.630476
Epoch 149 Test Loss: 1.438592
Epoch 150 Train Loss: 0.628560
Epoch 150 Test Loss: 1.440290
Epoch 151 Train Loss: 0.639862
Epoch 151 Test Loss: 1.440703
Epoch 152 Train Loss: 0.626305
Epoch 152 Test Loss: 1.441077
Epoch 153 Train Loss: 0.634207
Epoch 153 Test Loss: 1.441798
Epoch 154 Train Loss: 0.628687
Epoch 154 Test Loss: 1.442748
Epoch 155 Train Loss: 0.627719
Epoch 155 Test Loss: 1.443102
Epoch 156 Train Loss: 0.629031
Epoch 156 Test Loss: 1.444657
Epoch 157 Train Loss: 0.631516
Epoch 157 Test Loss: 1.442947
Epoch 158 Train Loss: 0.625527
Epoch 158 Test Loss: 1.440562
Epoch 159 Train Loss: 0.622441
Epoch 159 Test Loss: 1.441308
Epoch 160 Train Loss: 0.627665
Epoch 160 Test Loss: 1.439108
Epoch 161 Train Loss: 0.622605
Epoch 161 Test Loss: 1.438262
Epoch 162 Train Loss: 0.628637
Epoch 162 Test Loss: 1.437800
Epoch 163 Train Loss: 0.624939
Epoch 163 Test Loss: 1.436605
Epoch 164 Train Loss: 0.622976
Epoch 164 Test Loss: 1.438388
Epoch 165 Train Loss: 0.625267
Epoch 165 Test Loss: 1.437669
Epoch 166 Train Loss: 0.625175
Epoch 166 Test Loss: 1.439115
Epoch 167 Train Loss: 0.621679
Epoch 167 Test Loss: 1.438504
Epoch 168 Train Loss: 0.623303
Epoch 168 Test Loss: 1.437885
Epoch 169 Train Loss: 0.627414
Epoch 169 Test Loss: 1.437793
Epoch 170 Train Loss: 0.623894
Epoch 170 Test Loss: 1.435851
Epoch 171 Train Loss: 0.623279
Epoch 171 Test Loss: 1.437495
Epoch 172 Train Loss: 0.623198
Epoch 172 Test Loss: 1.438493
Epoch 173 Train Loss: 0.620002
Epoch 173 Test Loss: 1.438842
Epoch 174 Train Loss: 0.624141
Epoch 174 Test Loss: 1.441281
Epoch 175 Train Loss: 0.614975
Epoch 175 Test Loss: 1.443736
Epoch 176 Train Loss: 0.621850
Epoch 176 Test Loss: 1.444242
Epoch 177 Train Loss: 0.622791
Epoch 177 Test Loss: 1.446872
Epoch 178 Train Loss: 0.620115
Epoch 178 Test Loss: 1.446600
Epoch 179 Train Loss: 0.615460
Epoch 179 Test Loss: 1.447744
Epoch 180 Train Loss: 0.617053
Epoch 180 Test Loss: 1.448583
Epoch 181 Train Loss: 0.619305
Epoch 181 Test Loss: 1.448623
Epoch 182 Train Loss: 0.621583
Epoch 182 Test Loss: 1.448810
Epoch 183 Train Loss: 0.616968
Epoch 183 Test Loss: 1.447259
Epoch 184 Train Loss: 0.615038
Epoch 184 Test Loss: 1.447096
Epoch 185 Train Loss: 0.618731
Epoch 185 Test Loss: 1.446829
Epoch 186 Train Loss: 0.616664
Epoch 186 Test Loss: 1.446980
Epoch 187 Train Loss: 0.618174
Epoch 187 Test Loss: 1.447590
Epoch 188 Train Loss: 0.616924
Epoch 188 Test Loss: 1.446706
Epoch 189 Train Loss: 0.614702
Epoch 189 Test Loss: 1.440596
Epoch 190 Train Loss: 0.621552
Epoch 190 Test Loss: 1.448675
Epoch 191 Train Loss: 0.615257
Epoch 191 Test Loss: 1.448627
Epoch 192 Train Loss: 0.615506
Epoch 192 Test Loss: 1.449764
Epoch 193 Train Loss: 0.620990
Epoch 193 Test Loss: 1.444604
Epoch 194 Train Loss: 0.615556
Epoch 194 Test Loss: 1.451424
Epoch 195 Train Loss: 0.618793
Epoch 195 Test Loss: 1.449494
Epoch 196 Train Loss: 0.618798
Epoch 196 Test Loss: 1.450758
Epoch 197 Train Loss: 0.621007
Epoch 197 Test Loss: 1.448875
Epoch 198 Train Loss: 0.613846
Epoch 198 Test Loss: 1.449154
Epoch 199 Train Loss: 0.617417
Epoch 199 Test Loss: 1.448298
Namespace(batch_size=32, class_choice=None, dataset='shapenetpart', dropout=0.5, emb_dims=1024, epochs=200, eval=False, exp_name='regression_0819_tl_2', k=40, learnweight='transfer', lr=0.0001, model='dgcnn_regression', model_path='pretrained/model.partseg.t7', momentum=0.9, no_cuda=False, num_points=100000, scheduler='cos', seed=1, test_batch_size=16, use_sgd=True, visu='', visu_format='ply')
Using GPU : 0 from 1 devices
Transfer learning enabled
Epoch 0 Train Loss: 6.931673
Epoch 0 Test Loss: 8.853907
Saved best model to outputs/regression_0819_tl_2/models/model.t7
Epoch 1 Train Loss: 2.615549
Epoch 1 Test Loss: 13.725833
Epoch 2 Train Loss: 2.828074
Epoch 2 Test Loss: 23.582169
Epoch 3 Train Loss: 4.866733
Epoch 3 Test Loss: 46.034767
Epoch 4 Train Loss: 3.274056
Epoch 4 Test Loss: 43.021626
Epoch 5 Train Loss: 1.751009
Epoch 5 Test Loss: 15.614006
Epoch 6 Train Loss: 2.932927
Epoch 6 Test Loss: 8.121698
Saved best model to outputs/regression_0819_tl_2/models/model.t7
Epoch 7 Train Loss: 3.566645
Epoch 7 Test Loss: 16.789494
Epoch 8 Train Loss: 2.086279
Epoch 8 Test Loss: 38.858124
Epoch 9 Train Loss: 1.705898
Epoch 9 Test Loss: 49.512962
Epoch 10 Train Loss: 2.670774
Epoch 10 Test Loss: 35.086594
Epoch 11 Train Loss: 2.435017
Epoch 11 Test Loss: 14.931919
Epoch 12 Train Loss: 1.553800
Epoch 12 Test Loss: 5.616501
Saved best model to outputs/regression_0819_tl_2/models/model.t7
Epoch 13 Train Loss: 1.756950
Epoch 13 Test Loss: 4.012053
Saved best model to outputs/regression_0819_tl_2/models/model.t7
Epoch 14 Train Loss: 2.205873
Epoch 14 Test Loss: 5.314474
Epoch 15 Train Loss: 1.802716
Epoch 15 Test Loss: 7.981914
Epoch 16 Train Loss: 1.457962
Epoch 16 Test Loss: 9.387912
Epoch 17 Train Loss: 1.691529
Epoch 17 Test Loss: 8.016075
Epoch 18 Train Loss: 1.722866
Epoch 18 Test Loss: 4.754180
Epoch 19 Train Loss: 1.453851
Epoch 19 Test Loss: 2.614218
Saved best model to outputs/regression_0819_tl_2/models/model.t7
Epoch 20 Train Loss: 1.435380
Epoch 20 Test Loss: 1.846052
Saved best model to outputs/regression_0819_tl_2/models/model.t7
Epoch 21 Train Loss: 1.545196
Epoch 21 Test Loss: 1.575781
Saved best model to outputs/regression_0819_tl_2/models/model.t7
Epoch 22 Train Loss: 1.407634
Epoch 22 Test Loss: 1.548515
Saved best model to outputs/regression_0819_tl_2/models/model.t7
Epoch 23 Train Loss: 1.260518
Epoch 23 Test Loss: 1.873883
Epoch 24 Train Loss: 1.308672
Epoch 24 Test Loss: 2.107121
Epoch 25 Train Loss: 1.371848
Epoch 25 Test Loss: 1.907035
Epoch 26 Train Loss: 1.267199
Epoch 26 Test Loss: 1.558756
Epoch 27 Train Loss: 1.164929
Epoch 27 Test Loss: 1.389636
Saved best model to outputs/regression_0819_tl_2/models/model.t7
Epoch 28 Train Loss: 1.169342
Epoch 28 Test Loss: 1.352564
Saved best model to outputs/regression_0819_tl_2/models/model.t7
Epoch 29 Train Loss: 1.211409
Epoch 29 Test Loss: 1.326810
Saved best model to outputs/regression_0819_tl_2/models/model.t7
Epoch 30 Train Loss: 1.182799
Epoch 30 Test Loss: 1.355853
Epoch 31 Train Loss: 1.108194
Epoch 31 Test Loss: 1.408694
Epoch 32 Train Loss: 1.082682
Epoch 32 Test Loss: 1.442059
Epoch 33 Train Loss: 1.102901
Epoch 33 Test Loss: 1.422399
Epoch 34 Train Loss: 1.076900
Epoch 34 Test Loss: 1.367636
Epoch 35 Train Loss: 1.040883
Epoch 35 Test Loss: 1.334320
Epoch 36 Train Loss: 1.030220
Epoch 36 Test Loss: 1.311981
Saved best model to outputs/regression_0819_tl_2/models/model.t7
Epoch 37 Train Loss: 1.025143
Epoch 37 Test Loss: 1.309443
Saved best model to outputs/regression_0819_tl_2/models/model.t7
Epoch 38 Train Loss: 0.993940
Epoch 38 Test Loss: 1.322617
Epoch 39 Train Loss: 0.983226
Epoch 39 Test Loss: 1.342847
Epoch 40 Train Loss: 0.979944
Epoch 40 Test Loss: 1.358161
Epoch 41 Train Loss: 0.977683
Epoch 41 Test Loss: 1.349660
Epoch 42 Train Loss: 0.943620
Epoch 42 Test Loss: 1.335576
Epoch 43 Train Loss: 0.927850
Epoch 43 Test Loss: 1.329329
Epoch 44 Train Loss: 0.919559
Epoch 44 Test Loss: 1.334899
Epoch 45 Train Loss: 0.923530
Epoch 45 Test Loss: 1.341582
Epoch 46 Train Loss: 0.909043
Epoch 46 Test Loss: 1.337411
Epoch 47 Train Loss: 0.879550
Epoch 47 Test Loss: 1.327865
Epoch 48 Train Loss: 0.878592
Epoch 48 Test Loss: 1.319449
Epoch 49 Train Loss: 0.872755
Epoch 49 Test Loss: 1.308309
Saved best model to outputs/regression_0819_tl_2/models/model.t7
Epoch 50 Train Loss: 0.870089
Epoch 50 Test Loss: 1.297019
Saved best model to outputs/regression_0819_tl_2/models/model.t7
Epoch 51 Train Loss: 0.863953
Epoch 51 Test Loss: 1.293666
Saved best model to outputs/regression_0819_tl_2/models/model.t7
Epoch 52 Train Loss: 0.852114
Epoch 52 Test Loss: 1.307413
Epoch 53 Train Loss: 0.846241
Epoch 53 Test Loss: 1.312304
Epoch 54 Train Loss: 0.845780
Epoch 54 Test Loss: 1.311502
Epoch 55 Train Loss: 0.829646
Epoch 55 Test Loss: 1.307719
Epoch 56 Train Loss: 0.828157
Epoch 56 Test Loss: 1.306788
Epoch 57 Train Loss: 0.814042
Epoch 57 Test Loss: 1.308967
Epoch 58 Train Loss: 0.816177
Epoch 58 Test Loss: 1.302171
Epoch 59 Train Loss: 0.805530
Epoch 59 Test Loss: 1.308927
Epoch 60 Train Loss: 0.805379
Epoch 60 Test Loss: 1.309774
Epoch 61 Train Loss: 0.794929
Epoch 61 Test Loss: 1.304600
Epoch 62 Train Loss: 0.797799
Epoch 62 Test Loss: 1.295876
Epoch 63 Train Loss: 0.792238
Epoch 63 Test Loss: 1.291001
Saved best model to outputs/regression_0819_tl_2/models/model.t7
Epoch 64 Train Loss: 0.784890
Epoch 64 Test Loss: 1.288969
Saved best model to outputs/regression_0819_tl_2/models/model.t7
Epoch 65 Train Loss: 0.785872
Epoch 65 Test Loss: 1.284451
Saved best model to outputs/regression_0819_tl_2/models/model.t7
Epoch 66 Train Loss: 0.774872
Epoch 66 Test Loss: 1.290117
Epoch 67 Train Loss: 0.769452
Epoch 67 Test Loss: 1.285987
Epoch 68 Train Loss: 0.763450
Epoch 68 Test Loss: 1.285573
Epoch 69 Train Loss: 0.764036
Epoch 69 Test Loss: 1.281083
Saved best model to outputs/regression_0819_tl_2/models/model.t7
Epoch 70 Train Loss: 0.755971
Epoch 70 Test Loss: 1.273856
Saved best model to outputs/regression_0819_tl_2/models/model.t7
Epoch 71 Train Loss: 0.754624
Epoch 71 Test Loss: 1.277981
Epoch 72 Train Loss: 0.747973
Epoch 72 Test Loss: 1.277291
Epoch 73 Train Loss: 0.741005
Epoch 73 Test Loss: 1.281038
Epoch 74 Train Loss: 0.744512
Epoch 74 Test Loss: 1.283089
Epoch 75 Train Loss: 0.738536
Epoch 75 Test Loss: 1.278297
Epoch 76 Train Loss: 0.739333
Epoch 76 Test Loss: 1.270643
Saved best model to outputs/regression_0819_tl_2/models/model.t7
Epoch 77 Train Loss: 0.734427
Epoch 77 Test Loss: 1.267442
Saved best model to outputs/regression_0819_tl_2/models/model.t7
Epoch 78 Train Loss: 0.727882
Epoch 78 Test Loss: 1.264461
Saved best model to outputs/regression_0819_tl_2/models/model.t7
Epoch 79 Train Loss: 0.725762
Epoch 79 Test Loss: 1.264086
Saved best model to outputs/regression_0819_tl_2/models/model.t7
Epoch 80 Train Loss: 0.720792
Epoch 80 Test Loss: 1.267420
Epoch 81 Train Loss: 0.722152
Epoch 81 Test Loss: 1.267747
Epoch 82 Train Loss: 0.718751
Epoch 82 Test Loss: 1.274059
Epoch 83 Train Loss: 0.719397
Epoch 83 Test Loss: 1.270087
Epoch 84 Train Loss: 0.717595
Epoch 84 Test Loss: 1.271352
Epoch 85 Train Loss: 0.709884
Epoch 85 Test Loss: 1.268981
Epoch 86 Train Loss: 0.713139
Epoch 86 Test Loss: 1.269750
Epoch 87 Train Loss: 0.712714
Epoch 87 Test Loss: 1.269357
Epoch 88 Train Loss: 0.702583
Epoch 88 Test Loss: 1.271647
Epoch 89 Train Loss: 0.701084
Epoch 89 Test Loss: 1.267236
Epoch 90 Train Loss: 0.700124
Epoch 90 Test Loss: 1.271125
Epoch 91 Train Loss: 0.695973
Epoch 91 Test Loss: 1.272735
Epoch 92 Train Loss: 0.701931
Epoch 92 Test Loss: 1.270281
Epoch 93 Train Loss: 0.696452
Epoch 93 Test Loss: 1.268827
Epoch 94 Train Loss: 0.700849
Epoch 94 Test Loss: 1.268180
Epoch 95 Train Loss: 0.699368
Epoch 95 Test Loss: 1.259003
Saved best model to outputs/regression_0819_tl_2/models/model.t7
Epoch 96 Train Loss: 0.686550
Epoch 96 Test Loss: 1.256213
Saved best model to outputs/regression_0819_tl_2/models/model.t7
Epoch 97 Train Loss: 0.686052
Epoch 97 Test Loss: 1.254372
Saved best model to outputs/regression_0819_tl_2/models/model.t7
Epoch 98 Train Loss: 0.690881
Epoch 98 Test Loss: 1.255813
Epoch 99 Train Loss: 0.684687
Epoch 99 Test Loss: 1.254865
Epoch 100 Train Loss: 0.678670
Epoch 100 Test Loss: 1.259213
Epoch 101 Train Loss: 0.677688
Epoch 101 Test Loss: 1.259689
Epoch 102 Train Loss: 0.674412
Epoch 102 Test Loss: 1.260343
Epoch 103 Train Loss: 0.681713
Epoch 103 Test Loss: 1.265224
Epoch 104 Train Loss: 0.672586
Epoch 104 Test Loss: 1.264710
Epoch 105 Train Loss: 0.669560
Epoch 105 Test Loss: 1.269173
Epoch 106 Train Loss: 0.672968
Epoch 106 Test Loss: 1.266029
Epoch 107 Train Loss: 0.672815
Epoch 107 Test Loss: 1.263330
Epoch 108 Train Loss: 0.668675
Epoch 108 Test Loss: 1.267273
Epoch 109 Train Loss: 0.665539
Epoch 109 Test Loss: 1.268715
Epoch 110 Train Loss: 0.665908
Epoch 110 Test Loss: 1.269656
Epoch 111 Train Loss: 0.667083
Epoch 111 Test Loss: 1.274040
Epoch 112 Train Loss: 0.668222
Epoch 112 Test Loss: 1.272317
Epoch 113 Train Loss: 0.666680
Epoch 113 Test Loss: 1.273984
Epoch 114 Train Loss: 0.664353
Epoch 114 Test Loss: 1.276016
Epoch 115 Train Loss: 0.659591
Epoch 115 Test Loss: 1.275348
Epoch 116 Train Loss: 0.660249
Epoch 116 Test Loss: 1.275127
Epoch 117 Train Loss: 0.656634
Epoch 117 Test Loss: 1.273542
Epoch 118 Train Loss: 0.661393
Epoch 118 Test Loss: 1.271464
Epoch 119 Train Loss: 0.658356
Epoch 119 Test Loss: 1.269890
Epoch 120 Train Loss: 0.651223
Epoch 120 Test Loss: 1.267402
Epoch 121 Train Loss: 0.653472
Epoch 121 Test Loss: 1.266180
Epoch 122 Train Loss: 0.655749
Epoch 122 Test Loss: 1.265111
Epoch 123 Train Loss: 0.654721
Epoch 123 Test Loss: 1.263452
Epoch 124 Train Loss: 0.651852
Epoch 124 Test Loss: 1.264136
Epoch 125 Train Loss: 0.651657
Epoch 125 Test Loss: 1.264902
Epoch 126 Train Loss: 0.645335
Epoch 126 Test Loss: 1.264814
Epoch 127 Train Loss: 0.649469
Epoch 127 Test Loss: 1.262873
Epoch 128 Train Loss: 0.646274
Epoch 128 Test Loss: 1.264480
Epoch 129 Train Loss: 0.643711
Epoch 129 Test Loss: 1.264283
Epoch 130 Train Loss: 0.645042
Epoch 130 Test Loss: 1.266684
Epoch 131 Train Loss: 0.648582
Epoch 131 Test Loss: 1.271326
Epoch 132 Train Loss: 0.646956
Epoch 132 Test Loss: 1.274054
Epoch 133 Train Loss: 0.640850
Epoch 133 Test Loss: 1.274094
Epoch 134 Train Loss: 0.644876
Epoch 134 Test Loss: 1.273219
Epoch 135 Train Loss: 0.645982
Epoch 135 Test Loss: 1.271764
Epoch 136 Train Loss: 0.640213
Epoch 136 Test Loss: 1.268416
Epoch 137 Train Loss: 0.636536
Epoch 137 Test Loss: 1.273037
Epoch 138 Train Loss: 0.637944
Epoch 138 Test Loss: 1.273787
Epoch 139 Train Loss: 0.640453
Epoch 139 Test Loss: 1.270059
Epoch 140 Train Loss: 0.637049
Epoch 140 Test Loss: 1.270784
Epoch 141 Train Loss: 0.636673
Epoch 141 Test Loss: 1.270969
Epoch 142 Train Loss: 0.632563
Epoch 142 Test Loss: 1.272068
Epoch 143 Train Loss: 0.638033
Epoch 143 Test Loss: 1.272208
Epoch 144 Train Loss: 0.639965
Epoch 144 Test Loss: 1.271836
Epoch 145 Train Loss: 0.637354
Epoch 145 Test Loss: 1.273527
Epoch 146 Train Loss: 0.631564
Epoch 146 Test Loss: 1.273229
Epoch 147 Train Loss: 0.634177
Epoch 147 Test Loss: 1.272395
Epoch 148 Train Loss: 0.632403
Epoch 148 Test Loss: 1.272325
Epoch 149 Train Loss: 0.631945
Epoch 149 Test Loss: 1.272222
Epoch 150 Train Loss: 0.634486
Epoch 150 Test Loss: 1.271753
Epoch 151 Train Loss: 0.637056
Epoch 151 Test Loss: 1.273963
Epoch 152 Train Loss: 0.636811
Epoch 152 Test Loss: 1.273187
Epoch 153 Train Loss: 0.632299
Epoch 153 Test Loss: 1.275050
Epoch 154 Train Loss: 0.633021
Epoch 154 Test Loss: 1.276070
Epoch 155 Train Loss: 0.626059
Epoch 155 Test Loss: 1.277951
Epoch 156 Train Loss: 0.627991
Epoch 156 Test Loss: 1.280555
Epoch 157 Train Loss: 0.629940
Epoch 157 Test Loss: 1.283345
Epoch 158 Train Loss: 0.630251
Epoch 158 Test Loss: 1.284068
Epoch 159 Train Loss: 0.628284
Epoch 159 Test Loss: 1.283952
Epoch 160 Train Loss: 0.626093
Epoch 160 Test Loss: 1.283344
Epoch 161 Train Loss: 0.625540
Epoch 161 Test Loss: 1.282995
Epoch 162 Train Loss: 0.626379
Epoch 162 Test Loss: 1.281615
Epoch 163 Train Loss: 0.633754
Epoch 163 Test Loss: 1.282043
Epoch 164 Train Loss: 0.621026
Epoch 164 Test Loss: 1.283322
Epoch 165 Train Loss: 0.626903
Epoch 165 Test Loss: 1.284036
Epoch 166 Train Loss: 0.627741
Epoch 166 Test Loss: 1.281076
Epoch 167 Train Loss: 0.626202
Epoch 167 Test Loss: 1.284810
Epoch 168 Train Loss: 0.624526
Epoch 168 Test Loss: 1.284314
Epoch 169 Train Loss: 0.626066
Epoch 169 Test Loss: 1.283221
Epoch 170 Train Loss: 0.626395
Epoch 170 Test Loss: 1.283441
Epoch 171 Train Loss: 0.624189
Epoch 171 Test Loss: 1.283722
Epoch 172 Train Loss: 0.627080
Epoch 172 Test Loss: 1.283735
Epoch 173 Train Loss: 0.622504
Epoch 173 Test Loss: 1.283397
Epoch 174 Train Loss: 0.617573
Epoch 174 Test Loss: 1.283171
Epoch 175 Train Loss: 0.621881
Epoch 175 Test Loss: 1.283410
Epoch 176 Train Loss: 0.623520
Epoch 176 Test Loss: 1.283367
Epoch 177 Train Loss: 0.627049
Epoch 177 Test Loss: 1.282105
Epoch 178 Train Loss: 0.623113
Epoch 178 Test Loss: 1.283398
Epoch 179 Train Loss: 0.626597
Epoch 179 Test Loss: 1.282867
Epoch 180 Train Loss: 0.618446
Epoch 180 Test Loss: 1.283867
Epoch 181 Train Loss: 0.619633
Epoch 181 Test Loss: 1.283927
Epoch 182 Train Loss: 0.625060
Epoch 182 Test Loss: 1.283489
Epoch 183 Train Loss: 0.616810
Epoch 183 Test Loss: 1.284041
Epoch 184 Train Loss: 0.618969
Epoch 184 Test Loss: 1.285165
Epoch 185 Train Loss: 0.617956
Epoch 185 Test Loss: 1.286036
Epoch 186 Train Loss: 0.620001
Epoch 186 Test Loss: 1.289125
Epoch 187 Train Loss: 0.621624
Epoch 187 Test Loss: 1.288826
Epoch 188 Train Loss: 0.620857
Epoch 188 Test Loss: 1.289208
Epoch 189 Train Loss: 0.629168
Epoch 189 Test Loss: 1.290278
Epoch 190 Train Loss: 0.622038
Epoch 190 Test Loss: 1.290987
Epoch 191 Train Loss: 0.623918
Epoch 191 Test Loss: 1.290580
Epoch 192 Train Loss: 0.618758
Epoch 192 Test Loss: 1.290796
Epoch 193 Train Loss: 0.619200
Epoch 193 Test Loss: 1.290448
Epoch 194 Train Loss: 0.624026
Epoch 194 Test Loss: 1.290915
Epoch 195 Train Loss: 0.620114
Epoch 195 Test Loss: 1.290298
Epoch 196 Train Loss: 0.624640
Epoch 196 Test Loss: 1.290775
Epoch 197 Train Loss: 0.619960
Epoch 197 Test Loss: 1.289896
Epoch 198 Train Loss: 0.620978
Epoch 198 Test Loss: 1.289243
Epoch 199 Train Loss: 0.618533
Epoch 199 Test Loss: 1.289647
